2026-03-24T10:34:32.483Z|0x171ec|[Licensing::Module] Trying to connect to existing licensing client channel...
2026-03-24T10:34:32.483Z|0x12f04|Built from '6000.3/staging' branch; Version is '6000.3.8f1 (1c7db571dde0) revision 1867189'; Using compiler version '194234433'; Build Type 'Release'
2026-03-24T10:34:32.484Z|0x12f04|OS: 'Windows 11  (10.0.26100) CoreSingleLanguage' Language: 'en' Physical Memory: 23983 MB
2026-03-24T10:34:32.484Z|0x171ec|[Licensing::IpcConnector] Successfully connected to: "LicenseClient-Rajat" at "2026-03-24T10:34:32.4842681Z"
2026-03-24T10:34:32.484Z|0x12f04|BatchMode: 1, IsHumanControllingUs: 0, StartBugReporterOnCrash: 0, Is64bit: 1
2026-03-24T10:34:32.484Z|0x12f04|System  architecture: x64
2026-03-24T10:34:32.484Z|0x12f04|Process architecture: x64
2026-03-24T10:34:32.484Z|0x12f04|Date: 2026-03-24T10:34:32Z
2026-03-24T10:34:32.720Z|0x12f04|
COMMAND LINE ARGUMENTS:
2026-03-24T10:34:32.720Z|0x12f04|C:\Program Files\Unity\Hub\Editor\6000.3.8f1\Editor\Unity.exe
2026-03-24T10:34:32.720Z|0x12f04|-adb2
2026-03-24T10:34:32.720Z|0x12f04|-batchMode
2026-03-24T10:34:32.720Z|0x12f04|-noUpm
2026-03-24T10:34:32.720Z|0x12f04|-name
2026-03-24T10:34:32.720Z|0x12f04|AssetImportWorker12
2026-03-24T10:34:32.720Z|0x12f04|-projectPath
2026-03-24T10:34:32.720Z|0x12f04|D:/Work/rigidbody-fps-controller-tutorial
2026-03-24T10:34:32.720Z|0x12f04|-logFile
2026-03-24T10:34:32.720Z|0x12f04|Logs/AssetImportWorker12.log
2026-03-24T10:34:32.720Z|0x12f04|-srvPort
2026-03-24T10:34:32.720Z|0x12f04|57329
2026-03-24T10:34:32.720Z|0x12f04|-licensingIpc
2026-03-24T10:34:32.720Z|0x12f04|LicenseClient-Rajat
2026-03-24T10:34:32.720Z|0x12f04|-job-worker-count
2026-03-24T10:34:32.720Z|0x12f04|7
2026-03-24T10:34:32.720Z|0x12f04|-background-job-worker-count
2026-03-24T10:34:32.720Z|0x12f04|8
2026-03-24T10:34:32.720Z|0x12f04|-gc-helper-count
2026-03-24T10:34:32.720Z|0x12f04|1
2026-03-24T10:34:32.720Z|0x12f04|-name
2026-03-24T10:34:32.720Z|0x12f04|AssetImport
2026-03-24T10:34:32.720Z|0x12f04|Successfully changed project path to: D:/Work/rigidbody-fps-controller-tutorial
2026-03-24T10:34:32.721Z|0x12f04|D:/Work/rigidbody-fps-controller-tutorial
2026-03-24T10:34:32.722Z|0x12f04|[UnityMemory] Configuration Parameters - Can be set up in boot.config
2026-03-24T10:34:32.722Z|0x12f04|    "memorysetup-temp-allocator-size-nav-mesh-worker=65536"
2026-03-24T10:34:32.722Z|0x12f04|    "memorysetup-temp-allocator-size-audio-worker=65536"
2026-03-24T10:34:32.722Z|0x12f04|    "memorysetup-temp-allocator-size-gfx=262144"
2026-03-24T10:34:32.722Z|0x12f04|    "memorysetup-allocator-temp-initial-block-size-main=262144"
2026-03-24T10:34:32.722Z|0x12f04|    "memorysetup-allocator-temp-initial-block-size-worker=262144"
2026-03-24T10:34:32.722Z|0x12f04|    "memorysetup-temp-allocator-size-background-worker=32768"
2026-03-24T10:34:32.722Z|0x12f04|    "memorysetup-temp-allocator-size-job-worker=262144"
2026-03-24T10:34:32.722Z|0x12f04|    "memorysetup-temp-allocator-size-preload-manager=33554432"
2026-03-24T10:34:32.722Z|0x12f04|    "memorysetup-temp-allocator-size-gi-baking-worker=262144"
2026-03-24T10:34:32.722Z|0x12f04|    "memorysetup-temp-allocator-size-gi-baking-worker=262144"
2026-03-24T10:34:32.722Z|0x12f04|    "memorysetup-temp-allocator-size-gi-baking-worker=262144"
2026-03-24T10:34:32.722Z|0x12f04|    "memorysetup-temp-allocator-size-gi-baking-worker=262144"
2026-03-24T10:34:32.722Z|0x12f04|    "memorysetup-temp-allocator-size-gi-baking-worker=262144"
2026-03-24T10:34:32.722Z|0x12f04|    "memorysetup-bucket-allocator-granularity=16"
2026-03-24T10:34:32.722Z|0x12f04|    "memorysetup-bucket-allocator-bucket-count=8"
2026-03-24T10:34:32.722Z|0x12f04|    "memorysetup-bucket-allocator-block-size=33554432"
2026-03-24T10:34:32.722Z|0x12f04|    "memorysetup-bucket-allocator-block-count=8"
2026-03-24T10:34:32.722Z|0x12f04|    "memorysetup-main-allocator-block-size=16777216"
2026-03-24T10:34:32.722Z|0x12f04|    "memorysetup-thread-allocator-block-size=16777216"
2026-03-24T10:34:32.722Z|0x12f04|    "memorysetup-gfx-main-allocator-block-size=16777216"
2026-03-24T10:34:32.722Z|0x12f04|    "memorysetup-gfx-thread-allocator-block-size=16777216"
2026-03-24T10:34:32.722Z|0x12f04|    "memorysetup-cache-allocator-block-size=4194304"
2026-03-24T10:34:32.722Z|0x12f04|    "memorysetup-typetree-allocator-block-size=2097152"
2026-03-24T10:34:32.722Z|0x12f04|    "memorysetup-profiler-bucket-allocator-granularity=16"
2026-03-24T10:34:32.722Z|0x12f04|    "memorysetup-profiler-bucket-allocator-bucket-count=8"
2026-03-24T10:34:32.722Z|0x12f04|    "memorysetup-profiler-bucket-allocator-block-size=33554432"
2026-03-24T10:34:32.722Z|0x12f04|    "memorysetup-profiler-bucket-allocator-block-count=8"
2026-03-24T10:34:32.722Z|0x12f04|    "memorysetup-profiler-allocator-block-size=16777216"
2026-03-24T10:34:32.722Z|0x12f04|    "memorysetup-profiler-editor-allocator-block-size=1048576"
2026-03-24T10:34:32.722Z|0x12f04|    "memorysetup-temp-allocator-size-main=16777216"
2026-03-24T10:34:32.722Z|0x12f04|    "memorysetup-job-temp-allocator-block-size=2097152"
2026-03-24T10:34:32.722Z|0x12f04|    "memorysetup-job-temp-allocator-block-size-background=1048576"
2026-03-24T10:34:32.722Z|0x12f04|    "memorysetup-job-temp-allocator-reduction-small-platforms=262144"
2026-03-24T10:34:32.722Z|0x12f04|    "memorysetup-temp-allocator-size-cloud-worker=32768"
2026-03-24T10:34:32.730Z|0x12f04|Player connection [77572]  Target information:

2026-03-24T10:34:32.731Z|0x12f04|Player connection [77572]  * "[IP] 192.168.3.130 [Port] 0 [Flags] 2 [Guid] 141587197 [EditorId] 141587197 [Version] 1048832 [Id] WindowsEditor(7,Rajat) [Debug] 1 [PackageName] WindowsEditor [ProjectName] Editor" 

2026-03-24T10:34:32.733Z|0x12f04|Player connection [77572] Host joined multi-casting on [225.0.0.222:54997]...
2026-03-24T10:34:32.733Z|0x12f04|Player connection [77572] Host joined alternative multi-casting on [225.0.0.222:34997]...
2026-03-24T10:34:32.734Z|0x12f04|JobSystem: Creating JobQueue using job-worker-count value 7
2026-03-24T10:34:32.739Z|0x12f04|Input System module state changed to: Initialized.
2026-03-24T10:34:32.740Z|0x12f04|[Physics::Module] Initialized fallback backend.
2026-03-24T10:34:32.740Z|0x12f04|[Physics::Module] Id: 0xdecafbad
2026-03-24T10:34:32.786Z|0x12f04|Library Redirect Path: Library/
2026-03-24T10:34:32.822Z|0x12f04|[Physics::Module] Selected backend.
2026-03-24T10:34:32.822Z|0x12f04|[Physics::Module] Name: PhysX
2026-03-24T10:34:32.822Z|0x12f04|[Physics::Module] Id: 0xf2b8ea05
2026-03-24T10:34:32.822Z|0x12f04|[Physics::Module] SDK Version: 4.1.2
2026-03-24T10:34:32.822Z|0x12f04|[Physics::Module] Integration Version: 1.0.0
2026-03-24T10:34:32.822Z|0x12f04|[Physics::Module] Threading Mode: Multi-Threaded
2026-03-24T10:34:32.838Z|0x12f04|Refreshing native plugins compatible for Editor in 7.23 ms, found 3 plugins.
2026-03-24T10:34:32.838Z|0x12f04|Preloading 0 native plugins for Editor in 0.00 ms.
2026-03-24T10:34:32.838Z|0x12f04|Initialize engine version: 6000.3.8f1 (1c7db571dde0)
2026-03-24T10:34:32.838Z|0x12f04|[Subsystems] Discovering subsystems at path C:/Program Files/Unity/Hub/Editor/6000.3.8f1/Editor/Data/Resources/UnitySubsystems
2026-03-24T10:34:32.838Z|0x12f04|[Subsystems] Discovering subsystems at path D:/Work/rigidbody-fps-controller-tutorial/Assets
2026-03-24T10:34:32.839Z|0x12f04|GfxDevice: creating device client; kGfxThreadingModeNonThreaded
2026-03-24T10:34:33.034Z|0x12f04|Direct3D:
2026-03-24T10:34:33.034Z|0x12f04|    Version:  Direct3D 11.0 [level 11.1]
2026-03-24T10:34:33.034Z|0x12f04|    Renderer: NVIDIA GeForce GTX 1650 (ID=0x1f9d)
2026-03-24T10:34:33.034Z|0x12f04|    Vendor:   NVIDIA
2026-03-24T10:34:33.034Z|0x12f04|    VRAM:     3937 MB
2026-03-24T10:34:33.034Z|0x12f04|    Driver:   32.0.15.7700
2026-03-24T10:34:33.164Z|0x12f04|Initialize mono
2026-03-24T10:34:33.164Z|0x12f04|Mono path[0] = 'C:/Program Files/Unity/Hub/Editor/6000.3.8f1/Editor/Data/Managed'
2026-03-24T10:34:33.164Z|0x12f04|Mono path[1] = 'C:/Program Files/Unity/Hub/Editor/6000.3.8f1/Editor/Data/MonoBleedingEdge/lib/mono/unityjit-win32'
2026-03-24T10:34:33.164Z|0x12f04|Mono config path = 'C:/Program Files/Unity/Hub/Editor/6000.3.8f1/Editor/Data/MonoBleedingEdge/etc'
2026-03-24T10:34:33.164Z|0x12f04|Using monoOptions --debugger-agent=transport=dt_socket,embedding=1,server=y,suspend=n,address=127.0.0.1:56656
2026-03-24T10:34:33.221Z|0x12f04|Begin MonoManager ReloadAssembly
2026-03-24T10:34:33.464Z|0x12f04|Registering precompiled unity dll's ...
2026-03-24T10:34:33.465Z|0x12f04|Register platform support module: C:/Program Files/Unity/Hub/Editor/6000.3.8f1/Editor/Data/PlaybackEngines/WebGLSupport/UnityEditor.WebGL.Extensions.dll
2026-03-24T10:34:33.465Z|0x12f04|Register platform support module: C:/Program Files/Unity/Hub/Editor/6000.3.8f1/Editor/Data/PlaybackEngines/WindowsStandaloneSupport/UnityEditor.WindowsStandalone.Extensions.dll
2026-03-24T10:34:33.466Z|0x12f04|[Licensing::Module] Licensing is not yet initialized.
2026-03-24T10:34:33.541Z|0x171ec|[Licensing::Client] Handshaking with LicensingClient:
  Version:                 1.17.4+4293ba1
  Session Id:              24b820e8c3f145e7912340fcf8d9080c
  Correlation Id:          5b8ead10a56030e887729f7244401493
  External correlation Id: 6352844213311812252
  Machine Id:              bZLnVjDChyW3KAMtcXptXTvD4Rw=
2026-03-24T10:34:33.541Z|0x171ec|[Licensing::Module] Successfully connected to LicensingClient on channel: "LicenseClient-Rajat" (connect: 0.00s, validation: 0.00s, handshake: 1.06s)
2026-03-24T10:34:33.541Z|0x171ec|[Licensing::IpcConnector] Successfully connected to: "LicenseClient-Rajat-notifications" at "2026-03-24T10:34:33.5414155Z"
2026-03-24T10:34:33.541Z|0x171ec|[Licensing::Module] Licensing Background thread has ended after 1.06s
2026-03-24T10:34:33.541Z|0x12f04|[Licensing::Module] Licensing is initialized (took 0.08s).
2026-03-24T10:34:33.544Z|0x12f04|[Licensing::Client] Successfully resolved entitlement details
2026-03-24T10:34:33.544Z|0x12f04|[Licensing::Module] License group:
  Id: 13469681201219-rendered-ideas-softgame-pvt-ltd-UnitXXXX
  Product: Unity Pro
  Type: Assigned
  Expiration: 2026-04-07T00:00:00Z
2026-03-24T10:34:33.544Z|0x12f04|Register platform support module: C:/Program Files/Unity/Hub/Editor/6000.3.8f1/Editor/Data/PlaybackEngines/AndroidPlayer/UnityEditor.Android.Extensions.dll
2026-03-24T10:34:33.545Z|0x12f04|Registered in 0.081058 seconds.
2026-03-24T10:34:33.808Z|0x12f04|- Loaded All Assemblies, in  0.587 seconds
2026-03-24T10:34:33.917Z|0x12f04|Native extension for Android target not found
2026-03-24T10:34:34.253Z|0x12f04|Android Extension - Scanning For ADB Devices 291 ms
Native extension for WindowsStandalone target not found
2026-03-24T10:34:34.255Z|0x12f04|Native extension for WebGL target not found
2026-03-24T10:34:34.661Z|0x12f04|ScheduleIndexationOnStartup MainProcess:False IndexOnStartup:True
Mono: successfully reloaded assembly
2026-03-24T10:34:34.709Z|0x12f04|- Finished resetting the current domain, in  0.901 seconds
2026-03-24T10:34:34.710Z|0x12f04|Domain Reload Profiling: 1486ms
	BeginReloadAssembly (163ms)
		ExecutionOrderSort (0ms)
		DisableScriptedObjects (0ms)
		BackupInstance (0ms)
		ReleaseScriptingObjects (0ms)
		CreateAndSetChildDomain (1ms)
	RebuildCommonClasses (44ms)
	RebuildNativeTypeToScriptingClass (15ms)
	initialDomainReloadingComplete (133ms)
	LoadAllAssembliesAndSetupDomain (229ms)
		LoadAssemblies (161ms)
		RebuildTransferFunctionScriptingTraits (0ms)
		AnalyzeDomain (224ms)
			TypeCache.Refresh (223ms)
				TypeCache.ScanAssembly (207ms)
			BuildScriptInfoCaches (0ms)
			ResolveRequiredComponents (1ms)
	FinalizeReload (902ms)
		ReleaseScriptCaches (0ms)
		RebuildScriptCaches (0ms)
		SetupLoadedEditorAssemblies (844ms)
			LogAssemblyErrors (0ms)
			InitializePlatformSupportModulesInManaged (411ms)
			SetLoadedEditorAssemblies (5ms)
			BeforeProcessingInitializeOnLoad (130ms)
			ProcessInitializeOnLoadAttributes (197ms)
			ProcessInitializeOnLoadMethodAttributes (101ms)
			AfterProcessingInitializeOnLoad (0ms)
			EditorAssembliesLoaded (0ms)
		ExecutionOrderSort2 (0ms)
		AwakeInstancesAfterBackupRestoration (0ms)
2026-03-24T10:34:34.851Z|0x12f04|Assembly reference Packages/com.unity.cinemachine/Editor/Samples/ExposeHDRPInternals/HDRP-Editor-ref.asmref has no target assembly definition
========================================================================
2026-03-24T10:34:34.938Z|0x12f04|Worker process is ready to serve import requests
2026-03-24T10:34:34.941Z|0x12f04|Import Worker Mode flag is 0x00
2026-03-24T10:34:35.010Z|0x12f04|Assembly reference Packages/com.unity.cinemachine/Editor/Samples/ExposeHDRPInternals/HDRP-Editor-ref.asmref has no target assembly definition
Assembly reference Packages/com.unity.cinemachine/Editor/Samples/ExposeHDRPInternals/HDRP-Editor-ref.asmref has no target assembly definition
Begin MonoManager ReloadAssembly
2026-03-24T10:34:35.202Z|0x12f04|[Licensing::Client] Successfully resolved entitlement details
2026-03-24T10:34:36.200Z|0x12f04|- Loaded All Assemblies, in  1.001 seconds
2026-03-24T10:34:36.367Z|0x12f04|Assembly reference Packages/com.unity.cinemachine/Editor/Samples/ExposeHDRPInternals/HDRP-Editor-ref.asmref has no target assembly definition
'Packages/com.unity.cinemachine/Editor/Obsolete/CinemachineVirtualCameraBaseEditor.cs' contains partial class of Unity.Object, exactly 1 of the partial classes needs to be in a file with the same filename. This is to know the one that can be referenced from ie. GameObjects
2026-03-24T10:34:36.494Z|0x12f04|'Packages/com.unity.cinemachine/Editor/Editors/CinemachineVirtualCameraBaseEditor.cs' contains partial class of Unity.Object, exactly 1 of the partial classes needs to be in a file with the same filename. This is to know the one that can be referenced from ie. GameObjects
2026-03-24T10:34:36.527Z|0x12f04|Refreshing native plugins compatible for Editor in 0.94 ms, found 3 plugins.
2026-03-24T10:34:36.751Z|0x12f04|Native extension for Android target not found
2026-03-24T10:34:36.760Z|0x12f04|Native extension for WindowsStandalone target not found
2026-03-24T10:34:36.760Z|0x12f04|Native extension for WebGL target not found
2026-03-24T10:34:36.941Z|0x12f04|Assembly reference Packages/com.unity.cinemachine/Editor/Samples/ExposeHDRPInternals/HDRP-Editor-ref.asmref has no target assembly definition
[MODES] ModeService[none].Initialize
[MODES] ModeService[none].LoadModes
[MODES] Loading mode Default (0) for mode-current-id-tutorial
Package Manager log level set to [2]
2026-03-24T10:34:37.340Z|0x12f04|[Package Manager] Failed to launch server process. Reason: Unity was launched with the -noUpm command-line argument
2026-03-24T10:34:37.340Z|0x12f04|[Package Manager] Unable to send message (not connected to server process).
2026-03-24T10:34:37.340Z|0x12f04|[Package Manager] Cannot connect to Unity Package Manager local server
2026-03-24T10:34:37.355Z|0x12f04|[Package Manager] Failed to launch server process. Reason: Unity was launched with the -noUpm command-line argument
2026-03-24T10:34:37.355Z|0x12f04|[Package Manager] Unable to send message (not connected to server process).
2026-03-24T10:34:37.355Z|0x12f04|[Package Manager] Cannot connect to Unity Package Manager local server
2026-03-24T10:34:37.652Z|0x12f04|ScheduleIndexationOnStartup MainProcess:False IndexOnStartup:True
Mono: successfully reloaded assembly
2026-03-24T10:34:37.709Z|0x12f04|- Finished resetting the current domain, in  1.180 seconds
2026-03-24T10:34:37.709Z|0x12f04|Domain Reload Profiling: 2178ms
	BeginReloadAssembly (246ms)
		ExecutionOrderSort (0ms)
		DisableScriptedObjects (10ms)
		BackupInstance (0ms)
		ReleaseScriptingObjects (0ms)
		CreateAndSetChildDomain (49ms)
	RebuildCommonClasses (52ms)
	RebuildNativeTypeToScriptingClass (16ms)
	initialDomainReloadingComplete (48ms)
	LoadAllAssembliesAndSetupDomain (635ms)
		LoadAssemblies (450ms)
		RebuildTransferFunctionScriptingTraits (0ms)
		AnalyzeDomain (319ms)
			TypeCache.Refresh (234ms)
				TypeCache.ScanAssembly (212ms)
			BuildScriptInfoCaches (66ms)
			ResolveRequiredComponents (12ms)
	FinalizeReload (1180ms)
		ReleaseScriptCaches (0ms)
		RebuildScriptCaches (0ms)
		SetupLoadedEditorAssemblies (926ms)
			LogAssemblyErrors (0ms)
			InitializePlatformSupportModulesInManaged (12ms)
			SetLoadedEditorAssemblies (7ms)
			BeforeProcessingInitializeOnLoad (249ms)
			ProcessInitializeOnLoadAttributes (568ms)
			ProcessInitializeOnLoadMethodAttributes (84ms)
			AfterProcessingInitializeOnLoad (5ms)
			EditorAssembliesLoaded (0ms)
		ExecutionOrderSort2 (0ms)
		AwakeInstancesAfterBackupRestoration (6ms)
2026-03-24T10:34:37.875Z|0x12f04|Launched and connected shader compiler UnityShaderCompiler.exe after 0.01 seconds
2026-03-24T10:34:38.256Z|0x12f04|Refreshing native plugins compatible for Editor in 2.45 ms, found 3 plugins.
2026-03-24T10:34:38.256Z|0x12f04|Preloading 0 native plugins for Editor in 0.00 ms.
2026-03-24T10:34:38.259Z|0xb704|Unloading 17 Unused Serialized files (Serialized files now loaded: 0)
2026-03-24T10:34:38.277Z|0x12f04|Unloading 5046 unused Assets / (3.6 MB). Loaded Objects now: 5853.
Memory consumption went from 134.7 MB to 131.1 MB.
2026-03-24T10:34:38.277Z|0x12f04|Total: 17.968600 ms (FindLiveObjects: 1.367900 ms CreateObjectMapping: 1.241200 ms MarkObjects: 11.706800 ms  DeleteObjects: 3.649800 ms)

2026-03-24T10:37:41.129Z|0x12f04|========================================================================
Received Import Request.
  Time since last request: 2411064.173405 seconds.
  path: Assets/Scenes/MainMovement.unity
  artifactKey: Guid(9fc0d4010bbf28b4594072e72b8655ab) Importer(2089858483,b0f066a214c2f5e87bad3c948f4d605d)
2026-03-24T10:37:41.140Z|0x12f04|Start importing Assets/Scenes/MainMovement.unity using Guid(9fc0d4010bbf28b4594072e72b8655ab) Importer(2089858483,b0f066a214c2f5e87bad3c948f4d605d) (ScriptedImporter) -> (artifact id: '88c11526de9d28ff78e9cfa281680192') in 0.0918763 seconds
2026-03-24T10:37:41.256Z|0x12f04|Number of updated asset objects reloaded before import = 0Number of asset objects unloaded after import = 1

2026-03-24T10:48:56.953Z|0x12f04|========================================================================
Received Import Request.
  Time since last request: 675.689760 seconds.
  path: Assets/chars/Eyes.mat
  artifactKey: Guid(d9c45e30bda08154cb3b6e697ff2d680) Importer(2089858483,b0f066a214c2f5e87bad3c948f4d605d)
2026-03-24T10:48:56.963Z|0x12f04|Start importing Assets/chars/Eyes.mat using Guid(d9c45e30bda08154cb3b6e697ff2d680) Importer(2089858483,b0f066a214c2f5e87bad3c948f4d605d) (ScriptedImporter) -> (artifact id: 'a6aba28347004cc439d0c9251a459fbd') in 0.0665136 seconds
2026-03-24T10:48:57.051Z|0x12f04|Number of updated asset objects reloaded before import = 0Number of asset objects unloaded after import = 1

2026-03-24T10:56:25.665Z|0x12f04|========================================================================
Received Import Request.
  Time since last request: 448.609812 seconds.
  path: Assets/chars/Eyes.mat
  artifactKey: Guid(d9c45e30bda08154cb3b6e697ff2d680) Importer(2089858483,b0f066a214c2f5e87bad3c948f4d605d)
2026-03-24T10:56:25.679Z|0x12f04|Start importing Assets/chars/Eyes.mat using Guid(d9c45e30bda08154cb3b6e697ff2d680) Importer(2089858483,b0f066a214c2f5e87bad3c948f4d605d) (ScriptedImporter) -> (artifact id: 'e373b2d6b947d6d39140c16f7a56b15b') in 0.0193961 seconds
2026-03-24T10:56:25.730Z|0x12f04|Number of updated asset objects reloaded before import = 1Number of asset objects unloaded after import = 1

2026-03-24T10:56:25.730Z|0x12f04|========================================================================
Received Import Request.
  Time since last request: 0.000024 seconds.
  path: Assets/Scenes/MainMovement/Global Volume Profile.asset
  artifactKey: Guid(a5fed9e06a046cc48826e4775a9394db) Importer(2089858483,b0f066a214c2f5e87bad3c948f4d605d)
2026-03-24T10:56:25.740Z|0x12f04|Start importing Assets/Scenes/MainMovement/Global Volume Profile.asset using Guid(a5fed9e06a046cc48826e4775a9394db) Importer(2089858483,b0f066a214c2f5e87bad3c948f4d605d) (ScriptedImporter) -> (artifact id: 'aafff0552531ab61f773b5f1b74445b3') in 0.0210125 seconds
2026-03-24T10:56:25.796Z|0x12f04|Number of updated asset objects reloaded before import = 0Number of asset objects unloaded after import = 2

2026-03-24T10:56:25.796Z|0x12f04|========================================================================
Received Import Request.
  Time since last request: 0.000029 seconds.
  path: Assets/chars/WorldWar_zombie_material.mat
  artifactKey: Guid(8e3a8c7b289a34a4cb9aed041c2a6131) Importer(2089858483,b0f066a214c2f5e87bad3c948f4d605d)
2026-03-24T10:56:25.807Z|0x12f04|Start importing Assets/chars/WorldWar_zombie_material.mat using Guid(8e3a8c7b289a34a4cb9aed041c2a6131) Importer(2089858483,b0f066a214c2f5e87bad3c948f4d605d) (ScriptedImporter) -> (artifact id: '39ba1977b3f739ad42b86225f6d65a72') in 0.0382615 seconds
2026-03-24T10:56:25.875Z|0x12f04|Number of updated asset objects reloaded before import = 0Number of asset objects unloaded after import = 4

2026-03-24T10:57:25.859Z|0x412c|Editor requested this worker to shutdown with reason: Scaling down because of idle timeout
2026-03-24T10:57:26.041Z|0x12f04|AssetImportWorker is now disconnected from the server
2026-03-24T10:57:26.041Z|0x12f04|Process exiting
2026-03-24T10:57:26.041Z|0x12f04|Exiting without the bug reporter. Application will terminate with return code 0