2026-03-24T05:26:20.489Z|0xf674|[Licensing::Module] Trying to connect to existing licensing client channel...
2026-03-24T05:26:20.489Z|0x1a89c|Built from '6000.3/staging' branch; Version is '6000.3.8f1 (1c7db571dde0) revision 1867189'; Using compiler version '194234433'; Build Type 'Release'
2026-03-24T05:26:20.489Z|0xf674|[Licensing::IpcConnector] Successfully connected to: "LicenseClient-Rajat" at "2026-03-24T05:26:20.4898494Z"
2026-03-24T05:26:20.489Z|0x1a89c|OS: 'Windows 11  (10.0.26100) CoreSingleLanguage' Language: 'en' Physical Memory: 23983 MB
2026-03-24T05:26:20.490Z|0x1a89c|BatchMode: 1, IsHumanControllingUs: 0, StartBugReporterOnCrash: 0, Is64bit: 1
2026-03-24T05:26:20.490Z|0x1a89c|System  architecture: x64
2026-03-24T05:26:20.490Z|0x1a89c|Process architecture: x64
2026-03-24T05:26:20.490Z|0x1a89c|Date: 2026-03-24T05:26:20Z
2026-03-24T05:26:20.619Z|0x1a89c|
COMMAND LINE ARGUMENTS:
2026-03-24T05:26:20.619Z|0x1a89c|C:\Program Files\Unity\Hub\Editor\6000.3.8f1\Editor\Unity.exe
2026-03-24T05:26:20.619Z|0x1a89c|-adb2
2026-03-24T05:26:20.619Z|0x1a89c|-batchMode
2026-03-24T05:26:20.619Z|0x1a89c|-noUpm
2026-03-24T05:26:20.619Z|0x1a89c|-name
2026-03-24T05:26:20.619Z|0x1a89c|AssetImportWorker1
2026-03-24T05:26:20.619Z|0x1a89c|-projectPath
2026-03-24T05:26:20.619Z|0x1a89c|D:/Work/rigidbody-fps-controller-tutorial
2026-03-24T05:26:20.619Z|0x1a89c|-logFile
2026-03-24T05:26:20.619Z|0x1a89c|Logs/AssetImportWorker1.log
2026-03-24T05:26:20.619Z|0x1a89c|-srvPort
2026-03-24T05:26:20.619Z|0x1a89c|57329
2026-03-24T05:26:20.619Z|0x1a89c|-licensingIpc
2026-03-24T05:26:20.619Z|0x1a89c|LicenseClient-Rajat
2026-03-24T05:26:20.619Z|0x1a89c|-job-worker-count
2026-03-24T05:26:20.619Z|0x1a89c|7
2026-03-24T05:26:20.619Z|0x1a89c|-background-job-worker-count
2026-03-24T05:26:20.619Z|0x1a89c|8
2026-03-24T05:26:20.619Z|0x1a89c|-gc-helper-count
2026-03-24T05:26:20.619Z|0x1a89c|1
2026-03-24T05:26:20.619Z|0x1a89c|-name
2026-03-24T05:26:20.619Z|0x1a89c|AssetImport
2026-03-24T05:26:20.619Z|0x1a89c|Successfully changed project path to: D:/Work/rigidbody-fps-controller-tutorial
2026-03-24T05:26:20.620Z|0x1a89c|D:/Work/rigidbody-fps-controller-tutorial
2026-03-24T05:26:20.621Z|0x1a89c|[UnityMemory] Configuration Parameters - Can be set up in boot.config
2026-03-24T05:26:20.621Z|0x1a89c|    "memorysetup-temp-allocator-size-nav-mesh-worker=65536"
2026-03-24T05:26:20.621Z|0x1a89c|    "memorysetup-temp-allocator-size-audio-worker=65536"
2026-03-24T05:26:20.621Z|0x1a89c|    "memorysetup-temp-allocator-size-gfx=262144"
2026-03-24T05:26:20.621Z|0x1a89c|    "memorysetup-allocator-temp-initial-block-size-main=262144"
2026-03-24T05:26:20.621Z|0x1a89c|    "memorysetup-allocator-temp-initial-block-size-worker=262144"
2026-03-24T05:26:20.621Z|0x1a89c|    "memorysetup-temp-allocator-size-background-worker=32768"
2026-03-24T05:26:20.621Z|0x1a89c|    "memorysetup-temp-allocator-size-job-worker=262144"
2026-03-24T05:26:20.621Z|0x1a89c|    "memorysetup-temp-allocator-size-preload-manager=33554432"
2026-03-24T05:26:20.621Z|0x1a89c|    "memorysetup-temp-allocator-size-gi-baking-worker=262144"
2026-03-24T05:26:20.621Z|0x1a89c|    "memorysetup-temp-allocator-size-gi-baking-worker=262144"
2026-03-24T05:26:20.621Z|0x1a89c|    "memorysetup-temp-allocator-size-gi-baking-worker=262144"
2026-03-24T05:26:20.621Z|0x1a89c|    "memorysetup-temp-allocator-size-gi-baking-worker=262144"
2026-03-24T05:26:20.621Z|0x1a89c|    "memorysetup-temp-allocator-size-gi-baking-worker=262144"
2026-03-24T05:26:20.621Z|0x1a89c|    "memorysetup-bucket-allocator-granularity=16"
2026-03-24T05:26:20.621Z|0x1a89c|    "memorysetup-bucket-allocator-bucket-count=8"
2026-03-24T05:26:20.621Z|0x1a89c|    "memorysetup-bucket-allocator-block-size=33554432"
2026-03-24T05:26:20.621Z|0x1a89c|    "memorysetup-bucket-allocator-block-count=8"
2026-03-24T05:26:20.622Z|0x1a89c|    "memorysetup-main-allocator-block-size=16777216"
2026-03-24T05:26:20.622Z|0x1a89c|    "memorysetup-thread-allocator-block-size=16777216"
2026-03-24T05:26:20.622Z|0x1a89c|    "memorysetup-gfx-main-allocator-block-size=16777216"
2026-03-24T05:26:20.622Z|0x1a89c|    "memorysetup-gfx-thread-allocator-block-size=16777216"
2026-03-24T05:26:20.622Z|0x1a89c|    "memorysetup-cache-allocator-block-size=4194304"
2026-03-24T05:26:20.622Z|0x1a89c|    "memorysetup-typetree-allocator-block-size=2097152"
2026-03-24T05:26:20.622Z|0x1a89c|    "memorysetup-profiler-bucket-allocator-granularity=16"
2026-03-24T05:26:20.622Z|0x1a89c|    "memorysetup-profiler-bucket-allocator-bucket-count=8"
2026-03-24T05:26:20.622Z|0x1a89c|    "memorysetup-profiler-bucket-allocator-block-size=33554432"
2026-03-24T05:26:20.622Z|0x1a89c|    "memorysetup-profiler-bucket-allocator-block-count=8"
2026-03-24T05:26:20.622Z|0x1a89c|    "memorysetup-profiler-allocator-block-size=16777216"
2026-03-24T05:26:20.622Z|0x1a89c|    "memorysetup-profiler-editor-allocator-block-size=1048576"
2026-03-24T05:26:20.622Z|0x1a89c|    "memorysetup-temp-allocator-size-main=16777216"
2026-03-24T05:26:20.622Z|0x1a89c|    "memorysetup-job-temp-allocator-block-size=2097152"
2026-03-24T05:26:20.622Z|0x1a89c|    "memorysetup-job-temp-allocator-block-size-background=1048576"
2026-03-24T05:26:20.622Z|0x1a89c|    "memorysetup-job-temp-allocator-reduction-small-platforms=262144"
2026-03-24T05:26:20.622Z|0x1a89c|    "memorysetup-temp-allocator-size-cloud-worker=32768"
2026-03-24T05:26:20.633Z|0x1a89c|Player connection [108700]  Target information:

2026-03-24T05:26:20.634Z|0x1a89c|Player connection [108700]  * "[IP] 192.168.0.124 [Port] 0 [Flags] 2 [Guid] 1039068235 [EditorId] 1039068235 [Version] 1048832 [Id] WindowsEditor(7,Rajat) [Debug] 1 [PackageName] WindowsEditor [ProjectName] Editor" 

2026-03-24T05:26:20.634Z|0x1a89c|Player connection [108700]  * "[IP] 192.168.3.121 [Port] 0 [Flags] 2 [Guid] 1039068235 [EditorId] 1039068235 [Version] 1048832 [Id] WindowsEditor(7,Rajat) [Debug] 1 [PackageName] WindowsEditor [ProjectName] Editor" 

2026-03-24T05:26:20.636Z|0x1a89c|Player connection [108700] Host joined multi-casting on [225.0.0.222:54997]...
2026-03-24T05:26:20.637Z|0x1a89c|Player connection [108700] Host joined alternative multi-casting on [225.0.0.222:34997]...
2026-03-24T05:26:20.637Z|0x1a89c|JobSystem: Creating JobQueue using job-worker-count value 7
2026-03-24T05:26:20.643Z|0x1a89c|Input System module state changed to: Initialized.
2026-03-24T05:26:20.645Z|0x1a89c|[Physics::Module] Initialized fallback backend.
2026-03-24T05:26:20.645Z|0x1a89c|[Physics::Module] Id: 0xdecafbad
2026-03-24T05:26:20.704Z|0x1a89c|Library Redirect Path: Library/
2026-03-24T05:26:20.748Z|0x1a89c|[Physics::Module] Selected backend.
2026-03-24T05:26:20.749Z|0x1a89c|[Physics::Module] Name: PhysX
2026-03-24T05:26:20.749Z|0x1a89c|[Physics::Module] Id: 0xf2b8ea05
2026-03-24T05:26:20.749Z|0x1a89c|[Physics::Module] SDK Version: 4.1.2
2026-03-24T05:26:20.749Z|0x1a89c|[Physics::Module] Integration Version: 1.0.0
2026-03-24T05:26:20.749Z|0x1a89c|[Physics::Module] Threading Mode: Multi-Threaded
2026-03-24T05:26:20.759Z|0x1a89c|Refreshing native plugins compatible for Editor in 0.88 ms, found 2 plugins.
2026-03-24T05:26:20.760Z|0x1a89c|Preloading 0 native plugins for Editor in 0.00 ms.
2026-03-24T05:26:20.760Z|0x1a89c|Initialize engine version: 6000.3.8f1 (1c7db571dde0)
2026-03-24T05:26:20.760Z|0x1a89c|[Subsystems] Discovering subsystems at path C:/Program Files/Unity/Hub/Editor/6000.3.8f1/Editor/Data/Resources/UnitySubsystems
2026-03-24T05:26:20.760Z|0x1a89c|[Subsystems] Discovering subsystems at path D:/Work/rigidbody-fps-controller-tutorial/Assets
2026-03-24T05:26:20.761Z|0x1a89c|GfxDevice: creating device client; kGfxThreadingModeNonThreaded
2026-03-24T05:26:21.044Z|0x1a89c|Direct3D:
2026-03-24T05:26:21.044Z|0x1a89c|    Version:  Direct3D 11.0 [level 11.1]
2026-03-24T05:26:21.044Z|0x1a89c|    Renderer: NVIDIA GeForce GTX 1650 (ID=0x1f9d)
2026-03-24T05:26:21.044Z|0x1a89c|    Vendor:   NVIDIA
2026-03-24T05:26:21.044Z|0x1a89c|    VRAM:     3937 MB
2026-03-24T05:26:21.044Z|0x1a89c|    Driver:   32.0.15.7700
2026-03-24T05:26:21.205Z|0x1a89c|Initialize mono
2026-03-24T05:26:21.205Z|0x1a89c|Mono path[0] = 'C:/Program Files/Unity/Hub/Editor/6000.3.8f1/Editor/Data/Managed'
2026-03-24T05:26:21.205Z|0x1a89c|Mono path[1] = 'C:/Program Files/Unity/Hub/Editor/6000.3.8f1/Editor/Data/MonoBleedingEdge/lib/mono/unityjit-win32'
2026-03-24T05:26:21.205Z|0x1a89c|Mono config path = 'C:/Program Files/Unity/Hub/Editor/6000.3.8f1/Editor/Data/MonoBleedingEdge/etc'
2026-03-24T05:26:21.205Z|0x1a89c|Using monoOptions --debugger-agent=transport=dt_socket,embedding=1,server=y,suspend=n,address=127.0.0.1:56812
2026-03-24T05:26:21.298Z|0x1a89c|Begin MonoManager ReloadAssembly
2026-03-24T05:26:21.722Z|0x1a89c|Registering precompiled unity dll's ...
2026-03-24T05:26:21.723Z|0x1a89c|Register platform support module: C:/Program Files/Unity/Hub/Editor/6000.3.8f1/Editor/Data/PlaybackEngines/WebGLSupport/UnityEditor.WebGL.Extensions.dll
2026-03-24T05:26:21.724Z|0x1a89c|Register platform support module: C:/Program Files/Unity/Hub/Editor/6000.3.8f1/Editor/Data/PlaybackEngines/WindowsStandaloneSupport/UnityEditor.WindowsStandalone.Extensions.dll
2026-03-24T05:26:21.725Z|0x1a89c|[Licensing::Module] Licensing is not yet initialized.
2026-03-24T05:26:21.900Z|0xf674|[Licensing::Client] Handshaking with LicensingClient:
  Version:                 1.17.4+4293ba1
  Session Id:              3cd9dcd5665c4ea29d59d44d7afcd805
  Correlation Id:          5b8ead10a56030e887729f7244401493
  External correlation Id: 8177488070868809058
  Machine Id:              bZLnVjDChyW3KAMtcXptXTvD4Rw=
2026-03-24T05:26:21.900Z|0xf674|[Licensing::Module] Successfully connected to LicensingClient on channel: "LicenseClient-Rajat" (connect: 0.00s, validation: 0.00s, handshake: 1.41s)
2026-03-24T05:26:21.900Z|0xf674|[Licensing::IpcConnector] Successfully connected to: "LicenseClient-Rajat-notifications" at "2026-03-24T05:26:21.9008793Z"
2026-03-24T05:26:21.900Z|0xf674|[Licensing::Module] Licensing Background thread has ended after 1.41s
2026-03-24T05:26:21.900Z|0x1a89c|[Licensing::Module] Licensing is initialized (took 0.18s).
2026-03-24T05:26:21.903Z|0x1a89c|[Licensing::Client] Successfully resolved entitlement details
2026-03-24T05:26:21.903Z|0x1a89c|[Licensing::Module] License group:
  Id: 13469681201219-rendered-ideas-softgame-pvt-ltd-UnitXXXX
  Product: Unity Pro
  Type: Assigned
  Expiration: 2026-04-07T00:00:00Z
2026-03-24T05:26:21.903Z|0x1a89c|Register platform support module: C:/Program Files/Unity/Hub/Editor/6000.3.8f1/Editor/Data/PlaybackEngines/AndroidPlayer/UnityEditor.Android.Extensions.dll
2026-03-24T05:26:21.904Z|0x1a89c|Registered in 0.181873 seconds.
2026-03-24T05:26:22.252Z|0x1a89c|- Loaded All Assemblies, in  0.955 seconds
2026-03-24T05:26:22.384Z|0x1a89c|Native extension for Android target not found
2026-03-24T05:26:22.835Z|0x1a89c|Android Extension - Scanning For ADB Devices 396 ms
Native extension for WindowsStandalone target not found
2026-03-24T05:26:22.837Z|0x1a89c|Native extension for WebGL target not found
2026-03-24T05:26:23.406Z|0x1a89c|ScheduleIndexationOnStartup MainProcess:False IndexOnStartup:True
Mono: successfully reloaded assembly
2026-03-24T05:26:23.483Z|0x1a89c|- Finished resetting the current domain, in  1.230 seconds
2026-03-24T05:26:23.484Z|0x1a89c|Domain Reload Profiling: 2182ms
	BeginReloadAssembly (266ms)
		ExecutionOrderSort (0ms)
		DisableScriptedObjects (0ms)
		BackupInstance (0ms)
		ReleaseScriptingObjects (0ms)
		CreateAndSetChildDomain (2ms)
	RebuildCommonClasses (101ms)
	RebuildNativeTypeToScriptingClass (23ms)
	initialDomainReloadingComplete (261ms)
	LoadAllAssembliesAndSetupDomain (300ms)
		LoadAssemblies (264ms)
		RebuildTransferFunctionScriptingTraits (0ms)
		AnalyzeDomain (290ms)
			TypeCache.Refresh (286ms)
				TypeCache.ScanAssembly (262ms)
			BuildScriptInfoCaches (0ms)
			ResolveRequiredComponents (1ms)
	FinalizeReload (1231ms)
		ReleaseScriptCaches (0ms)
		RebuildScriptCaches (0ms)
		SetupLoadedEditorAssemblies (1154ms)
			LogAssemblyErrors (0ms)
			InitializePlatformSupportModulesInManaged (543ms)
			SetLoadedEditorAssemblies (8ms)
			BeforeProcessingInitializeOnLoad (178ms)
			ProcessInitializeOnLoadAttributes (282ms)
			ProcessInitializeOnLoadMethodAttributes (143ms)
			AfterProcessingInitializeOnLoad (0ms)
			EditorAssembliesLoaded (0ms)
		ExecutionOrderSort2 (0ms)
		AwakeInstancesAfterBackupRestoration (0ms)
2026-03-24T05:26:23.736Z|0x1a89c|========================================================================
2026-03-24T05:26:23.736Z|0x1a89c|Worker process is ready to serve import requests
2026-03-24T05:26:23.740Z|0x1a89c|Import Worker Mode flag is 0x00
2026-03-24T05:26:23.958Z|0x1a89c|Begin MonoManager ReloadAssembly
2026-03-24T05:26:23.961Z|0x1a89c|[Licensing::Client] Successfully resolved entitlement details
2026-03-24T05:26:24.986Z|0x1a89c|- Loaded All Assemblies, in  1.028 seconds
2026-03-24T05:26:25.294Z|0x1a89c|Refreshing native plugins compatible for Editor in 0.68 ms, found 2 plugins.
2026-03-24T05:26:25.525Z|0x1a89c|Native extension for Android target not found
2026-03-24T05:26:25.533Z|0x1a89c|Native extension for WindowsStandalone target not found
2026-03-24T05:26:25.533Z|0x1a89c|Native extension for WebGL target not found
2026-03-24T05:26:26.300Z|0x1a89c|Package Manager log level set to [2]
2026-03-24T05:26:26.300Z|0x1a89c|[Package Manager] Failed to launch server process. Reason: Unity was launched with the -noUpm command-line argument
2026-03-24T05:26:26.300Z|0x1a89c|[Package Manager] Unable to send message (not connected to server process).
2026-03-24T05:26:26.300Z|0x1a89c|[Package Manager] Cannot connect to Unity Package Manager local server
2026-03-24T05:26:26.385Z|0x1a89c|ScheduleIndexationOnStartup MainProcess:False IndexOnStartup:True
Mono: successfully reloaded assembly
2026-03-24T05:26:26.459Z|0x1a89c|- Finished resetting the current domain, in  1.164 seconds
2026-03-24T05:26:26.459Z|0x1a89c|Domain Reload Profiling: 2189ms
	BeginReloadAssembly (296ms)
		ExecutionOrderSort (0ms)
		DisableScriptedObjects (9ms)
		BackupInstance (0ms)
		ReleaseScriptingObjects (0ms)
		CreateAndSetChildDomain (71ms)
	RebuildCommonClasses (60ms)
	RebuildNativeTypeToScriptingClass (18ms)
	initialDomainReloadingComplete (50ms)
	LoadAllAssembliesAndSetupDomain (601ms)
		LoadAssemblies (482ms)
		RebuildTransferFunctionScriptingTraits (0ms)
		AnalyzeDomain (266ms)
			TypeCache.Refresh (191ms)
				TypeCache.ScanAssembly (170ms)
			BuildScriptInfoCaches (58ms)
			ResolveRequiredComponents (11ms)
	FinalizeReload (1165ms)
		ReleaseScriptCaches (0ms)
		RebuildScriptCaches (0ms)
		SetupLoadedEditorAssemblies (893ms)
			LogAssemblyErrors (0ms)
			InitializePlatformSupportModulesInManaged (14ms)
			SetLoadedEditorAssemblies (9ms)
			BeforeProcessingInitializeOnLoad (277ms)
			ProcessInitializeOnLoadAttributes (491ms)
			ProcessInitializeOnLoadMethodAttributes (94ms)
			AfterProcessingInitializeOnLoad (8ms)
			EditorAssembliesLoaded (0ms)
		ExecutionOrderSort2 (0ms)
		AwakeInstancesAfterBackupRestoration (8ms)
2026-03-24T05:26:26.624Z|0x1a89c|Launched and connected shader compiler UnityShaderCompiler.exe after 0.01 seconds
2026-03-24T05:26:27.117Z|0x1a89c|Refreshing native plugins compatible for Editor in 0.81 ms, found 2 plugins.
2026-03-24T05:26:27.117Z|0x1a89c|Preloading 0 native plugins for Editor in 0.00 ms.
2026-03-24T05:26:27.126Z|0x1b678|Unloading 16 Unused Serialized files (Serialized files now loaded: 0)
2026-03-24T05:26:27.154Z|0x1a89c|Unloading 4193 unused Assets / (4.3 MB). Loaded Objects now: 4995.
Memory consumption went from 126.2 MB to 121.9 MB.
2026-03-24T05:26:27.154Z|0x1a89c|Total: 28.180600 ms (FindLiveObjects: 1.649400 ms CreateObjectMapping: 1.295800 ms MarkObjects: 19.793400 ms  DeleteObjects: 5.437600 ms)

2026-03-24T05:26:27.156Z|0x1a89c|========================================================================
Received Import Request.
  Time since last request: 2392389.285913 seconds.
  path: Assets/Scripts/Scriptable Objects/GunData.cs
  artifactKey: Guid(285365424ea46d6449599e9ac956ecfd) Importer(2089858483,b0f066a214c2f5e87bad3c948f4d605d)
2026-03-24T05:26:27.177Z|0x1a89c|Start importing Assets/Scripts/Scriptable Objects/GunData.cs using Guid(285365424ea46d6449599e9ac956ecfd) Importer(2089858483,b0f066a214c2f5e87bad3c948f4d605d) (ScriptedImporter) -> (artifact id: 'af46a4709242ea3b596ce7e67a083c2b') in 0.2840976 seconds
2026-03-24T05:26:27.818Z|0x1a89c|Number of updated asset objects reloaded before import = 0Number of asset objects unloaded after import = 0

2026-03-24T05:26:27.818Z|0x1a89c|========================================================================
Received Import Request.
  Time since last request: 0.000074 seconds.
  path: Assets/Animation/EmptyClips
  artifactKey: Guid(0326054c35502d34cae8e90310fc2a64) Importer(2089858483,b0f066a214c2f5e87bad3c948f4d605d)
2026-03-24T05:26:27.844Z|0x1a89c|Start importing Assets/Animation/EmptyClips using Guid(0326054c35502d34cae8e90310fc2a64) Importer(2089858483,b0f066a214c2f5e87bad3c948f4d605d) (ScriptedImporter) -> (artifact id: '71c7754ac54a7822709ba37b9eb0caf2') in 0.0237572 seconds
2026-03-24T05:26:27.948Z|0x1a89c|Number of updated asset objects reloaded before import = 0Number of asset objects unloaded after import = 1

2026-03-24T05:26:27.948Z|0x1a89c|========================================================================
Received Import Request.
  Time since last request: 0.000067 seconds.
  path: Assets/Scripts/Scriptable Objects/Gun Objects/Pistol/Reload.anim
  artifactKey: Guid(814655d185774e2429c1be915901b5c3) Importer(2089858483,b0f066a214c2f5e87bad3c948f4d605d)
2026-03-24T05:26:27.970Z|0x1a89c|Start importing Assets/Scripts/Scriptable Objects/Gun Objects/Pistol/Reload.anim using Guid(814655d185774e2429c1be915901b5c3) Importer(2089858483,b0f066a214c2f5e87bad3c948f4d605d) (ScriptedImporter) -> (artifact id: '8161d7da7c0114fdd1990bc7234edeb1') in 0.087647 seconds
2026-03-24T05:26:28.109Z|0x1a89c|Number of updated asset objects reloaded before import = 0Number of asset objects unloaded after import = 1

2026-03-24T05:26:28.109Z|0x1a89c|========================================================================
Received Import Request.
  Time since last request: 0.000050 seconds.
  path: Assets/Scripts/PlayerShoot.cs
  artifactKey: Guid(422123fee89e3634ebfe704e07dc2488) Importer(2089858483,b0f066a214c2f5e87bad3c948f4d605d)
2026-03-24T05:26:28.123Z|0x1a89c|Start importing Assets/Scripts/PlayerShoot.cs using Guid(422123fee89e3634ebfe704e07dc2488) Importer(2089858483,b0f066a214c2f5e87bad3c948f4d605d) (ScriptedImporter) -> (artifact id: 'd30d1ccc8aa38dd83e3dde78a0f83b22') in 0.0201643 seconds
2026-03-24T05:26:28.176Z|0x1a89c|Number of updated asset objects reloaded before import = 0Number of asset objects unloaded after import = 0

2026-03-24T05:26:28.176Z|0x1a89c|========================================================================
Received Import Request.
  Time since last request: 0.000038 seconds.
  path: Assets/Scripts/Scriptable Objects/Gun Objects/Shotgun
  artifactKey: Guid(43cd013ee672009498045d9cbc027d3d) Importer(2089858483,b0f066a214c2f5e87bad3c948f4d605d)
2026-03-24T05:26:28.187Z|0x1a89c|Start importing Assets/Scripts/Scriptable Objects/Gun Objects/Shotgun using Guid(43cd013ee672009498045d9cbc027d3d) Importer(2089858483,b0f066a214c2f5e87bad3c948f4d605d) (ScriptedImporter) -> (artifact id: 'd8d59658e953a4a9cc5d9594efcf41d1') in 0.017271 seconds
2026-03-24T05:26:28.238Z|0x1a89c|Number of updated asset objects reloaded before import = 0Number of asset objects unloaded after import = 1

2026-03-24T05:27:28.209Z|0xc11c|Editor requested this worker to shutdown with reason: Scaling down because of idle timeout
2026-03-24T05:27:28.336Z|0x1a89c|AssetImportWorker is now disconnected from the server
2026-03-24T05:27:28.336Z|0x1a89c|Process exiting
2026-03-24T05:27:28.336Z|0x1a89c|Exiting without the bug reporter. Application will terminate with return code 0