2026-03-27T05:35:24.862Z|0x148f4|[Licensing::Module] Trying to connect to existing licensing client channel...
2026-03-27T05:35:24.862Z|0xd214|Built from '6000.3/staging' branch; Version is '6000.3.8f1 (1c7db571dde0) revision 1867189'; Using compiler version '194234433'; Build Type 'Release'
2026-03-27T05:35:24.863Z|0xd214|OS: 'Windows 11  (10.0.26100) CoreSingleLanguage' Language: 'en' Physical Memory: 23983 MB
2026-03-27T05:35:24.863Z|0xd214|BatchMode: 1, IsHumanControllingUs: 0, StartBugReporterOnCrash: 0, Is64bit: 1
2026-03-27T05:35:24.863Z|0xd214|System  architecture: x64
2026-03-27T05:35:24.863Z|0x148f4|[Licensing::IpcConnector] Successfully connected to: "LicenseClient-Rajat" at "2026-03-27T05:35:24.8631639Z"
2026-03-27T05:35:24.863Z|0xd214|Process architecture: x64
2026-03-27T05:35:24.863Z|0xd214|Date: 2026-03-27T05:35:24Z
2026-03-27T05:35:25.069Z|0xd214|
COMMAND LINE ARGUMENTS:
2026-03-27T05:35:25.069Z|0xd214|C:\Program Files\Unity\Hub\Editor\6000.3.8f1\Editor\Unity.exe
2026-03-27T05:35:25.069Z|0xd214|-adb2
2026-03-27T05:35:25.070Z|0xd214|-batchMode
2026-03-27T05:35:25.070Z|0xd214|-noUpm
2026-03-27T05:35:25.070Z|0xd214|-name
2026-03-27T05:35:25.070Z|0xd214|AssetImportWorker0
2026-03-27T05:35:25.070Z|0xd214|-projectPath
2026-03-27T05:35:25.070Z|0xd214|D:/Work/rigidbody-fps-controller-tutorial
2026-03-27T05:35:25.070Z|0xd214|-logFile
2026-03-27T05:35:25.070Z|0xd214|Logs/AssetImportWorker0.log
2026-03-27T05:35:25.070Z|0xd214|-srvPort
2026-03-27T05:35:25.070Z|0xd214|62947
2026-03-27T05:35:25.070Z|0xd214|-licensingIpc
2026-03-27T05:35:25.070Z|0xd214|LicenseClient-Rajat
2026-03-27T05:35:25.070Z|0xd214|-job-worker-count
2026-03-27T05:35:25.070Z|0xd214|7
2026-03-27T05:35:25.070Z|0xd214|-background-job-worker-count
2026-03-27T05:35:25.070Z|0xd214|8
2026-03-27T05:35:25.070Z|0xd214|-gc-helper-count
2026-03-27T05:35:25.070Z|0xd214|1
2026-03-27T05:35:25.070Z|0xd214|-name
2026-03-27T05:35:25.070Z|0xd214|AssetImport
2026-03-27T05:35:25.070Z|0xd214|Successfully changed project path to: D:/Work/rigidbody-fps-controller-tutorial
2026-03-27T05:35:25.072Z|0xd214|D:/Work/rigidbody-fps-controller-tutorial
2026-03-27T05:35:25.072Z|0xd214|[UnityMemory] Configuration Parameters - Can be set up in boot.config
2026-03-27T05:35:25.072Z|0xd214|    "memorysetup-temp-allocator-size-nav-mesh-worker=65536"
2026-03-27T05:35:25.072Z|0xd214|    "memorysetup-temp-allocator-size-audio-worker=65536"
2026-03-27T05:35:25.072Z|0xd214|    "memorysetup-temp-allocator-size-gfx=262144"
2026-03-27T05:35:25.072Z|0xd214|    "memorysetup-allocator-temp-initial-block-size-main=262144"
2026-03-27T05:35:25.073Z|0xd214|    "memorysetup-allocator-temp-initial-block-size-worker=262144"
2026-03-27T05:35:25.073Z|0xd214|    "memorysetup-temp-allocator-size-background-worker=32768"
2026-03-27T05:35:25.073Z|0xd214|    "memorysetup-temp-allocator-size-job-worker=262144"
2026-03-27T05:35:25.073Z|0xd214|    "memorysetup-temp-allocator-size-preload-manager=33554432"
2026-03-27T05:35:25.073Z|0xd214|    "memorysetup-temp-allocator-size-gi-baking-worker=262144"
2026-03-27T05:35:25.073Z|0xd214|    "memorysetup-temp-allocator-size-gi-baking-worker=262144"
2026-03-27T05:35:25.073Z|0xd214|    "memorysetup-temp-allocator-size-gi-baking-worker=262144"
2026-03-27T05:35:25.073Z|0xd214|    "memorysetup-temp-allocator-size-gi-baking-worker=262144"
2026-03-27T05:35:25.073Z|0xd214|    "memorysetup-temp-allocator-size-gi-baking-worker=262144"
2026-03-27T05:35:25.073Z|0xd214|    "memorysetup-bucket-allocator-granularity=16"
2026-03-27T05:35:25.073Z|0xd214|    "memorysetup-bucket-allocator-bucket-count=8"
2026-03-27T05:35:25.073Z|0xd214|    "memorysetup-bucket-allocator-block-size=33554432"
2026-03-27T05:35:25.073Z|0xd214|    "memorysetup-bucket-allocator-block-count=8"
2026-03-27T05:35:25.073Z|0xd214|    "memorysetup-main-allocator-block-size=16777216"
2026-03-27T05:35:25.073Z|0xd214|    "memorysetup-thread-allocator-block-size=16777216"
2026-03-27T05:35:25.073Z|0xd214|    "memorysetup-gfx-main-allocator-block-size=16777216"
2026-03-27T05:35:25.073Z|0xd214|    "memorysetup-gfx-thread-allocator-block-size=16777216"
2026-03-27T05:35:25.073Z|0xd214|    "memorysetup-cache-allocator-block-size=4194304"
2026-03-27T05:35:25.073Z|0xd214|    "memorysetup-typetree-allocator-block-size=2097152"
2026-03-27T05:35:25.073Z|0xd214|    "memorysetup-profiler-bucket-allocator-granularity=16"
2026-03-27T05:35:25.073Z|0xd214|    "memorysetup-profiler-bucket-allocator-bucket-count=8"
2026-03-27T05:35:25.073Z|0xd214|    "memorysetup-profiler-bucket-allocator-block-size=33554432"
2026-03-27T05:35:25.073Z|0xd214|    "memorysetup-profiler-bucket-allocator-block-count=8"
2026-03-27T05:35:25.073Z|0xd214|    "memorysetup-profiler-allocator-block-size=16777216"
2026-03-27T05:35:25.073Z|0xd214|    "memorysetup-profiler-editor-allocator-block-size=1048576"
2026-03-27T05:35:25.073Z|0xd214|    "memorysetup-temp-allocator-size-main=16777216"
2026-03-27T05:35:25.073Z|0xd214|    "memorysetup-job-temp-allocator-block-size=2097152"
2026-03-27T05:35:25.073Z|0xd214|    "memorysetup-job-temp-allocator-block-size-background=1048576"
2026-03-27T05:35:25.073Z|0xd214|    "memorysetup-job-temp-allocator-reduction-small-platforms=262144"
2026-03-27T05:35:25.073Z|0xd214|    "memorysetup-temp-allocator-size-cloud-worker=32768"
2026-03-27T05:35:25.085Z|0xd214|Player connection [53780]  Target information:

2026-03-27T05:35:25.086Z|0xd214|Player connection [53780]  * "[IP] 192.168.1.24 [Port] 0 [Flags] 2 [Guid] 1102129234 [EditorId] 1102129234 [Version] 1048832 [Id] WindowsEditor(7,Rajat) [Debug] 1 [PackageName] WindowsEditor [ProjectName] Editor" 

2026-03-27T05:35:25.089Z|0xd214|Player connection [53780] Host joined multi-casting on [225.0.0.222:54997]...
2026-03-27T05:35:25.089Z|0xd214|Player connection [53780] Host joined alternative multi-casting on [225.0.0.222:34997]...
2026-03-27T05:35:25.090Z|0xd214|JobSystem: Creating JobQueue using job-worker-count value 7
2026-03-27T05:35:25.098Z|0xd214|Input System module state changed to: Initialized.
2026-03-27T05:35:25.101Z|0xd214|[Physics::Module] Initialized fallback backend.
2026-03-27T05:35:25.101Z|0xd214|[Physics::Module] Id: 0xdecafbad
2026-03-27T05:35:25.151Z|0xd214|Library Redirect Path: Library/
2026-03-27T05:35:25.193Z|0xd214|[Physics::Module] Selected backend.
2026-03-27T05:35:25.193Z|0xd214|[Physics::Module] Name: PhysX
2026-03-27T05:35:25.193Z|0xd214|[Physics::Module] Id: 0xf2b8ea05
2026-03-27T05:35:25.193Z|0xd214|[Physics::Module] SDK Version: 4.1.2
2026-03-27T05:35:25.193Z|0xd214|[Physics::Module] Integration Version: 1.0.0
2026-03-27T05:35:25.193Z|0xd214|[Physics::Module] Threading Mode: Multi-Threaded
2026-03-27T05:35:25.219Z|0xd214|Refreshing native plugins compatible for Editor in 16.09 ms, found 3 plugins.
2026-03-27T05:35:25.219Z|0xd214|Preloading 0 native plugins for Editor in 0.00 ms.
2026-03-27T05:35:25.219Z|0xd214|Initialize engine version: 6000.3.8f1 (1c7db571dde0)
2026-03-27T05:35:25.220Z|0xd214|[Subsystems] Discovering subsystems at path C:/Program Files/Unity/Hub/Editor/6000.3.8f1/Editor/Data/Resources/UnitySubsystems
2026-03-27T05:35:25.220Z|0xd214|[Subsystems] Discovering subsystems at path D:/Work/rigidbody-fps-controller-tutorial/Assets
2026-03-27T05:35:25.221Z|0xd214|GfxDevice: creating device client; kGfxThreadingModeNonThreaded
2026-03-27T05:35:25.566Z|0xd214|Direct3D:
2026-03-27T05:35:25.566Z|0xd214|    Version:  Direct3D 11.0 [level 11.1]
2026-03-27T05:35:25.566Z|0xd214|    Renderer: NVIDIA GeForce GTX 1650 (ID=0x1f9d)
2026-03-27T05:35:25.566Z|0xd214|    Vendor:   NVIDIA
2026-03-27T05:35:25.566Z|0xd214|    VRAM:     3937 MB
2026-03-27T05:35:25.566Z|0xd214|    Driver:   32.0.15.7700
2026-03-27T05:35:25.830Z|0xd214|Initialize mono
2026-03-27T05:35:25.830Z|0xd214|Mono path[0] = 'C:/Program Files/Unity/Hub/Editor/6000.3.8f1/Editor/Data/Managed'
2026-03-27T05:35:25.830Z|0xd214|Mono path[1] = 'C:/Program Files/Unity/Hub/Editor/6000.3.8f1/Editor/Data/MonoBleedingEdge/lib/mono/unityjit-win32'
2026-03-27T05:35:25.830Z|0xd214|Mono config path = 'C:/Program Files/Unity/Hub/Editor/6000.3.8f1/Editor/Data/MonoBleedingEdge/etc'
2026-03-27T05:35:25.830Z|0xd214|Using monoOptions --debugger-agent=transport=dt_socket,embedding=1,server=y,suspend=n,address=127.0.0.1:56892
2026-03-27T05:35:25.908Z|0xd214|Begin MonoManager ReloadAssembly
2026-03-27T05:35:26.172Z|0x148f4|[Licensing::Client] Handshaking with LicensingClient:
  Version:                 1.17.4+4293ba1
  Session Id:              c5fd8c4d646349e4b884aaab0a3158f8
  Correlation Id:          719ae4143a62c7619ec65c291121669f
  External correlation Id: 4133460419758791512
  Machine Id:              bZLnVjDChyW3KAMtcXptXTvD4Rw=
2026-03-27T05:35:26.172Z|0x148f4|[Licensing::Module] Successfully connected to LicensingClient on channel: "LicenseClient-Rajat" (connect: 0.00s, validation: 0.00s, handshake: 1.31s)
2026-03-27T05:35:26.172Z|0x148f4|[Licensing::IpcConnector] Successfully connected to: "LicenseClient-Rajat-notifications" at "2026-03-27T05:35:26.1727863Z"
2026-03-27T05:35:26.172Z|0x148f4|[Licensing::Module] Licensing Background thread has ended after 1.31s
2026-03-27T05:35:26.253Z|0xd214|Registering precompiled unity dll's ...
2026-03-27T05:35:26.254Z|0xd214|Register platform support module: C:/Program Files/Unity/Hub/Editor/6000.3.8f1/Editor/Data/PlaybackEngines/WebGLSupport/UnityEditor.WebGL.Extensions.dll
2026-03-27T05:35:26.255Z|0xd214|Register platform support module: C:/Program Files/Unity/Hub/Editor/6000.3.8f1/Editor/Data/PlaybackEngines/WindowsStandaloneSupport/UnityEditor.WindowsStandalone.Extensions.dll
2026-03-27T05:35:26.258Z|0xd214|[Licensing::Client] Successfully resolved entitlement details
2026-03-27T05:35:26.258Z|0xd214|[Licensing::Module] License group:
  Id: 13469681201219-rendered-ideas-softgame-pvt-ltd-UnitXXXX
  Product: Unity Pro
  Type: Assigned
  Expiration: 2026-04-07T00:00:00Z
2026-03-27T05:35:26.258Z|0xd214|Register platform support module: C:/Program Files/Unity/Hub/Editor/6000.3.8f1/Editor/Data/PlaybackEngines/AndroidPlayer/UnityEditor.Android.Extensions.dll
2026-03-27T05:35:26.259Z|0xd214|Registered in 0.006064 seconds.
2026-03-27T05:35:26.557Z|0xd214|- Loaded All Assemblies, in  0.648 seconds
2026-03-27T05:35:26.656Z|0xd214|Native extension for Android target not found
2026-03-27T05:35:27.045Z|0xd214|Android Extension - Scanning For ADB Devices 341 ms
Native extension for WindowsStandalone target not found
2026-03-27T05:35:27.047Z|0xd214|Native extension for WebGL target not found
2026-03-27T05:35:27.554Z|0xd214|ScheduleIndexationOnStartup MainProcess:False IndexOnStartup:True
Mono: successfully reloaded assembly
2026-03-27T05:35:27.604Z|0xd214|- Finished resetting the current domain, in  1.047 seconds
2026-03-27T05:35:27.605Z|0xd214|Domain Reload Profiling: 1694ms
	BeginReloadAssembly (228ms)
		ExecutionOrderSort (0ms)
		DisableScriptedObjects (0ms)
		BackupInstance (0ms)
		ReleaseScriptingObjects (0ms)
		CreateAndSetChildDomain (1ms)
	RebuildCommonClasses (62ms)
	RebuildNativeTypeToScriptingClass (19ms)
	initialDomainReloadingComplete (77ms)
	LoadAllAssembliesAndSetupDomain (260ms)
		LoadAssemblies (225ms)
		RebuildTransferFunctionScriptingTraits (0ms)
		AnalyzeDomain (254ms)
			TypeCache.Refresh (252ms)
				TypeCache.ScanAssembly (233ms)
			BuildScriptInfoCaches (0ms)
			ResolveRequiredComponents (1ms)
	FinalizeReload (1048ms)
		ReleaseScriptCaches (0ms)
		RebuildScriptCaches (0ms)
		SetupLoadedEditorAssemblies (998ms)
			LogAssemblyErrors (0ms)
			InitializePlatformSupportModulesInManaged (463ms)
			SetLoadedEditorAssemblies (5ms)
			BeforeProcessingInitializeOnLoad (162ms)
			ProcessInitializeOnLoadAttributes (262ms)
			ProcessInitializeOnLoadMethodAttributes (106ms)
			AfterProcessingInitializeOnLoad (0ms)
			EditorAssembliesLoaded (0ms)
		ExecutionOrderSort2 (0ms)
		AwakeInstancesAfterBackupRestoration (0ms)
2026-03-27T05:35:27.831Z|0xd214|Assembly reference Packages/com.unity.cinemachine/Editor/Samples/ExposeHDRPInternals/HDRP-Editor-ref.asmref has no target assembly definition
========================================================================
2026-03-27T05:35:27.967Z|0xd214|Worker process is ready to serve import requests
2026-03-27T05:35:27.971Z|0xd214|Import Worker Mode flag is 0x00
2026-03-27T05:35:28.076Z|0xd214|Assembly reference Packages/com.unity.cinemachine/Editor/Samples/ExposeHDRPInternals/HDRP-Editor-ref.asmref has no target assembly definition
Assembly reference Packages/com.unity.cinemachine/Editor/Samples/ExposeHDRPInternals/HDRP-Editor-ref.asmref has no target assembly definition
Begin MonoManager ReloadAssembly
2026-03-27T05:35:28.373Z|0xd214|[Licensing::Client] Successfully resolved entitlement details
2026-03-27T05:35:29.927Z|0xd214|- Loaded All Assemblies, in  1.559 seconds
2026-03-27T05:35:30.180Z|0xd214|Assembly reference Packages/com.unity.cinemachine/Editor/Samples/ExposeHDRPInternals/HDRP-Editor-ref.asmref has no target assembly definition
'Packages/com.unity.cinemachine/Editor/Obsolete/CinemachineVirtualCameraBaseEditor.cs' contains partial class of Unity.Object, exactly 1 of the partial classes needs to be in a file with the same filename. This is to know the one that can be referenced from ie. GameObjects
2026-03-27T05:35:30.373Z|0xd214|'Packages/com.unity.cinemachine/Editor/Editors/CinemachineVirtualCameraBaseEditor.cs' contains partial class of Unity.Object, exactly 1 of the partial classes needs to be in a file with the same filename. This is to know the one that can be referenced from ie. GameObjects
2026-03-27T05:35:30.439Z|0xd214|Refreshing native plugins compatible for Editor in 1.83 ms, found 3 plugins.
2026-03-27T05:35:30.852Z|0xd214|Native extension for Android target not found
2026-03-27T05:35:30.868Z|0xd214|Native extension for WindowsStandalone target not found
2026-03-27T05:35:30.868Z|0xd214|Native extension for WebGL target not found
2026-03-27T05:35:31.169Z|0xd214|Assembly reference Packages/com.unity.cinemachine/Editor/Samples/ExposeHDRPInternals/HDRP-Editor-ref.asmref has no target assembly definition
[MODES] ModeService[none].Initialize
[MODES] ModeService[none].LoadModes
[MODES] Loading mode Default (0) for mode-current-id-tutorial
Package Manager log level set to [2]
2026-03-27T05:35:31.811Z|0xd214|[Package Manager] Failed to launch server process. Reason: Unity was launched with the -noUpm command-line argument
2026-03-27T05:35:31.811Z|0xd214|[Package Manager] Unable to send message (not connected to server process).
2026-03-27T05:35:31.811Z|0xd214|[Package Manager] Cannot connect to Unity Package Manager local server
2026-03-27T05:35:31.836Z|0xd214|[Package Manager] Failed to launch server process. Reason: Unity was launched with the -noUpm command-line argument
2026-03-27T05:35:31.836Z|0xd214|[Package Manager] Unable to send message (not connected to server process).
2026-03-27T05:35:31.836Z|0xd214|[Package Manager] Cannot connect to Unity Package Manager local server
2026-03-27T05:35:32.324Z|0xd214|ScheduleIndexationOnStartup MainProcess:False IndexOnStartup:True
Mono: successfully reloaded assembly
2026-03-27T05:35:32.421Z|0xd214|- Finished resetting the current domain, in  1.979 seconds
2026-03-27T05:35:32.422Z|0xd214|Domain Reload Profiling: 3533ms
	BeginReloadAssembly (349ms)
		ExecutionOrderSort (0ms)
		DisableScriptedObjects (12ms)
		BackupInstance (0ms)
		ReleaseScriptingObjects (0ms)
		CreateAndSetChildDomain (88ms)
	RebuildCommonClasses (70ms)
	RebuildNativeTypeToScriptingClass (26ms)
	initialDomainReloadingComplete (63ms)
	LoadAllAssembliesAndSetupDomain (1046ms)
		LoadAssemblies (723ms)
		RebuildTransferFunctionScriptingTraits (0ms)
		AnalyzeDomain (489ms)
			TypeCache.Refresh (352ms)
				TypeCache.ScanAssembly (324ms)
			BuildScriptInfoCaches (114ms)
			ResolveRequiredComponents (16ms)
	FinalizeReload (1980ms)
		ReleaseScriptCaches (0ms)
		RebuildScriptCaches (0ms)
		SetupLoadedEditorAssemblies (1517ms)
			LogAssemblyErrors (0ms)
			InitializePlatformSupportModulesInManaged (23ms)
			SetLoadedEditorAssemblies (10ms)
			BeforeProcessingInitializeOnLoad (399ms)
			ProcessInitializeOnLoadAttributes (921ms)
			ProcessInitializeOnLoadMethodAttributes (155ms)
			AfterProcessingInitializeOnLoad (9ms)
			EditorAssembliesLoaded (0ms)
		ExecutionOrderSort2 (0ms)
		AwakeInstancesAfterBackupRestoration (8ms)
2026-03-27T05:35:32.919Z|0xd214|Launched and connected shader compiler UnityShaderCompiler.exe after 0.03 seconds
2026-03-27T05:35:34.347Z|0xd214|Refreshing native plugins compatible for Editor in 2.02 ms, found 3 plugins.
2026-03-27T05:35:34.347Z|0xd214|Preloading 0 native plugins for Editor in 0.00 ms.
2026-03-27T05:35:34.360Z|0x7d98|Unloading 18 Unused Serialized files (Serialized files now loaded: 0)
2026-03-27T05:35:34.390Z|0xd214|Unloading 5460 unused Assets / (5.0 MB). Loaded Objects now: 6312.
Memory consumption went from 218.2 MB to 213.2 MB.
2026-03-27T05:35:34.390Z|0xd214|Total: 29.595900 ms (FindLiveObjects: 1.618000 ms CreateObjectMapping: 1.952300 ms MarkObjects: 17.761100 ms  DeleteObjects: 8.260900 ms)

2026-03-27T05:35:34.391Z|0xd214|========================================================================
Received Import Request.
  Time since last request: 2652142.839002 seconds.
  path: Assets/Prefabs/Bullets/Bullet_HalfShotgun.prefab
  artifactKey: Guid(518d5eaa370c0cf4e93b4d03b6df306a) Importer(2089858483,b0f066a214c2f5e87bad3c948f4d605d)
2026-03-27T05:35:34.416Z|0xd214|Start importing Assets/Prefabs/Bullets/Bullet_HalfShotgun.prefab using Guid(518d5eaa370c0cf4e93b4d03b6df306a) Importer(2089858483,b0f066a214c2f5e87bad3c948f4d605d) (ScriptedImporter) -> (artifact id: '69cad9fe145d8823bb0a6413da50aae8') in 0.570283 seconds
2026-03-27T05:35:35.076Z|0xd214|Number of updated asset objects reloaded before import = 0Number of asset objects unloaded after import = 37

2026-03-27T05:35:35.076Z|0xd214|========================================================================
Received Import Request.
  Time since last request: 0.000140 seconds.
  path: Assets/Zombie/Scripts/ZombieData.cs
  artifactKey: Guid(04c4cf97d6afee6478196f70bde71f9d) Importer(2089858483,b0f066a214c2f5e87bad3c948f4d605d)
2026-03-27T05:35:35.118Z|0xd214|Start importing Assets/Zombie/Scripts/ZombieData.cs using Guid(04c4cf97d6afee6478196f70bde71f9d) Importer(2089858483,b0f066a214c2f5e87bad3c948f4d605d) (ScriptedImporter) -> (artifact id: 'c8c2d3f9980375e4f7827b074e28ce3f') in 0.0386743 seconds
2026-03-27T05:35:35.220Z|0xd214|Number of updated asset objects reloaded before import = 0Number of asset objects unloaded after import = 0

2026-03-27T05:35:35.220Z|0xd214|========================================================================
Received Import Request.
  Time since last request: 0.000064 seconds.
  path: Assets/Scripts/Bullet/Bullet.cs
  artifactKey: Guid(c108ca25d40582141bbdec277e729941) Importer(2089858483,b0f066a214c2f5e87bad3c948f4d605d)
2026-03-27T05:35:35.264Z|0xd214|Start importing Assets/Scripts/Bullet/Bullet.cs using Guid(c108ca25d40582141bbdec277e729941) Importer(2089858483,b0f066a214c2f5e87bad3c948f4d605d) (ScriptedImporter) -> (artifact id: 'c93dbbab6157b438659cd7c41e7d906a') in 0.0302983 seconds
2026-03-27T05:35:35.354Z|0xd214|Number of updated asset objects reloaded before import = 0Number of asset objects unloaded after import = 0

2026-03-27T05:35:35.354Z|0xd214|========================================================================
Received Import Request.
  Time since last request: 0.000155 seconds.
  path: Assets/Scenes/MainMovement.unity
  artifactKey: Guid(9fc0d4010bbf28b4594072e72b8655ab) Importer(2089858483,b0f066a214c2f5e87bad3c948f4d605d)
2026-03-27T05:35:35.389Z|0xd214|Start importing Assets/Scenes/MainMovement.unity using Guid(9fc0d4010bbf28b4594072e72b8655ab) Importer(2089858483,b0f066a214c2f5e87bad3c948f4d605d) (ScriptedImporter) -> (artifact id: '5df9227c4a18510d695433d9ec41843a') in 0.050992 seconds
2026-03-27T05:35:35.502Z|0xd214|Number of updated asset objects reloaded before import = 0Number of asset objects unloaded after import = 1

