2026-03-24T07:33:09.647Z|0xe76c|[Licensing::Module] Trying to connect to existing licensing client channel...
2026-03-24T07:33:09.647Z|0x8e88|Built from '6000.3/staging' branch; Version is '6000.3.8f1 (1c7db571dde0) revision 1867189'; Using compiler version '194234433'; Build Type 'Release'
2026-03-24T07:33:09.648Z|0x8e88|OS: 'Windows 11  (10.0.26100) CoreSingleLanguage' Language: 'en' Physical Memory: 23983 MB
2026-03-24T07:33:09.648Z|0x8e88|BatchMode: 1, IsHumanControllingUs: 0, StartBugReporterOnCrash: 0, Is64bit: 1
2026-03-24T07:33:09.648Z|0x8e88|System  architecture: x64
2026-03-24T07:33:09.648Z|0x8e88|Process architecture: x64
2026-03-24T07:33:09.648Z|0xe76c|[Licensing::IpcConnector] Successfully connected to: "LicenseClient-Rajat" at "2026-03-24T07:33:09.6481887Z"
2026-03-24T07:33:09.648Z|0x8e88|Date: 2026-03-24T07:33:09Z
2026-03-24T07:33:09.862Z|0x8e88|
COMMAND LINE ARGUMENTS:
2026-03-24T07:33:09.862Z|0x8e88|C:\Program Files\Unity\Hub\Editor\6000.3.8f1\Editor\Unity.exe
2026-03-24T07:33:09.862Z|0x8e88|-adb2
2026-03-24T07:33:09.862Z|0x8e88|-batchMode
2026-03-24T07:33:09.862Z|0x8e88|-noUpm
2026-03-24T07:33:09.862Z|0x8e88|-name
2026-03-24T07:33:09.862Z|0x8e88|AssetImportWorker5
2026-03-24T07:33:09.862Z|0x8e88|-projectPath
2026-03-24T07:33:09.862Z|0x8e88|D:/Work/rigidbody-fps-controller-tutorial
2026-03-24T07:33:09.862Z|0x8e88|-logFile
2026-03-24T07:33:09.862Z|0x8e88|Logs/AssetImportWorker5.log
2026-03-24T07:33:09.862Z|0x8e88|-srvPort
2026-03-24T07:33:09.862Z|0x8e88|57329
2026-03-24T07:33:09.862Z|0x8e88|-licensingIpc
2026-03-24T07:33:09.862Z|0x8e88|LicenseClient-Rajat
2026-03-24T07:33:09.862Z|0x8e88|-job-worker-count
2026-03-24T07:33:09.862Z|0x8e88|7
2026-03-24T07:33:09.862Z|0x8e88|-background-job-worker-count
2026-03-24T07:33:09.862Z|0x8e88|8
2026-03-24T07:33:09.862Z|0x8e88|-gc-helper-count
2026-03-24T07:33:09.862Z|0x8e88|1
2026-03-24T07:33:09.862Z|0x8e88|-name
2026-03-24T07:33:09.862Z|0x8e88|AssetImport
2026-03-24T07:33:09.862Z|0x8e88|Successfully changed project path to: D:/Work/rigidbody-fps-controller-tutorial
2026-03-24T07:33:09.863Z|0x8e88|D:/Work/rigidbody-fps-controller-tutorial
2026-03-24T07:33:09.864Z|0x8e88|[UnityMemory] Configuration Parameters - Can be set up in boot.config
2026-03-24T07:33:09.864Z|0x8e88|    "memorysetup-temp-allocator-size-nav-mesh-worker=65536"
2026-03-24T07:33:09.864Z|0x8e88|    "memorysetup-temp-allocator-size-audio-worker=65536"
2026-03-24T07:33:09.864Z|0x8e88|    "memorysetup-temp-allocator-size-gfx=262144"
2026-03-24T07:33:09.864Z|0x8e88|    "memorysetup-allocator-temp-initial-block-size-main=262144"
2026-03-24T07:33:09.864Z|0x8e88|    "memorysetup-allocator-temp-initial-block-size-worker=262144"
2026-03-24T07:33:09.864Z|0x8e88|    "memorysetup-temp-allocator-size-background-worker=32768"
2026-03-24T07:33:09.864Z|0x8e88|    "memorysetup-temp-allocator-size-job-worker=262144"
2026-03-24T07:33:09.864Z|0x8e88|    "memorysetup-temp-allocator-size-preload-manager=33554432"
2026-03-24T07:33:09.864Z|0x8e88|    "memorysetup-temp-allocator-size-gi-baking-worker=262144"
2026-03-24T07:33:09.864Z|0x8e88|    "memorysetup-temp-allocator-size-gi-baking-worker=262144"
2026-03-24T07:33:09.864Z|0x8e88|    "memorysetup-temp-allocator-size-gi-baking-worker=262144"
2026-03-24T07:33:09.864Z|0x8e88|    "memorysetup-temp-allocator-size-gi-baking-worker=262144"
2026-03-24T07:33:09.864Z|0x8e88|    "memorysetup-temp-allocator-size-gi-baking-worker=262144"
2026-03-24T07:33:09.864Z|0x8e88|    "memorysetup-bucket-allocator-granularity=16"
2026-03-24T07:33:09.864Z|0x8e88|    "memorysetup-bucket-allocator-bucket-count=8"
2026-03-24T07:33:09.864Z|0x8e88|    "memorysetup-bucket-allocator-block-size=33554432"
2026-03-24T07:33:09.864Z|0x8e88|    "memorysetup-bucket-allocator-block-count=8"
2026-03-24T07:33:09.864Z|0x8e88|    "memorysetup-main-allocator-block-size=16777216"
2026-03-24T07:33:09.864Z|0x8e88|    "memorysetup-thread-allocator-block-size=16777216"
2026-03-24T07:33:09.864Z|0x8e88|    "memorysetup-gfx-main-allocator-block-size=16777216"
2026-03-24T07:33:09.864Z|0x8e88|    "memorysetup-gfx-thread-allocator-block-size=16777216"
2026-03-24T07:33:09.864Z|0x8e88|    "memorysetup-cache-allocator-block-size=4194304"
2026-03-24T07:33:09.864Z|0x8e88|    "memorysetup-typetree-allocator-block-size=2097152"
2026-03-24T07:33:09.864Z|0x8e88|    "memorysetup-profiler-bucket-allocator-granularity=16"
2026-03-24T07:33:09.864Z|0x8e88|    "memorysetup-profiler-bucket-allocator-bucket-count=8"
2026-03-24T07:33:09.864Z|0x8e88|    "memorysetup-profiler-bucket-allocator-block-size=33554432"
2026-03-24T07:33:09.864Z|0x8e88|    "memorysetup-profiler-bucket-allocator-block-count=8"
2026-03-24T07:33:09.864Z|0x8e88|    "memorysetup-profiler-allocator-block-size=16777216"
2026-03-24T07:33:09.864Z|0x8e88|    "memorysetup-profiler-editor-allocator-block-size=1048576"
2026-03-24T07:33:09.864Z|0x8e88|    "memorysetup-temp-allocator-size-main=16777216"
2026-03-24T07:33:09.864Z|0x8e88|    "memorysetup-job-temp-allocator-block-size=2097152"
2026-03-24T07:33:09.864Z|0x8e88|    "memorysetup-job-temp-allocator-block-size-background=1048576"
2026-03-24T07:33:09.864Z|0x8e88|    "memorysetup-job-temp-allocator-reduction-small-platforms=262144"
2026-03-24T07:33:09.864Z|0x8e88|    "memorysetup-temp-allocator-size-cloud-worker=32768"
2026-03-24T07:33:09.873Z|0x8e88|Player connection [36488]  Target information:

2026-03-24T07:33:09.874Z|0x8e88|Player connection [36488]  * "[IP] 192.168.3.130 [Port] 0 [Flags] 2 [Guid] 2218498048 [EditorId] 2218498048 [Version] 1048832 [Id] WindowsEditor(7,Rajat) [Debug] 1 [PackageName] WindowsEditor [ProjectName] Editor" 

2026-03-24T07:33:09.876Z|0x8e88|Player connection [36488] Host joined multi-casting on [225.0.0.222:54997]...
2026-03-24T07:33:09.876Z|0x8e88|Player connection [36488] Host joined alternative multi-casting on [225.0.0.222:34997]...
2026-03-24T07:33:09.877Z|0x8e88|JobSystem: Creating JobQueue using job-worker-count value 7
2026-03-24T07:33:09.885Z|0x8e88|Input System module state changed to: Initialized.
2026-03-24T07:33:09.887Z|0x8e88|[Physics::Module] Initialized fallback backend.
2026-03-24T07:33:09.887Z|0x8e88|[Physics::Module] Id: 0xdecafbad
2026-03-24T07:33:09.982Z|0x8e88|Library Redirect Path: Library/
2026-03-24T07:33:10.046Z|0x8e88|[Physics::Module] Selected backend.
2026-03-24T07:33:10.047Z|0x8e88|[Physics::Module] Name: PhysX
2026-03-24T07:33:10.047Z|0x8e88|[Physics::Module] Id: 0xf2b8ea05
2026-03-24T07:33:10.047Z|0x8e88|[Physics::Module] SDK Version: 4.1.2
2026-03-24T07:33:10.047Z|0x8e88|[Physics::Module] Integration Version: 1.0.0
2026-03-24T07:33:10.047Z|0x8e88|[Physics::Module] Threading Mode: Multi-Threaded
2026-03-24T07:33:10.129Z|0x8e88|Refreshing native plugins compatible for Editor in 71.08 ms, found 2 plugins.
2026-03-24T07:33:10.130Z|0x8e88|Preloading 0 native plugins for Editor in 0.00 ms.
2026-03-24T07:33:10.130Z|0x8e88|Initialize engine version: 6000.3.8f1 (1c7db571dde0)
2026-03-24T07:33:10.130Z|0x8e88|[Subsystems] Discovering subsystems at path C:/Program Files/Unity/Hub/Editor/6000.3.8f1/Editor/Data/Resources/UnitySubsystems
2026-03-24T07:33:10.130Z|0x8e88|[Subsystems] Discovering subsystems at path D:/Work/rigidbody-fps-controller-tutorial/Assets
2026-03-24T07:33:10.131Z|0x8e88|GfxDevice: creating device client; kGfxThreadingModeNonThreaded
2026-03-24T07:33:10.399Z|0x8e88|Direct3D:
2026-03-24T07:33:10.399Z|0x8e88|    Version:  Direct3D 11.0 [level 11.1]
2026-03-24T07:33:10.399Z|0x8e88|    Renderer: NVIDIA GeForce GTX 1650 (ID=0x1f9d)
2026-03-24T07:33:10.399Z|0x8e88|    Vendor:   NVIDIA
2026-03-24T07:33:10.399Z|0x8e88|    VRAM:     3937 MB
2026-03-24T07:33:10.399Z|0x8e88|    Driver:   32.0.15.7700
2026-03-24T07:33:10.839Z|0xe76c|[Licensing::Client] Handshaking with LicensingClient:
  Version:                 1.17.4+4293ba1
  Session Id:              e8c3f500515c495aa1d969a16bbd1e81
  Correlation Id:          5b8ead10a56030e887729f7244401493
  External correlation Id: 9075125074226677921
  Machine Id:              bZLnVjDChyW3KAMtcXptXTvD4Rw=
2026-03-24T07:33:10.839Z|0xe76c|[Licensing::Module] Successfully connected to LicensingClient on channel: "LicenseClient-Rajat" (connect: 0.00s, validation: 0.00s, handshake: 1.19s)
2026-03-24T07:33:10.839Z|0xe76c|[Licensing::IpcConnector] Successfully connected to: "LicenseClient-Rajat-notifications" at "2026-03-24T07:33:10.8392108Z"
2026-03-24T07:33:10.839Z|0xe76c|[Licensing::Module] Licensing Background thread has ended after 1.19s
2026-03-24T07:33:10.951Z|0x8e88|Initialize mono
2026-03-24T07:33:10.952Z|0x8e88|Mono path[0] = 'C:/Program Files/Unity/Hub/Editor/6000.3.8f1/Editor/Data/Managed'
2026-03-24T07:33:10.952Z|0x8e88|Mono path[1] = 'C:/Program Files/Unity/Hub/Editor/6000.3.8f1/Editor/Data/MonoBleedingEdge/lib/mono/unityjit-win32'
2026-03-24T07:33:10.952Z|0x8e88|Mono config path = 'C:/Program Files/Unity/Hub/Editor/6000.3.8f1/Editor/Data/MonoBleedingEdge/etc'
2026-03-24T07:33:10.952Z|0x8e88|Using monoOptions --debugger-agent=transport=dt_socket,embedding=1,server=y,suspend=n,address=127.0.0.1:56820
2026-03-24T07:33:11.044Z|0x8e88|Begin MonoManager ReloadAssembly
2026-03-24T07:33:11.572Z|0x8e88|Registering precompiled unity dll's ...
2026-03-24T07:33:11.573Z|0x8e88|Register platform support module: C:/Program Files/Unity/Hub/Editor/6000.3.8f1/Editor/Data/PlaybackEngines/WebGLSupport/UnityEditor.WebGL.Extensions.dll
2026-03-24T07:33:11.573Z|0x8e88|Register platform support module: C:/Program Files/Unity/Hub/Editor/6000.3.8f1/Editor/Data/PlaybackEngines/WindowsStandaloneSupport/UnityEditor.WindowsStandalone.Extensions.dll
2026-03-24T07:33:11.577Z|0x8e88|[Licensing::Client] Successfully resolved entitlement details
2026-03-24T07:33:11.577Z|0x8e88|[Licensing::Module] License group:
  Id: 13469681201219-rendered-ideas-softgame-pvt-ltd-UnitXXXX
  Product: Unity Pro
  Type: Assigned
  Expiration: 2026-04-07T00:00:00Z
2026-03-24T07:33:11.577Z|0x8e88|Register platform support module: C:/Program Files/Unity/Hub/Editor/6000.3.8f1/Editor/Data/PlaybackEngines/AndroidPlayer/UnityEditor.Android.Extensions.dll
2026-03-24T07:33:11.578Z|0x8e88|Registered in 0.006165 seconds.
2026-03-24T07:33:13.080Z|0x8e88|- Loaded All Assemblies, in  2.036 seconds
2026-03-24T07:33:13.188Z|0x8e88|Native extension for Android target not found
2026-03-24T07:33:13.593Z|0x8e88|Android Extension - Scanning For ADB Devices 359 ms
Native extension for WindowsStandalone target not found
2026-03-24T07:33:13.594Z|0x8e88|Native extension for WebGL target not found
2026-03-24T07:33:14.020Z|0x8e88|ScheduleIndexationOnStartup MainProcess:False IndexOnStartup:True
Mono: successfully reloaded assembly
2026-03-24T07:33:14.067Z|0x8e88|- Finished resetting the current domain, in  0.987 seconds
2026-03-24T07:33:14.068Z|0x8e88|Domain Reload Profiling: 3021ms
	BeginReloadAssembly (201ms)
		ExecutionOrderSort (0ms)
		DisableScriptedObjects (0ms)
		BackupInstance (0ms)
		ReleaseScriptingObjects (0ms)
		CreateAndSetChildDomain (1ms)
	RebuildCommonClasses (287ms)
	RebuildNativeTypeToScriptingClass (15ms)
	initialDomainReloadingComplete (67ms)
	LoadAllAssembliesAndSetupDomain (1463ms)
		LoadAssemblies (199ms)
		RebuildTransferFunctionScriptingTraits (0ms)
		AnalyzeDomain (1458ms)
			TypeCache.Refresh (1455ms)
				TypeCache.ScanAssembly (1139ms)
			BuildScriptInfoCaches (0ms)
			ResolveRequiredComponents (1ms)
	FinalizeReload (988ms)
		ReleaseScriptCaches (0ms)
		RebuildScriptCaches (0ms)
		SetupLoadedEditorAssemblies (931ms)
			LogAssemblyErrors (0ms)
			InitializePlatformSupportModulesInManaged (479ms)
			SetLoadedEditorAssemblies (5ms)
			BeforeProcessingInitializeOnLoad (124ms)
			ProcessInitializeOnLoadAttributes (211ms)
			ProcessInitializeOnLoadMethodAttributes (111ms)
			AfterProcessingInitializeOnLoad (0ms)
			EditorAssembliesLoaded (0ms)
		ExecutionOrderSort2 (0ms)
		AwakeInstancesAfterBackupRestoration (0ms)
2026-03-24T07:33:14.211Z|0x8e88|Assembly reference Packages/com.unity.cinemachine/Editor/Samples/ExposeHDRPInternals/HDRP-Editor-ref.asmref has no target assembly definition
========================================================================
2026-03-24T07:33:14.300Z|0x8e88|Worker process is ready to serve import requests
2026-03-24T07:33:14.303Z|0x8e88|Import Worker Mode flag is 0x00
2026-03-24T07:33:14.362Z|0x8e88|Assembly reference Packages/com.unity.cinemachine/Editor/Samples/ExposeHDRPInternals/HDRP-Editor-ref.asmref has no target assembly definition
Assembly reference Packages/com.unity.cinemachine/Editor/Samples/ExposeHDRPInternals/HDRP-Editor-ref.asmref has no target assembly definition
Begin MonoManager ReloadAssembly
2026-03-24T07:33:14.540Z|0x8e88|[Licensing::Client] Successfully resolved entitlement details
2026-03-24T07:33:15.523Z|0x8e88|- Loaded All Assemblies, in  0.986 seconds
2026-03-24T07:33:15.684Z|0x8e88|Assembly reference Packages/com.unity.cinemachine/Editor/Samples/ExposeHDRPInternals/HDRP-Editor-ref.asmref has no target assembly definition
'Packages/com.unity.cinemachine/Editor/Obsolete/CinemachineVirtualCameraBaseEditor.cs' contains partial class of Unity.Object, exactly 1 of the partial classes needs to be in a file with the same filename. This is to know the one that can be referenced from ie. GameObjects
2026-03-24T07:33:15.807Z|0x8e88|'Packages/com.unity.cinemachine/Editor/Editors/CinemachineVirtualCameraBaseEditor.cs' contains partial class of Unity.Object, exactly 1 of the partial classes needs to be in a file with the same filename. This is to know the one that can be referenced from ie. GameObjects
2026-03-24T07:33:15.839Z|0x8e88|Refreshing native plugins compatible for Editor in 0.39 ms, found 2 plugins.
2026-03-24T07:33:16.219Z|0x8e88|Native extension for Android target not found
2026-03-24T07:33:16.227Z|0x8e88|Native extension for WindowsStandalone target not found
2026-03-24T07:33:16.228Z|0x8e88|Native extension for WebGL target not found
2026-03-24T07:33:16.401Z|0x8e88|Assembly reference Packages/com.unity.cinemachine/Editor/Samples/ExposeHDRPInternals/HDRP-Editor-ref.asmref has no target assembly definition
Package Manager log level set to [2]
2026-03-24T07:33:16.660Z|0x8e88|[Package Manager] Failed to launch server process. Reason: Unity was launched with the -noUpm command-line argument
2026-03-24T07:33:16.660Z|0x8e88|[Package Manager] Unable to send message (not connected to server process).
2026-03-24T07:33:16.660Z|0x8e88|[Package Manager] Cannot connect to Unity Package Manager local server
2026-03-24T07:33:16.676Z|0x8e88|[Package Manager] Failed to launch server process. Reason: Unity was launched with the -noUpm command-line argument
2026-03-24T07:33:16.676Z|0x8e88|[Package Manager] Unable to send message (not connected to server process).
2026-03-24T07:33:16.676Z|0x8e88|[Package Manager] Cannot connect to Unity Package Manager local server
2026-03-24T07:33:17.014Z|0x8e88|ScheduleIndexationOnStartup MainProcess:False IndexOnStartup:True
Mono: successfully reloaded assembly
2026-03-24T07:33:17.084Z|0x8e88|- Finished resetting the current domain, in  1.244 seconds
2026-03-24T07:33:17.084Z|0x8e88|Domain Reload Profiling: 2227ms
	BeginReloadAssembly (234ms)
		ExecutionOrderSort (0ms)
		DisableScriptedObjects (7ms)
		BackupInstance (0ms)
		ReleaseScriptingObjects (0ms)
		CreateAndSetChildDomain (52ms)
	RebuildCommonClasses (45ms)
	RebuildNativeTypeToScriptingClass (15ms)
	initialDomainReloadingComplete (45ms)
	LoadAllAssembliesAndSetupDomain (645ms)
		LoadAssemblies (464ms)
		RebuildTransferFunctionScriptingTraits (0ms)
		AnalyzeDomain (300ms)
			TypeCache.Refresh (225ms)
				TypeCache.ScanAssembly (207ms)
			BuildScriptInfoCaches (59ms)
			ResolveRequiredComponents (12ms)
	FinalizeReload (1244ms)
		ReleaseScriptCaches (0ms)
		RebuildScriptCaches (0ms)
		SetupLoadedEditorAssemblies (828ms)
			LogAssemblyErrors (0ms)
			InitializePlatformSupportModulesInManaged (14ms)
			SetLoadedEditorAssemblies (6ms)
			BeforeProcessingInitializeOnLoad (238ms)
			ProcessInitializeOnLoadAttributes (460ms)
			ProcessInitializeOnLoadMethodAttributes (104ms)
			AfterProcessingInitializeOnLoad (6ms)
			EditorAssembliesLoaded (0ms)
		ExecutionOrderSort2 (0ms)
		AwakeInstancesAfterBackupRestoration (10ms)
2026-03-24T07:33:17.272Z|0x8e88|Launched and connected shader compiler UnityShaderCompiler.exe after 0.03 seconds
2026-03-24T07:33:18.424Z|0x8e88|Refreshing native plugins compatible for Editor in 0.73 ms, found 2 plugins.
2026-03-24T07:33:18.424Z|0x8e88|Preloading 0 native plugins for Editor in 0.00 ms.
2026-03-24T07:33:18.426Z|0xde50|Unloading 17 Unused Serialized files (Serialized files now loaded: 0)
2026-03-24T07:33:18.437Z|0x8e88|Unloading 4704 unused Assets / (3.8 MB). Loaded Objects now: 5506.
Memory consumption went from 131.0 MB to 127.2 MB.
2026-03-24T07:33:18.437Z|0x8e88|Total: 10.677100 ms (FindLiveObjects: 0.681900 ms CreateObjectMapping: 0.625000 ms MarkObjects: 6.637000 ms  DeleteObjects: 2.731600 ms)

2026-03-24T07:35:06.024Z|0x8e88|========================================================================
Received Import Request.
  Time since last request: 2400109.022764 seconds.
  path: Assets/Prefabs/Bullets/Bullet_HalfShotgun.prefab
  artifactKey: Guid(518d5eaa370c0cf4e93b4d03b6df306a) Importer(2089858483,b0f066a214c2f5e87bad3c948f4d605d)
2026-03-24T07:35:06.036Z|0x8e88|Start importing Assets/Prefabs/Bullets/Bullet_HalfShotgun.prefab using Guid(518d5eaa370c0cf4e93b4d03b6df306a) Importer(2089858483,b0f066a214c2f5e87bad3c948f4d605d) (ScriptedImporter) -> (artifact id: '5440288e228e174600eaa39e37b755b4') in 0.2208764 seconds
2026-03-24T07:35:06.289Z|0x8e88|Number of updated asset objects reloaded before import = 0Number of asset objects unloaded after import = 11

2026-03-24T07:35:06.289Z|0x8e88|========================================================================
Received Import Request.
  Time since last request: 0.000041 seconds.
  path: Assets/Prefabs/Bullets/Bullet_Pistol_2.prefab
  artifactKey: Guid(6d712dbcb0527a74daa5dfbaeb492c31) Importer(2089858483,b0f066a214c2f5e87bad3c948f4d605d)
2026-03-24T07:35:06.300Z|0x8e88|Start importing Assets/Prefabs/Bullets/Bullet_Pistol_2.prefab using Guid(6d712dbcb0527a74daa5dfbaeb492c31) Importer(2089858483,b0f066a214c2f5e87bad3c948f4d605d) (ScriptedImporter) -> (artifact id: 'd3cdc13b503c70cf98a5781748acbba9') in 0.0243585 seconds
2026-03-24T07:35:06.355Z|0x8e88|Number of updated asset objects reloaded before import = 0Number of asset objects unloaded after import = 11

2026-03-24T07:36:06.332Z|0x118ec|Editor requested this worker to shutdown with reason: Scaling down because of idle timeout
2026-03-24T07:36:06.349Z|0x8e88|AssetImportWorker is now disconnected from the server
2026-03-24T07:36:06.349Z|0x8e88|Process exiting
2026-03-24T07:36:06.349Z|0x8e88|Exiting without the bug reporter. Application will terminate with return code 0