2026-03-25T05:40:53.529Z|0x555c|[Licensing::Module] Trying to connect to existing licensing client channel...
2026-03-25T05:40:53.529Z|0x2dcc|Built from '6000.3/staging' branch; Version is '6000.3.8f1 (1c7db571dde0) revision 1867189'; Using compiler version '194234433'; Build Type 'Release'
2026-03-25T05:40:53.529Z|0x2dcc|OS: 'Windows 11  (10.0.26100) CoreSingleLanguage' Language: 'en' Physical Memory: 23983 MB
2026-03-25T05:40:53.529Z|0x555c|[Licensing::IpcConnector] Successfully connected to: "LicenseClient-Rajat" at "2026-03-25T05:40:53.5295985Z"
2026-03-25T05:40:53.529Z|0x2dcc|BatchMode: 1, IsHumanControllingUs: 0, StartBugReporterOnCrash: 0, Is64bit: 1
2026-03-25T05:40:53.529Z|0x2dcc|System  architecture: x64
2026-03-25T05:40:53.529Z|0x2dcc|Process architecture: x64
2026-03-25T05:40:53.529Z|0x2dcc|Date: 2026-03-25T05:40:53Z
2026-03-25T05:40:53.654Z|0x2dcc|
COMMAND LINE ARGUMENTS:
2026-03-25T05:40:53.655Z|0x2dcc|C:\Program Files\Unity\Hub\Editor\6000.3.8f1\Editor\Unity.exe
2026-03-25T05:40:53.655Z|0x2dcc|-adb2
2026-03-25T05:40:53.655Z|0x2dcc|-batchMode
2026-03-25T05:40:53.655Z|0x2dcc|-noUpm
2026-03-25T05:40:53.655Z|0x2dcc|-name
2026-03-25T05:40:53.655Z|0x2dcc|AssetImportWorker0
2026-03-25T05:40:53.655Z|0x2dcc|-projectPath
2026-03-25T05:40:53.655Z|0x2dcc|D:/Work/rigidbody-fps-controller-tutorial
2026-03-25T05:40:53.655Z|0x2dcc|-logFile
2026-03-25T05:40:53.655Z|0x2dcc|Logs/AssetImportWorker0.log
2026-03-25T05:40:53.655Z|0x2dcc|-srvPort
2026-03-25T05:40:53.655Z|0x2dcc|56574
2026-03-25T05:40:53.655Z|0x2dcc|-licensingIpc
2026-03-25T05:40:53.655Z|0x2dcc|LicenseClient-Rajat
2026-03-25T05:40:53.655Z|0x2dcc|-job-worker-count
2026-03-25T05:40:53.655Z|0x2dcc|7
2026-03-25T05:40:53.655Z|0x2dcc|-background-job-worker-count
2026-03-25T05:40:53.655Z|0x2dcc|8
2026-03-25T05:40:53.655Z|0x2dcc|-gc-helper-count
2026-03-25T05:40:53.655Z|0x2dcc|1
2026-03-25T05:40:53.655Z|0x2dcc|-name
2026-03-25T05:40:53.655Z|0x2dcc|AssetImport
2026-03-25T05:40:53.655Z|0x2dcc|Successfully changed project path to: D:/Work/rigidbody-fps-controller-tutorial
2026-03-25T05:40:53.656Z|0x2dcc|D:/Work/rigidbody-fps-controller-tutorial
2026-03-25T05:40:53.656Z|0x2dcc|[UnityMemory] Configuration Parameters - Can be set up in boot.config
2026-03-25T05:40:53.656Z|0x2dcc|    "memorysetup-temp-allocator-size-nav-mesh-worker=65536"
2026-03-25T05:40:53.656Z|0x2dcc|    "memorysetup-temp-allocator-size-audio-worker=65536"
2026-03-25T05:40:53.656Z|0x2dcc|    "memorysetup-temp-allocator-size-gfx=262144"
2026-03-25T05:40:53.656Z|0x2dcc|    "memorysetup-allocator-temp-initial-block-size-main=262144"
2026-03-25T05:40:53.656Z|0x2dcc|    "memorysetup-allocator-temp-initial-block-size-worker=262144"
2026-03-25T05:40:53.656Z|0x2dcc|    "memorysetup-temp-allocator-size-background-worker=32768"
2026-03-25T05:40:53.656Z|0x2dcc|    "memorysetup-temp-allocator-size-job-worker=262144"
2026-03-25T05:40:53.656Z|0x2dcc|    "memorysetup-temp-allocator-size-preload-manager=33554432"
2026-03-25T05:40:53.656Z|0x2dcc|    "memorysetup-temp-allocator-size-gi-baking-worker=262144"
2026-03-25T05:40:53.656Z|0x2dcc|    "memorysetup-temp-allocator-size-gi-baking-worker=262144"
2026-03-25T05:40:53.656Z|0x2dcc|    "memorysetup-temp-allocator-size-gi-baking-worker=262144"
2026-03-25T05:40:53.656Z|0x2dcc|    "memorysetup-temp-allocator-size-gi-baking-worker=262144"
2026-03-25T05:40:53.657Z|0x2dcc|    "memorysetup-temp-allocator-size-gi-baking-worker=262144"
2026-03-25T05:40:53.657Z|0x2dcc|    "memorysetup-bucket-allocator-granularity=16"
2026-03-25T05:40:53.657Z|0x2dcc|    "memorysetup-bucket-allocator-bucket-count=8"
2026-03-25T05:40:53.657Z|0x2dcc|    "memorysetup-bucket-allocator-block-size=33554432"
2026-03-25T05:40:53.657Z|0x2dcc|    "memorysetup-bucket-allocator-block-count=8"
2026-03-25T05:40:53.657Z|0x2dcc|    "memorysetup-main-allocator-block-size=16777216"
2026-03-25T05:40:53.657Z|0x2dcc|    "memorysetup-thread-allocator-block-size=16777216"
2026-03-25T05:40:53.657Z|0x2dcc|    "memorysetup-gfx-main-allocator-block-size=16777216"
2026-03-25T05:40:53.657Z|0x2dcc|    "memorysetup-gfx-thread-allocator-block-size=16777216"
2026-03-25T05:40:53.657Z|0x2dcc|    "memorysetup-cache-allocator-block-size=4194304"
2026-03-25T05:40:53.657Z|0x2dcc|    "memorysetup-typetree-allocator-block-size=2097152"
2026-03-25T05:40:53.657Z|0x2dcc|    "memorysetup-profiler-bucket-allocator-granularity=16"
2026-03-25T05:40:53.657Z|0x2dcc|    "memorysetup-profiler-bucket-allocator-bucket-count=8"
2026-03-25T05:40:53.657Z|0x2dcc|    "memorysetup-profiler-bucket-allocator-block-size=33554432"
2026-03-25T05:40:53.657Z|0x2dcc|    "memorysetup-profiler-bucket-allocator-block-count=8"
2026-03-25T05:40:53.657Z|0x2dcc|    "memorysetup-profiler-allocator-block-size=16777216"
2026-03-25T05:40:53.657Z|0x2dcc|    "memorysetup-profiler-editor-allocator-block-size=1048576"
2026-03-25T05:40:53.657Z|0x2dcc|    "memorysetup-temp-allocator-size-main=16777216"
2026-03-25T05:40:53.657Z|0x2dcc|    "memorysetup-job-temp-allocator-block-size=2097152"
2026-03-25T05:40:53.657Z|0x2dcc|    "memorysetup-job-temp-allocator-block-size-background=1048576"
2026-03-25T05:40:53.657Z|0x2dcc|    "memorysetup-job-temp-allocator-reduction-small-platforms=262144"
2026-03-25T05:40:53.657Z|0x2dcc|    "memorysetup-temp-allocator-size-cloud-worker=32768"
2026-03-25T05:40:53.667Z|0x2dcc|Player connection [11724]  Target information:

2026-03-25T05:40:53.667Z|0x2dcc|Player connection [11724]  * "[IP] 192.168.3.130 [Port] 0 [Flags] 2 [Guid] 4087687839 [EditorId] 4087687839 [Version] 1048832 [Id] WindowsEditor(7,Rajat) [Debug] 1 [PackageName] WindowsEditor [ProjectName] Editor" 

2026-03-25T05:40:53.670Z|0x2dcc|Player connection [11724] Host joined multi-casting on [225.0.0.222:54997]...
2026-03-25T05:40:53.671Z|0x2dcc|Player connection [11724] Host joined alternative multi-casting on [225.0.0.222:34997]...
2026-03-25T05:40:53.671Z|0x2dcc|JobSystem: Creating JobQueue using job-worker-count value 7
2026-03-25T05:40:53.678Z|0x2dcc|Input System module state changed to: Initialized.
2026-03-25T05:40:53.679Z|0x2dcc|[Physics::Module] Initialized fallback backend.
2026-03-25T05:40:53.679Z|0x2dcc|[Physics::Module] Id: 0xdecafbad
2026-03-25T05:40:53.728Z|0x2dcc|Library Redirect Path: Library/
2026-03-25T05:40:53.774Z|0x2dcc|[Physics::Module] Selected backend.
2026-03-25T05:40:53.774Z|0x2dcc|[Physics::Module] Name: PhysX
2026-03-25T05:40:53.774Z|0x2dcc|[Physics::Module] Id: 0xf2b8ea05
2026-03-25T05:40:53.774Z|0x2dcc|[Physics::Module] SDK Version: 4.1.2
2026-03-25T05:40:53.774Z|0x2dcc|[Physics::Module] Integration Version: 1.0.0
2026-03-25T05:40:53.774Z|0x2dcc|[Physics::Module] Threading Mode: Multi-Threaded
2026-03-25T05:40:53.793Z|0x2dcc|Refreshing native plugins compatible for Editor in 10.50 ms, found 3 plugins.
2026-03-25T05:40:53.793Z|0x2dcc|Preloading 0 native plugins for Editor in 0.00 ms.
2026-03-25T05:40:53.794Z|0x2dcc|Initialize engine version: 6000.3.8f1 (1c7db571dde0)
2026-03-25T05:40:53.794Z|0x2dcc|[Subsystems] Discovering subsystems at path C:/Program Files/Unity/Hub/Editor/6000.3.8f1/Editor/Data/Resources/UnitySubsystems
2026-03-25T05:40:53.794Z|0x2dcc|[Subsystems] Discovering subsystems at path D:/Work/rigidbody-fps-controller-tutorial/Assets
2026-03-25T05:40:53.795Z|0x2dcc|GfxDevice: creating device client; kGfxThreadingModeNonThreaded
2026-03-25T05:40:54.128Z|0x2dcc|Direct3D:
2026-03-25T05:40:54.128Z|0x2dcc|    Version:  Direct3D 11.0 [level 11.1]
2026-03-25T05:40:54.128Z|0x2dcc|    Renderer: NVIDIA GeForce GTX 1650 (ID=0x1f9d)
2026-03-25T05:40:54.128Z|0x2dcc|    Vendor:   NVIDIA
2026-03-25T05:40:54.128Z|0x2dcc|    VRAM:     3937 MB
2026-03-25T05:40:54.128Z|0x2dcc|    Driver:   32.0.15.7700
2026-03-25T05:40:54.327Z|0x2dcc|Initialize mono
2026-03-25T05:40:54.327Z|0x2dcc|Mono path[0] = 'C:/Program Files/Unity/Hub/Editor/6000.3.8f1/Editor/Data/Managed'
2026-03-25T05:40:54.327Z|0x2dcc|Mono path[1] = 'C:/Program Files/Unity/Hub/Editor/6000.3.8f1/Editor/Data/MonoBleedingEdge/lib/mono/unityjit-win32'
2026-03-25T05:40:54.327Z|0x2dcc|Mono config path = 'C:/Program Files/Unity/Hub/Editor/6000.3.8f1/Editor/Data/MonoBleedingEdge/etc'
2026-03-25T05:40:54.327Z|0x2dcc|Using monoOptions --debugger-agent=transport=dt_socket,embedding=1,server=y,suspend=n,address=127.0.0.1:56600
2026-03-25T05:40:54.424Z|0x2dcc|Begin MonoManager ReloadAssembly
2026-03-25T05:40:54.810Z|0x2dcc|Registering precompiled unity dll's ...
2026-03-25T05:40:54.811Z|0x2dcc|Register platform support module: C:/Program Files/Unity/Hub/Editor/6000.3.8f1/Editor/Data/PlaybackEngines/WebGLSupport/UnityEditor.WebGL.Extensions.dll
2026-03-25T05:40:54.812Z|0x2dcc|Register platform support module: C:/Program Files/Unity/Hub/Editor/6000.3.8f1/Editor/Data/PlaybackEngines/WindowsStandaloneSupport/UnityEditor.WindowsStandalone.Extensions.dll
2026-03-25T05:40:54.813Z|0x2dcc|[Licensing::Module] Licensing is not yet initialized.
2026-03-25T05:40:54.874Z|0x555c|[Licensing::Client] Handshaking with LicensingClient:
  Version:                 1.17.4+4293ba1
  Session Id:              7dc19010c74f4ca59e06f275de67d5a6
  Correlation Id:          908a789f1b7585b21ed49361f52e8b09
  External correlation Id: 4859687406386624859
  Machine Id:              bZLnVjDChyW3KAMtcXptXTvD4Rw=
2026-03-25T05:40:54.874Z|0x555c|[Licensing::Module] Successfully connected to LicensingClient on channel: "LicenseClient-Rajat" (connect: 0.00s, validation: 0.00s, handshake: 1.34s)
2026-03-25T05:40:54.874Z|0x555c|[Licensing::IpcConnector] Successfully connected to: "LicenseClient-Rajat-notifications" at "2026-03-25T05:40:54.8749636Z"
2026-03-25T05:40:54.874Z|0x555c|[Licensing::Module] Licensing Background thread has ended after 1.35s
2026-03-25T05:40:54.875Z|0x2dcc|[Licensing::Module] Licensing is initialized (took 0.06s).
2026-03-25T05:40:54.882Z|0x2dcc|[Licensing::Client] Successfully resolved entitlement details
2026-03-25T05:40:54.882Z|0x2dcc|[Licensing::Module] License group:
  Id: 13469681201219-rendered-ideas-softgame-pvt-ltd-UnitXXXX
  Product: Unity Pro
  Type: Assigned
  Expiration: 2026-04-07T00:00:00Z
2026-03-25T05:40:54.882Z|0x2dcc|Register platform support module: C:/Program Files/Unity/Hub/Editor/6000.3.8f1/Editor/Data/PlaybackEngines/AndroidPlayer/UnityEditor.Android.Extensions.dll
2026-03-25T05:40:54.884Z|0x2dcc|Registered in 0.073471 seconds.
2026-03-25T05:40:55.164Z|0x2dcc|- Loaded All Assemblies, in  0.741 seconds
2026-03-25T05:40:55.261Z|0x2dcc|Native extension for Android target not found
2026-03-25T05:40:55.638Z|0x2dcc|Android Extension - Scanning For ADB Devices 323 ms
Native extension for WindowsStandalone target not found
2026-03-25T05:40:55.639Z|0x2dcc|Native extension for WebGL target not found
2026-03-25T05:40:56.105Z|0x2dcc|ScheduleIndexationOnStartup MainProcess:False IndexOnStartup:True
Mono: successfully reloaded assembly
2026-03-25T05:40:56.147Z|0x2dcc|- Finished resetting the current domain, in  0.983 seconds
2026-03-25T05:40:56.148Z|0x2dcc|Domain Reload Profiling: 1721ms
	BeginReloadAssembly (255ms)
		ExecutionOrderSort (0ms)
		DisableScriptedObjects (0ms)
		BackupInstance (0ms)
		ReleaseScriptingObjects (0ms)
		CreateAndSetChildDomain (1ms)
	RebuildCommonClasses (73ms)
	RebuildNativeTypeToScriptingClass (23ms)
	initialDomainReloadingComplete (149ms)
	LoadAllAssembliesAndSetupDomain (238ms)
		LoadAssemblies (251ms)
		RebuildTransferFunctionScriptingTraits (0ms)
		AnalyzeDomain (231ms)
			TypeCache.Refresh (229ms)
				TypeCache.ScanAssembly (211ms)
			BuildScriptInfoCaches (0ms)
			ResolveRequiredComponents (1ms)
	FinalizeReload (983ms)
		ReleaseScriptCaches (0ms)
		RebuildScriptCaches (0ms)
		SetupLoadedEditorAssemblies (940ms)
			LogAssemblyErrors (0ms)
			InitializePlatformSupportModulesInManaged (451ms)
			SetLoadedEditorAssemblies (6ms)
			BeforeProcessingInitializeOnLoad (155ms)
			ProcessInitializeOnLoadAttributes (229ms)
			ProcessInitializeOnLoadMethodAttributes (99ms)
			AfterProcessingInitializeOnLoad (0ms)
			EditorAssembliesLoaded (0ms)
		ExecutionOrderSort2 (0ms)
		AwakeInstancesAfterBackupRestoration (0ms)
2026-03-25T05:40:56.281Z|0x2dcc|Assembly reference Packages/com.unity.cinemachine/Editor/Samples/ExposeHDRPInternals/HDRP-Editor-ref.asmref has no target assembly definition
========================================================================
2026-03-25T05:40:56.364Z|0x2dcc|Worker process is ready to serve import requests
2026-03-25T05:40:56.367Z|0x2dcc|Import Worker Mode flag is 0x00
2026-03-25T05:40:56.428Z|0x2dcc|Assembly reference Packages/com.unity.cinemachine/Editor/Samples/ExposeHDRPInternals/HDRP-Editor-ref.asmref has no target assembly definition
Assembly reference Packages/com.unity.cinemachine/Editor/Samples/ExposeHDRPInternals/HDRP-Editor-ref.asmref has no target assembly definition
Begin MonoManager ReloadAssembly
2026-03-25T05:40:56.619Z|0x2dcc|[Licensing::Client] Successfully resolved entitlement details
2026-03-25T05:40:57.701Z|0x2dcc|- Loaded All Assemblies, in  1.086 seconds
2026-03-25T05:40:57.867Z|0x2dcc|Assembly reference Packages/com.unity.cinemachine/Editor/Samples/ExposeHDRPInternals/HDRP-Editor-ref.asmref has no target assembly definition
'Packages/com.unity.cinemachine/Editor/Obsolete/CinemachineVirtualCameraBaseEditor.cs' contains partial class of Unity.Object, exactly 1 of the partial classes needs to be in a file with the same filename. This is to know the one that can be referenced from ie. GameObjects
2026-03-25T05:40:57.995Z|0x2dcc|'Packages/com.unity.cinemachine/Editor/Editors/CinemachineVirtualCameraBaseEditor.cs' contains partial class of Unity.Object, exactly 1 of the partial classes needs to be in a file with the same filename. This is to know the one that can be referenced from ie. GameObjects
2026-03-25T05:40:58.029Z|0x2dcc|Refreshing native plugins compatible for Editor in 0.86 ms, found 3 plugins.
2026-03-25T05:40:58.260Z|0x2dcc|Native extension for Android target not found
2026-03-25T05:40:58.269Z|0x2dcc|Native extension for WindowsStandalone target not found
2026-03-25T05:40:58.271Z|0x2dcc|Native extension for WebGL target not found
2026-03-25T05:40:58.509Z|0x2dcc|Assembly reference Packages/com.unity.cinemachine/Editor/Samples/ExposeHDRPInternals/HDRP-Editor-ref.asmref has no target assembly definition
[MODES] ModeService[none].Initialize
[MODES] ModeService[none].LoadModes
[MODES] Loading mode Default (0) for mode-current-id-tutorial
Package Manager log level set to [2]
2026-03-25T05:40:58.921Z|0x2dcc|[Package Manager] Failed to launch server process. Reason: Unity was launched with the -noUpm command-line argument
2026-03-25T05:40:58.921Z|0x2dcc|[Package Manager] Unable to send message (not connected to server process).
2026-03-25T05:40:58.921Z|0x2dcc|[Package Manager] Cannot connect to Unity Package Manager local server
2026-03-25T05:40:58.936Z|0x2dcc|[Package Manager] Failed to launch server process. Reason: Unity was launched with the -noUpm command-line argument
2026-03-25T05:40:58.937Z|0x2dcc|[Package Manager] Unable to send message (not connected to server process).
2026-03-25T05:40:58.937Z|0x2dcc|[Package Manager] Cannot connect to Unity Package Manager local server
2026-03-25T05:40:59.261Z|0x2dcc|ScheduleIndexationOnStartup MainProcess:False IndexOnStartup:True
Mono: successfully reloaded assembly
2026-03-25T05:40:59.322Z|0x2dcc|- Finished resetting the current domain, in  1.291 seconds
2026-03-25T05:40:59.322Z|0x2dcc|Domain Reload Profiling: 2375ms
	BeginReloadAssembly (252ms)
		ExecutionOrderSort (0ms)
		DisableScriptedObjects (7ms)
		BackupInstance (0ms)
		ReleaseScriptingObjects (0ms)
		CreateAndSetChildDomain (56ms)
	RebuildCommonClasses (50ms)
	RebuildNativeTypeToScriptingClass (15ms)
	initialDomainReloadingComplete (46ms)
	LoadAllAssembliesAndSetupDomain (719ms)
		LoadAssemblies (505ms)
		RebuildTransferFunctionScriptingTraits (0ms)
		AnalyzeDomain (341ms)
			TypeCache.Refresh (252ms)
				TypeCache.ScanAssembly (230ms)
			BuildScriptInfoCaches (70ms)
			ResolveRequiredComponents (13ms)
	FinalizeReload (1292ms)
		ReleaseScriptCaches (0ms)
		RebuildScriptCaches (0ms)
		SetupLoadedEditorAssemblies (1029ms)
			LogAssemblyErrors (0ms)
			InitializePlatformSupportModulesInManaged (16ms)
			SetLoadedEditorAssemblies (10ms)
			BeforeProcessingInitializeOnLoad (312ms)
			ProcessInitializeOnLoadAttributes (589ms)
			ProcessInitializeOnLoadMethodAttributes (96ms)
			AfterProcessingInitializeOnLoad (6ms)
			EditorAssembliesLoaded (0ms)
		ExecutionOrderSort2 (0ms)
		AwakeInstancesAfterBackupRestoration (6ms)
2026-03-25T05:40:59.507Z|0x2dcc|Launched and connected shader compiler UnityShaderCompiler.exe after 0.01 seconds
2026-03-25T05:41:00.014Z|0x2dcc|Refreshing native plugins compatible for Editor in 2.62 ms, found 3 plugins.
2026-03-25T05:41:00.014Z|0x2dcc|Preloading 0 native plugins for Editor in 0.00 ms.
2026-03-25T05:41:00.018Z|0x5d34|Unloading 17 Unused Serialized files (Serialized files now loaded: 0)
2026-03-25T05:41:00.045Z|0x2dcc|Unloading 5047 unused Assets / (3.1 MB). Loaded Objects now: 5868.
Memory consumption went from 134.1 MB to 131.0 MB.
2026-03-25T05:41:00.046Z|0x2dcc|Total: 23.615500 ms (FindLiveObjects: 1.947200 ms CreateObjectMapping: 1.917100 ms MarkObjects: 14.818400 ms  DeleteObjects: 4.930300 ms)

2026-03-25T05:41:00.047Z|0x2dcc|========================================================================
Received Import Request.
  Time since last request: 2479664.389990 seconds.
  path: Assets/TextMesh Pro/Shaders/TMP_SDF.shader
  artifactKey: Guid(68e6db2ebdc24f95958faec2be5558d6) Importer(2089858483,b0f066a214c2f5e87bad3c948f4d605d)
2026-03-25T05:41:00.066Z|0x2dcc|Start importing Assets/TextMesh Pro/Shaders/TMP_SDF.shader using Guid(68e6db2ebdc24f95958faec2be5558d6) Importer(2089858483,b0f066a214c2f5e87bad3c948f4d605d) (ScriptedImporter) -> (artifact id: 'ceeef9a4f80520a9e05277940a3488f3') in 0.2018613 seconds
2026-03-25T05:41:00.542Z|0x2dcc|Number of updated asset objects reloaded before import = 0Number of asset objects unloaded after import = 1

2026-03-25T05:41:00.542Z|0x2dcc|========================================================================
Received Import Request.
  Time since last request: 0.000043 seconds.
  path: Assets/TextMesh Pro/Sprites
  artifactKey: Guid(d0603b6d5186471b96c778c3949c7ce2) Importer(2089858483,b0f066a214c2f5e87bad3c948f4d605d)
2026-03-25T05:41:00.567Z|0x2dcc|Start importing Assets/TextMesh Pro/Sprites using Guid(d0603b6d5186471b96c778c3949c7ce2) Importer(2089858483,b0f066a214c2f5e87bad3c948f4d605d) (ScriptedImporter) -> (artifact id: 'd2b577d6de8c6967a3afdf41e58e63a0') in 0.0471419 seconds
2026-03-25T05:41:00.746Z|0x2dcc|Number of updated asset objects reloaded before import = 0Number of asset objects unloaded after import = 1

2026-03-25T05:41:00.747Z|0x2dcc|========================================================================
Received Import Request.
  Time since last request: 0.000073 seconds.
  path: Assets/TextMesh Pro/Resources/Fonts & Materials/LiberationSans SDF - Outline.mat
  artifactKey: Guid(79459efec17a4d00a321bdcc27bbc385) Importer(2089858483,b0f066a214c2f5e87bad3c948f4d605d)
2026-03-25T05:41:00.829Z|0x2dcc|Start importing Assets/TextMesh Pro/Resources/Fonts & Materials/LiberationSans SDF - Outline.mat using Guid(79459efec17a4d00a321bdcc27bbc385) Importer(2089858483,b0f066a214c2f5e87bad3c948f4d605d) (ScriptedImporter) -> (artifact id: 'f312df244cbb33564b4cb3b3d3ca7d14') in 0.1558968 seconds
2026-03-25T05:41:01.078Z|0x2dcc|Number of updated asset objects reloaded before import = 0Number of asset objects unloaded after import = 2

2026-03-25T05:41:01.078Z|0x2dcc|========================================================================
Received Import Request.
  Time since last request: 0.000048 seconds.
  path: Assets/TextMesh Pro/Shaders/TMP_SDF-HDRP UNLIT.shadergraph
  artifactKey: Guid(f63d574838ccfb44f84acc05fed0af48) Importer(2089858483,b0f066a214c2f5e87bad3c948f4d605d)
2026-03-25T05:41:01.118Z|0x2dcc|Start importing Assets/TextMesh Pro/Shaders/TMP_SDF-HDRP UNLIT.shadergraph using Guid(f63d574838ccfb44f84acc05fed0af48) Importer(2089858483,b0f066a214c2f5e87bad3c948f4d605d) (ScriptedImporter) -> (artifact id: '3d200edd2dcd8e4448201e830636c95c') in 0.1670425 seconds
2026-03-25T05:41:01.350Z|0x2dcc|Number of updated asset objects reloaded before import = 0Number of asset objects unloaded after import = 3

2026-03-25T05:41:01.350Z|0x2dcc|========================================================================
Received Import Request.
  Time since last request: 0.000061 seconds.
  path: Assets/Scripts/PlayerShoot.cs
  artifactKey: Guid(422123fee89e3634ebfe704e07dc2488) Importer(2089858483,b0f066a214c2f5e87bad3c948f4d605d)
2026-03-25T05:41:01.370Z|0x2dcc|Start importing Assets/Scripts/PlayerShoot.cs using Guid(422123fee89e3634ebfe704e07dc2488) Importer(2089858483,b0f066a214c2f5e87bad3c948f4d605d) (ScriptedImporter) -> (artifact id: '96ac002ea4226d134af0f6ffc0ee7abe') in 0.0418654 seconds
2026-03-25T05:41:01.477Z|0x2dcc|Number of updated asset objects reloaded before import = 0Number of asset objects unloaded after import = 0

2026-03-25T05:41:01.478Z|0x2dcc|========================================================================
Received Import Request.
  Time since last request: 0.000031 seconds.
  path: Assets/TextMesh Pro/Shaders/TMPro_Properties.cginc
  artifactKey: Guid(3997e2241185407d80309a82f9148466) Importer(2089858483,b0f066a214c2f5e87bad3c948f4d605d)
2026-03-25T05:41:01.495Z|0x2dcc|Start importing Assets/TextMesh Pro/Shaders/TMPro_Properties.cginc using Guid(3997e2241185407d80309a82f9148466) Importer(2089858483,b0f066a214c2f5e87bad3c948f4d605d) (ScriptedImporter) -> (artifact id: '62d0c103a100efe7a47480ad29b0a9db') in 0.0565687 seconds
2026-03-25T05:41:01.611Z|0x2dcc|Number of updated asset objects reloaded before import = 0Number of asset objects unloaded after import = 1

2026-03-25T05:41:01.611Z|0x2dcc|========================================================================
Received Import Request.
  Time since last request: 0.000046 seconds.
  path: Assets/Scenes/MainMovement.unity
  artifactKey: Guid(9fc0d4010bbf28b4594072e72b8655ab) Importer(2089858483,b0f066a214c2f5e87bad3c948f4d605d)
2026-03-25T05:41:01.634Z|0x2dcc|Start importing Assets/Scenes/MainMovement.unity using Guid(9fc0d4010bbf28b4594072e72b8655ab) Importer(2089858483,b0f066a214c2f5e87bad3c948f4d605d) (ScriptedImporter) -> (artifact id: '3909496a2ede5df8381006230fb1d61d') in 0.0428702 seconds
2026-03-25T05:41:01.724Z|0x2dcc|Number of updated asset objects reloaded before import = 0Number of asset objects unloaded after import = 1

2026-03-25T05:41:01.724Z|0x2dcc|========================================================================
Received Import Request.
  Time since last request: 0.000055 seconds.
  path: Assets/TextMesh Pro/Shaders/TMP_Bitmap-Custom-Atlas.shader
  artifactKey: Guid(48bb5f55d8670e349b6e614913f9d910) Importer(2089858483,b0f066a214c2f5e87bad3c948f4d605d)
2026-03-25T05:41:01.743Z|0x2dcc|Start importing Assets/TextMesh Pro/Shaders/TMP_Bitmap-Custom-Atlas.shader using Guid(48bb5f55d8670e349b6e614913f9d910) Importer(2089858483,b0f066a214c2f5e87bad3c948f4d605d) (ScriptedImporter) -> (artifact id: 'cf11b2d4dfd3730f397652854aa0e646') in 0.0297653 seconds
2026-03-25T05:41:01.822Z|0x2dcc|Number of updated asset objects reloaded before import = 0Number of asset objects unloaded after import = 1

2026-03-25T05:41:01.823Z|0x2dcc|========================================================================
Received Import Request.
  Time since last request: 0.000074 seconds.
  path: Assets/Scripts/Scriptable Objects/Gun Objects/HalfShotgun/HalfShotgun.asset
  artifactKey: Guid(a05cff05ad012cd468ae1629ace8c381) Importer(2089858483,b0f066a214c2f5e87bad3c948f4d605d)
2026-03-25T05:41:01.836Z|0x2dcc|Start importing Assets/Scripts/Scriptable Objects/Gun Objects/HalfShotgun/HalfShotgun.asset using Guid(a05cff05ad012cd468ae1629ace8c381) Importer(2089858483,b0f066a214c2f5e87bad3c948f4d605d) (ScriptedImporter) -> (artifact id: '48611be00fa3b3f1348b98b81bbce18e') in 0.0263619 seconds
2026-03-25T05:41:01.895Z|0x2dcc|Number of updated asset objects reloaded before import = 0Number of asset objects unloaded after import = 1

2026-03-25T05:41:01.895Z|0x2dcc|========================================================================
Received Import Request.
  Time since last request: 0.000023 seconds.
  path: Assets/TextMesh Pro/Resources/LineBreaking Leading Characters.txt
  artifactKey: Guid(d82c1b31c7e74239bff1220585707d2b) Importer(2089858483,b0f066a214c2f5e87bad3c948f4d605d)
2026-03-25T05:41:01.907Z|0x2dcc|Start importing Assets/TextMesh Pro/Resources/LineBreaking Leading Characters.txt using Guid(d82c1b31c7e74239bff1220585707d2b) Importer(2089858483,b0f066a214c2f5e87bad3c948f4d605d) (ScriptedImporter) -> (artifact id: 'ba1c9c853f47148845d940e60561d1f9') in 0.0190025 seconds
2026-03-25T05:41:01.955Z|0x2dcc|Number of updated asset objects reloaded before import = 0Number of asset objects unloaded after import = 1

2026-03-25T05:41:01.955Z|0x2dcc|========================================================================
Received Import Request.
  Time since last request: 0.000034 seconds.
  path: Assets/TextMesh Pro/Resources/Sprite Assets
  artifactKey: Guid(512a49d95c0c4332bdd98131869c23c9) Importer(2089858483,b0f066a214c2f5e87bad3c948f4d605d)
2026-03-25T05:41:01.967Z|0x2dcc|Start importing Assets/TextMesh Pro/Resources/Sprite Assets using Guid(512a49d95c0c4332bdd98131869c23c9) Importer(2089858483,b0f066a214c2f5e87bad3c948f4d605d) (ScriptedImporter) -> (artifact id: '3d3d3a6c9874a8dd152d48d2e4e6b649') in 0.0169273 seconds
2026-03-25T05:41:02.025Z|0x2dcc|Number of updated asset objects reloaded before import = 0Number of asset objects unloaded after import = 1

2026-03-25T05:41:02.025Z|0x2dcc|========================================================================
Received Import Request.
  Time since last request: 0.000068 seconds.
  path: Assets/TextMesh Pro/Fonts
  artifactKey: Guid(6ab70aee4d56447429c680537fbf93ed) Importer(2089858483,b0f066a214c2f5e87bad3c948f4d605d)
2026-03-25T05:41:02.037Z|0x2dcc|Start importing Assets/TextMesh Pro/Fonts using Guid(6ab70aee4d56447429c680537fbf93ed) Importer(2089858483,b0f066a214c2f5e87bad3c948f4d605d) (ScriptedImporter) -> (artifact id: 'f56abdd52b7062e014936edced2975f9') in 0.0175333 seconds
2026-03-25T05:41:02.081Z|0x2dcc|Number of updated asset objects reloaded before import = 0Number of asset objects unloaded after import = 1

2026-03-25T05:41:02.081Z|0x2dcc|========================================================================
Received Import Request.
  Time since last request: 0.000039 seconds.
  path: Assets/TextMesh Pro/Resources/TMP Settings.asset
  artifactKey: Guid(3f5b5dff67a942289a9defa416b206f3) Importer(2089858483,b0f066a214c2f5e87bad3c948f4d605d)
2026-03-25T05:41:02.094Z|0x2dcc|Start importing Assets/TextMesh Pro/Resources/TMP Settings.asset using Guid(3f5b5dff67a942289a9defa416b206f3) Importer(2089858483,b0f066a214c2f5e87bad3c948f4d605d) (ScriptedImporter) -> (artifact id: 'b97ade2731d16ed2731c39be6c21702a') in 0.071062 seconds
2026-03-25T05:41:02.195Z|0x2dcc|Number of updated asset objects reloaded before import = 0Number of asset objects unloaded after import = 15

2026-03-25T05:41:02.195Z|0x2dcc|========================================================================
Received Import Request.
  Time since last request: 0.000029 seconds.
  path: Assets/TextMesh Pro/Shaders/TMP_SDF-URP Unlit.shadergraph
  artifactKey: Guid(124c112a6e8f1a54e8b0870e881b56d8) Importer(2089858483,b0f066a214c2f5e87bad3c948f4d605d)
2026-03-25T05:41:02.207Z|0x2dcc|Start importing Assets/TextMesh Pro/Shaders/TMP_SDF-URP Unlit.shadergraph using Guid(124c112a6e8f1a54e8b0870e881b56d8) Importer(2089858483,b0f066a214c2f5e87bad3c948f4d605d) (ScriptedImporter) -> (artifact id: 'e9b7b8493a1fe03dea2cac806b932645') in 0.0489724 seconds
2026-03-25T05:41:02.282Z|0x2dcc|Number of updated asset objects reloaded before import = 0Number of asset objects unloaded after import = 4

2026-03-25T05:41:02.283Z|0x2dcc|========================================================================
Received Import Request.
  Time since last request: 0.000036 seconds.
  path: Assets/TextMesh Pro/Resources/Fonts & Materials/LiberationSans SDF - Fallback.asset
  artifactKey: Guid(2e498d1c8094910479dc3e1b768306a4) Importer(2089858483,b0f066a214c2f5e87bad3c948f4d605d)
2026-03-25T05:41:02.294Z|0x2dcc|Start importing Assets/TextMesh Pro/Resources/Fonts & Materials/LiberationSans SDF - Fallback.asset using Guid(2e498d1c8094910479dc3e1b768306a4) Importer(2089858483,b0f066a214c2f5e87bad3c948f4d605d) (ScriptedImporter) -> (artifact id: '55c9fba13df91ded03f1eaa1bb2b0b05') in 0.065868 seconds
2026-03-25T05:41:02.387Z|0x2dcc|Number of updated asset objects reloaded before import = 0Number of asset objects unloaded after import = 5

2026-03-25T06:22:58.297Z|0x2dcc|========================================================================
Received Import Request.
  Time since last request: 2516.174112 seconds.
  path: Assets/Scenes/MainMovement.unity
  artifactKey: Guid(9fc0d4010bbf28b4594072e72b8655ab) Importer(2089858483,b0f066a214c2f5e87bad3c948f4d605d)
2026-03-25T06:22:58.315Z|0x2dcc|Start importing Assets/Scenes/MainMovement.unity using Guid(9fc0d4010bbf28b4594072e72b8655ab) Importer(2089858483,b0f066a214c2f5e87bad3c948f4d605d) (ScriptedImporter) -> (artifact id: '4b1c15379589cbc1b8a714a495af6bc0') in 0.0397114 seconds
2026-03-25T06:22:59.452Z|0x2dcc|Number of updated asset objects reloaded before import = 0Number of asset objects unloaded after import = 1

2026-03-25T06:24:01.061Z|0x2dcc|========================================================================
Received Import Request.
  Time since last request: 61.613300 seconds.
  path: Assets/Scenes/MainMovement.unity
  artifactKey: Guid(9fc0d4010bbf28b4594072e72b8655ab) Importer(2089858483,b0f066a214c2f5e87bad3c948f4d605d)
2026-03-25T06:24:01.072Z|0x2dcc|Start importing Assets/Scenes/MainMovement.unity using Guid(9fc0d4010bbf28b4594072e72b8655ab) Importer(2089858483,b0f066a214c2f5e87bad3c948f4d605d) (ScriptedImporter) -> (artifact id: '710222def250b1cecf063424f744cf96') in 0.0259044 seconds
2026-03-25T06:24:01.126Z|0x2dcc|Number of updated asset objects reloaded before import = 0Number of asset objects unloaded after import = 1

2026-03-25T06:24:11.967Z|0x2dcc|========================================================================
Received Import Request.
  Time since last request: 10.842050 seconds.
  path: Assets/Scripts/Zombie
  artifactKey: Guid(bf8faa82553488745af8c99c874a44a9) Importer(2089858483,b0f066a214c2f5e87bad3c948f4d605d)
2026-03-25T06:24:11.979Z|0x2dcc|Start importing Assets/Scripts/Zombie using Guid(bf8faa82553488745af8c99c874a44a9) Importer(2089858483,b0f066a214c2f5e87bad3c948f4d605d) (ScriptedImporter) -> (artifact id: 'f5b71e21c5d091d6770e3b7bf837b004') in 0.0182782 seconds
2026-03-25T06:24:12.031Z|0x2dcc|Number of updated asset objects reloaded before import = 0Number of asset objects unloaded after import = 1

2026-03-25T06:35:13.808Z|0x2dcc|========================================================================
2026-03-25T06:35:13.808Z|0x2dcc|Received Prepare
2026-03-25T06:35:13.969Z|0x2dcc|'Packages/com.unity.cinemachine/Editor/Obsolete/CinemachineVirtualCameraBaseEditor.cs' contains partial class of Unity.Object, exactly 1 of the partial classes needs to be in a file with the same filename. This is to know the one that can be referenced from ie. GameObjects
2026-03-25T06:35:14.023Z|0x2dcc|'Packages/com.unity.cinemachine/Editor/Editors/CinemachineVirtualCameraBaseEditor.cs' contains partial class of Unity.Object, exactly 1 of the partial classes needs to be in a file with the same filename. This is to know the one that can be referenced from ie. GameObjects
2026-03-25T06:35:22.723Z|0x2dcc|Refreshing native plugins compatible for Editor in 3.20 ms, found 3 plugins.
2026-03-25T06:35:22.723Z|0x2dcc|Preloading 0 native plugins for Editor in 0.00 ms.
2026-03-25T06:35:22.724Z|0x5d34|Unloading 17 Unused Serialized files (Serialized files now loaded: 0)
2026-03-25T06:35:22.813Z|0x2dcc|Unloading 5039 unused Assets / (3.9 MB). Loaded Objects now: 5871.
Memory consumption went from 133.8 MB to 130.0 MB.
2026-03-25T06:35:22.813Z|0x2dcc|Total: 88.624400 ms (FindLiveObjects: 1.941900 ms CreateObjectMapping: 1.879900 ms MarkObjects: 66.832000 ms  DeleteObjects: 17.966900 ms)

2026-03-25T06:35:22.814Z|0x2dcc|Prepare: number of updated asset objects reloaded= 0
2026-03-25T06:35:22.816Z|0x2dcc|========================================================================
2026-03-25T06:35:22.816Z|0x2dcc|Received Prepare
2026-03-25T06:35:22.921Z|0x2dcc|'Packages/com.unity.cinemachine/Editor/Obsolete/CinemachineVirtualCameraBaseEditor.cs' contains partial class of Unity.Object, exactly 1 of the partial classes needs to be in a file with the same filename. This is to know the one that can be referenced from ie. GameObjects
2026-03-25T06:35:22.962Z|0x2dcc|'Packages/com.unity.cinemachine/Editor/Editors/CinemachineVirtualCameraBaseEditor.cs' contains partial class of Unity.Object, exactly 1 of the partial classes needs to be in a file with the same filename. This is to know the one that can be referenced from ie. GameObjects
2026-03-25T06:35:23.835Z|0x2dcc|Refreshing native plugins compatible for Editor in 2.12 ms, found 3 plugins.
2026-03-25T06:35:23.835Z|0x2dcc|Preloading 0 native plugins for Editor in 0.00 ms.
2026-03-25T06:35:23.836Z|0x5d34|Unloading 17 Unused Serialized files (Serialized files now loaded: 0)
2026-03-25T06:35:23.862Z|0x2dcc|Unloading 5040 unused Assets / (4.1 MB). Loaded Objects now: 5872.
Memory consumption went from 133.8 MB to 129.7 MB.
2026-03-25T06:35:23.862Z|0x2dcc|Total: 26.106000 ms (FindLiveObjects: 1.812400 ms CreateObjectMapping: 1.931200 ms MarkObjects: 17.353400 ms  DeleteObjects: 5.005600 ms)

2026-03-25T06:35:23.862Z|0x2dcc|Prepare: number of updated asset objects reloaded= 0
2026-03-25T06:35:23.863Z|0xfa88|Editor requested this worker to shutdown with reason: Scaling down because of idle timeout
2026-03-25T06:35:24.083Z|0x2dcc|AssetImportWorker is now disconnected from the server
2026-03-25T06:35:24.083Z|0x2dcc|Process exiting
2026-03-25T06:35:24.083Z|0x2dcc|Exiting without the bug reporter. Application will terminate with return code 0