2026-03-24T07:33:09.596Z|0x1809c|[Licensing::Module] Trying to connect to existing licensing client channel...
2026-03-24T07:33:09.596Z|0x10254|Built from '6000.3/staging' branch; Version is '6000.3.8f1 (1c7db571dde0) revision 1867189'; Using compiler version '194234433'; Build Type 'Release'
2026-03-24T07:33:09.596Z|0x10254|OS: 'Windows 11  (10.0.26100) CoreSingleLanguage' Language: 'en' Physical Memory: 23983 MB
2026-03-24T07:33:09.596Z|0x1809c|[Licensing::IpcConnector] Successfully connected to: "LicenseClient-Rajat" at "2026-03-24T07:33:09.5968454Z"
2026-03-24T07:33:09.596Z|0x10254|BatchMode: 1, IsHumanControllingUs: 0, StartBugReporterOnCrash: 0, Is64bit: 1
2026-03-24T07:33:09.596Z|0x10254|System  architecture: x64
2026-03-24T07:33:09.597Z|0x10254|Process architecture: x64
2026-03-24T07:33:09.597Z|0x10254|Date: 2026-03-24T07:33:09Z
2026-03-24T07:33:09.874Z|0x10254|
COMMAND LINE ARGUMENTS:
2026-03-24T07:33:09.874Z|0x10254|C:\Program Files\Unity\Hub\Editor\6000.3.8f1\Editor\Unity.exe
2026-03-24T07:33:09.874Z|0x10254|-adb2
2026-03-24T07:33:09.874Z|0x10254|-batchMode
2026-03-24T07:33:09.874Z|0x10254|-noUpm
2026-03-24T07:33:09.874Z|0x10254|-name
2026-03-24T07:33:09.874Z|0x10254|AssetImportWorker4
2026-03-24T07:33:09.874Z|0x10254|-projectPath
2026-03-24T07:33:09.874Z|0x10254|D:/Work/rigidbody-fps-controller-tutorial
2026-03-24T07:33:09.874Z|0x10254|-logFile
2026-03-24T07:33:09.874Z|0x10254|Logs/AssetImportWorker4.log
2026-03-24T07:33:09.874Z|0x10254|-srvPort
2026-03-24T07:33:09.874Z|0x10254|57329
2026-03-24T07:33:09.874Z|0x10254|-licensingIpc
2026-03-24T07:33:09.874Z|0x10254|LicenseClient-Rajat
2026-03-24T07:33:09.874Z|0x10254|-job-worker-count
2026-03-24T07:33:09.874Z|0x10254|7
2026-03-24T07:33:09.874Z|0x10254|-background-job-worker-count
2026-03-24T07:33:09.874Z|0x10254|8
2026-03-24T07:33:09.874Z|0x10254|-gc-helper-count
2026-03-24T07:33:09.874Z|0x10254|1
2026-03-24T07:33:09.874Z|0x10254|-name
2026-03-24T07:33:09.874Z|0x10254|AssetImport
2026-03-24T07:33:09.874Z|0x10254|Successfully changed project path to: D:/Work/rigidbody-fps-controller-tutorial
2026-03-24T07:33:09.875Z|0x10254|D:/Work/rigidbody-fps-controller-tutorial
2026-03-24T07:33:09.876Z|0x10254|[UnityMemory] Configuration Parameters - Can be set up in boot.config
2026-03-24T07:33:09.876Z|0x10254|    "memorysetup-temp-allocator-size-nav-mesh-worker=65536"
2026-03-24T07:33:09.876Z|0x10254|    "memorysetup-temp-allocator-size-audio-worker=65536"
2026-03-24T07:33:09.876Z|0x10254|    "memorysetup-temp-allocator-size-gfx=262144"
2026-03-24T07:33:09.876Z|0x10254|    "memorysetup-allocator-temp-initial-block-size-main=262144"
2026-03-24T07:33:09.876Z|0x10254|    "memorysetup-allocator-temp-initial-block-size-worker=262144"
2026-03-24T07:33:09.876Z|0x10254|    "memorysetup-temp-allocator-size-background-worker=32768"
2026-03-24T07:33:09.876Z|0x10254|    "memorysetup-temp-allocator-size-job-worker=262144"
2026-03-24T07:33:09.876Z|0x10254|    "memorysetup-temp-allocator-size-preload-manager=33554432"
2026-03-24T07:33:09.876Z|0x10254|    "memorysetup-temp-allocator-size-gi-baking-worker=262144"
2026-03-24T07:33:09.876Z|0x10254|    "memorysetup-temp-allocator-size-gi-baking-worker=262144"
2026-03-24T07:33:09.876Z|0x10254|    "memorysetup-temp-allocator-size-gi-baking-worker=262144"
2026-03-24T07:33:09.876Z|0x10254|    "memorysetup-temp-allocator-size-gi-baking-worker=262144"
2026-03-24T07:33:09.876Z|0x10254|    "memorysetup-temp-allocator-size-gi-baking-worker=262144"
2026-03-24T07:33:09.876Z|0x10254|    "memorysetup-bucket-allocator-granularity=16"
2026-03-24T07:33:09.876Z|0x10254|    "memorysetup-bucket-allocator-bucket-count=8"
2026-03-24T07:33:09.876Z|0x10254|    "memorysetup-bucket-allocator-block-size=33554432"
2026-03-24T07:33:09.876Z|0x10254|    "memorysetup-bucket-allocator-block-count=8"
2026-03-24T07:33:09.876Z|0x10254|    "memorysetup-main-allocator-block-size=16777216"
2026-03-24T07:33:09.876Z|0x10254|    "memorysetup-thread-allocator-block-size=16777216"
2026-03-24T07:33:09.876Z|0x10254|    "memorysetup-gfx-main-allocator-block-size=16777216"
2026-03-24T07:33:09.876Z|0x10254|    "memorysetup-gfx-thread-allocator-block-size=16777216"
2026-03-24T07:33:09.876Z|0x10254|    "memorysetup-cache-allocator-block-size=4194304"
2026-03-24T07:33:09.876Z|0x10254|    "memorysetup-typetree-allocator-block-size=2097152"
2026-03-24T07:33:09.876Z|0x10254|    "memorysetup-profiler-bucket-allocator-granularity=16"
2026-03-24T07:33:09.876Z|0x10254|    "memorysetup-profiler-bucket-allocator-bucket-count=8"
2026-03-24T07:33:09.876Z|0x10254|    "memorysetup-profiler-bucket-allocator-block-size=33554432"
2026-03-24T07:33:09.876Z|0x10254|    "memorysetup-profiler-bucket-allocator-block-count=8"
2026-03-24T07:33:09.876Z|0x10254|    "memorysetup-profiler-allocator-block-size=16777216"
2026-03-24T07:33:09.876Z|0x10254|    "memorysetup-profiler-editor-allocator-block-size=1048576"
2026-03-24T07:33:09.876Z|0x10254|    "memorysetup-temp-allocator-size-main=16777216"
2026-03-24T07:33:09.876Z|0x10254|    "memorysetup-job-temp-allocator-block-size=2097152"
2026-03-24T07:33:09.876Z|0x10254|    "memorysetup-job-temp-allocator-block-size-background=1048576"
2026-03-24T07:33:09.876Z|0x10254|    "memorysetup-job-temp-allocator-reduction-small-platforms=262144"
2026-03-24T07:33:09.876Z|0x10254|    "memorysetup-temp-allocator-size-cloud-worker=32768"
2026-03-24T07:33:09.886Z|0x10254|Player connection [66132]  Target information:

2026-03-24T07:33:09.886Z|0x10254|Player connection [66132]  * "[IP] 192.168.3.130 [Port] 0 [Flags] 2 [Guid] 3675181407 [EditorId] 3675181407 [Version] 1048832 [Id] WindowsEditor(7,Rajat) [Debug] 1 [PackageName] WindowsEditor [ProjectName] Editor" 

2026-03-24T07:33:09.888Z|0x10254|Player connection [66132] Host joined multi-casting on [225.0.0.222:54997]...
2026-03-24T07:33:09.888Z|0x10254|Player connection [66132] Host joined alternative multi-casting on [225.0.0.222:34997]...
2026-03-24T07:33:09.889Z|0x10254|JobSystem: Creating JobQueue using job-worker-count value 7
2026-03-24T07:33:09.898Z|0x10254|Input System module state changed to: Initialized.
2026-03-24T07:33:09.899Z|0x10254|[Physics::Module] Initialized fallback backend.
2026-03-24T07:33:09.899Z|0x10254|[Physics::Module] Id: 0xdecafbad
2026-03-24T07:33:09.982Z|0x10254|Library Redirect Path: Library/
2026-03-24T07:33:10.047Z|0x10254|[Physics::Module] Selected backend.
2026-03-24T07:33:10.047Z|0x10254|[Physics::Module] Name: PhysX
2026-03-24T07:33:10.047Z|0x10254|[Physics::Module] Id: 0xf2b8ea05
2026-03-24T07:33:10.047Z|0x10254|[Physics::Module] SDK Version: 4.1.2
2026-03-24T07:33:10.047Z|0x10254|[Physics::Module] Integration Version: 1.0.0
2026-03-24T07:33:10.047Z|0x10254|[Physics::Module] Threading Mode: Multi-Threaded
2026-03-24T07:33:10.130Z|0x10254|Refreshing native plugins compatible for Editor in 71.13 ms, found 2 plugins.
2026-03-24T07:33:10.130Z|0x10254|Preloading 0 native plugins for Editor in 0.00 ms.
2026-03-24T07:33:10.130Z|0x10254|Initialize engine version: 6000.3.8f1 (1c7db571dde0)
2026-03-24T07:33:10.130Z|0x10254|[Subsystems] Discovering subsystems at path C:/Program Files/Unity/Hub/Editor/6000.3.8f1/Editor/Data/Resources/UnitySubsystems
2026-03-24T07:33:10.130Z|0x10254|[Subsystems] Discovering subsystems at path D:/Work/rigidbody-fps-controller-tutorial/Assets
2026-03-24T07:33:10.131Z|0x10254|GfxDevice: creating device client; kGfxThreadingModeNonThreaded
2026-03-24T07:33:10.395Z|0x10254|Direct3D:
2026-03-24T07:33:10.395Z|0x10254|    Version:  Direct3D 11.0 [level 11.1]
2026-03-24T07:33:10.395Z|0x10254|    Renderer: NVIDIA GeForce GTX 1650 (ID=0x1f9d)
2026-03-24T07:33:10.395Z|0x10254|    Vendor:   NVIDIA
2026-03-24T07:33:10.395Z|0x10254|    VRAM:     3937 MB
2026-03-24T07:33:10.395Z|0x10254|    Driver:   32.0.15.7700
2026-03-24T07:33:10.839Z|0x1809c|[Licensing::Client] Handshaking with LicensingClient:
  Version:                 1.17.4+4293ba1
  Session Id:              08465460d94042b2ba30b8cea8d8ad32
  Correlation Id:          5b8ead10a56030e887729f7244401493
  External correlation Id: 3486064273458054508
  Machine Id:              bZLnVjDChyW3KAMtcXptXTvD4Rw=
2026-03-24T07:33:10.839Z|0x1809c|[Licensing::Module] Successfully connected to LicensingClient on channel: "LicenseClient-Rajat" (connect: 0.00s, validation: 0.00s, handshake: 1.24s)
2026-03-24T07:33:10.839Z|0x1809c|[Licensing::IpcConnector] Successfully connected to: "LicenseClient-Rajat-notifications" at "2026-03-24T07:33:10.8397679Z"
2026-03-24T07:33:10.839Z|0x1809c|[Licensing::Module] Licensing Background thread has ended after 1.24s
2026-03-24T07:33:10.951Z|0x10254|Initialize mono
2026-03-24T07:33:10.952Z|0x10254|Mono path[0] = 'C:/Program Files/Unity/Hub/Editor/6000.3.8f1/Editor/Data/Managed'
2026-03-24T07:33:10.952Z|0x10254|Mono path[1] = 'C:/Program Files/Unity/Hub/Editor/6000.3.8f1/Editor/Data/MonoBleedingEdge/lib/mono/unityjit-win32'
2026-03-24T07:33:10.952Z|0x10254|Mono config path = 'C:/Program Files/Unity/Hub/Editor/6000.3.8f1/Editor/Data/MonoBleedingEdge/etc'
2026-03-24T07:33:10.952Z|0x10254|Using monoOptions --debugger-agent=transport=dt_socket,embedding=1,server=y,suspend=n,address=127.0.0.1:56020
2026-03-24T07:33:11.044Z|0x10254|Begin MonoManager ReloadAssembly
2026-03-24T07:33:11.570Z|0x10254|Registering precompiled unity dll's ...
2026-03-24T07:33:11.571Z|0x10254|Register platform support module: C:/Program Files/Unity/Hub/Editor/6000.3.8f1/Editor/Data/PlaybackEngines/WebGLSupport/UnityEditor.WebGL.Extensions.dll
2026-03-24T07:33:11.571Z|0x10254|Register platform support module: C:/Program Files/Unity/Hub/Editor/6000.3.8f1/Editor/Data/PlaybackEngines/WindowsStandaloneSupport/UnityEditor.WindowsStandalone.Extensions.dll
2026-03-24T07:33:11.574Z|0x10254|[Licensing::Client] Successfully resolved entitlement details
2026-03-24T07:33:11.575Z|0x10254|[Licensing::Module] License group:
  Id: 13469681201219-rendered-ideas-softgame-pvt-ltd-UnitXXXX
  Product: Unity Pro
  Type: Assigned
  Expiration: 2026-04-07T00:00:00Z
2026-03-24T07:33:11.575Z|0x10254|Register platform support module: C:/Program Files/Unity/Hub/Editor/6000.3.8f1/Editor/Data/PlaybackEngines/AndroidPlayer/UnityEditor.Android.Extensions.dll
2026-03-24T07:33:11.576Z|0x10254|Registered in 0.006663 seconds.
2026-03-24T07:33:13.076Z|0x10254|- Loaded All Assemblies, in  2.033 seconds
2026-03-24T07:33:13.182Z|0x10254|Native extension for Android target not found
2026-03-24T07:33:13.597Z|0x10254|Android Extension - Scanning For ADB Devices 371 ms
Native extension for WindowsStandalone target not found
2026-03-24T07:33:13.598Z|0x10254|Native extension for WebGL target not found
2026-03-24T07:33:14.010Z|0x10254|ScheduleIndexationOnStartup MainProcess:False IndexOnStartup:True
Mono: successfully reloaded assembly
2026-03-24T07:33:14.061Z|0x10254|- Finished resetting the current domain, in  0.985 seconds
2026-03-24T07:33:14.062Z|0x10254|Domain Reload Profiling: 3015ms
	BeginReloadAssembly (204ms)
		ExecutionOrderSort (0ms)
		DisableScriptedObjects (0ms)
		BackupInstance (0ms)
		ReleaseScriptingObjects (0ms)
		CreateAndSetChildDomain (1ms)
	RebuildCommonClasses (284ms)
	RebuildNativeTypeToScriptingClass (15ms)
	initialDomainReloadingComplete (62ms)
	LoadAllAssembliesAndSetupDomain (1465ms)
		LoadAssemblies (202ms)
		RebuildTransferFunctionScriptingTraits (0ms)
		AnalyzeDomain (1460ms)
			TypeCache.Refresh (1457ms)
				TypeCache.ScanAssembly (1141ms)
			BuildScriptInfoCaches (0ms)
			ResolveRequiredComponents (1ms)
	FinalizeReload (985ms)
		ReleaseScriptCaches (0ms)
		RebuildScriptCaches (0ms)
		SetupLoadedEditorAssemblies (930ms)
			LogAssemblyErrors (0ms)
			InitializePlatformSupportModulesInManaged (485ms)
			SetLoadedEditorAssemblies (5ms)
			BeforeProcessingInitializeOnLoad (116ms)
			ProcessInitializeOnLoadAttributes (212ms)
			ProcessInitializeOnLoadMethodAttributes (112ms)
			AfterProcessingInitializeOnLoad (0ms)
			EditorAssembliesLoaded (0ms)
		ExecutionOrderSort2 (0ms)
		AwakeInstancesAfterBackupRestoration (0ms)
2026-03-24T07:33:14.208Z|0x10254|Assembly reference Packages/com.unity.cinemachine/Editor/Samples/ExposeHDRPInternals/HDRP-Editor-ref.asmref has no target assembly definition
========================================================================
2026-03-24T07:33:14.289Z|0x10254|Worker process is ready to serve import requests
2026-03-24T07:33:14.292Z|0x10254|Import Worker Mode flag is 0x00
2026-03-24T07:33:14.348Z|0x10254|Assembly reference Packages/com.unity.cinemachine/Editor/Samples/ExposeHDRPInternals/HDRP-Editor-ref.asmref has no target assembly definition
Assembly reference Packages/com.unity.cinemachine/Editor/Samples/ExposeHDRPInternals/HDRP-Editor-ref.asmref has no target assembly definition
Begin MonoManager ReloadAssembly
2026-03-24T07:33:14.513Z|0x10254|[Licensing::Client] Successfully resolved entitlement details
2026-03-24T07:33:15.460Z|0x10254|- Loaded All Assemblies, in  0.950 seconds
2026-03-24T07:33:15.615Z|0x10254|Assembly reference Packages/com.unity.cinemachine/Editor/Samples/ExposeHDRPInternals/HDRP-Editor-ref.asmref has no target assembly definition
'Packages/com.unity.cinemachine/Editor/Obsolete/CinemachineVirtualCameraBaseEditor.cs' contains partial class of Unity.Object, exactly 1 of the partial classes needs to be in a file with the same filename. This is to know the one that can be referenced from ie. GameObjects
2026-03-24T07:33:15.733Z|0x10254|'Packages/com.unity.cinemachine/Editor/Editors/CinemachineVirtualCameraBaseEditor.cs' contains partial class of Unity.Object, exactly 1 of the partial classes needs to be in a file with the same filename. This is to know the one that can be referenced from ie. GameObjects
2026-03-24T07:33:15.764Z|0x10254|Refreshing native plugins compatible for Editor in 0.38 ms, found 2 plugins.
2026-03-24T07:33:16.219Z|0x10254|Native extension for Android target not found
2026-03-24T07:33:16.227Z|0x10254|Native extension for WindowsStandalone target not found
2026-03-24T07:33:16.227Z|0x10254|Native extension for WebGL target not found
2026-03-24T07:33:16.397Z|0x10254|Assembly reference Packages/com.unity.cinemachine/Editor/Samples/ExposeHDRPInternals/HDRP-Editor-ref.asmref has no target assembly definition
Package Manager log level set to [2]
2026-03-24T07:33:16.662Z|0x10254|[Package Manager] Failed to launch server process. Reason: Unity was launched with the -noUpm command-line argument
2026-03-24T07:33:16.662Z|0x10254|[Package Manager] Unable to send message (not connected to server process).
2026-03-24T07:33:16.662Z|0x10254|[Package Manager] Cannot connect to Unity Package Manager local server
2026-03-24T07:33:16.677Z|0x10254|[Package Manager] Failed to launch server process. Reason: Unity was launched with the -noUpm command-line argument
2026-03-24T07:33:16.677Z|0x10254|[Package Manager] Unable to send message (not connected to server process).
2026-03-24T07:33:16.677Z|0x10254|[Package Manager] Cannot connect to Unity Package Manager local server
2026-03-24T07:33:17.009Z|0x10254|ScheduleIndexationOnStartup MainProcess:False IndexOnStartup:True
Mono: successfully reloaded assembly
2026-03-24T07:33:17.076Z|0x10254|- Finished resetting the current domain, in  1.312 seconds
2026-03-24T07:33:17.077Z|0x10254|Domain Reload Profiling: 2259ms
	BeginReloadAssembly (220ms)
		ExecutionOrderSort (0ms)
		DisableScriptedObjects (8ms)
		BackupInstance (0ms)
		ReleaseScriptingObjects (0ms)
		CreateAndSetChildDomain (42ms)
	RebuildCommonClasses (50ms)
	RebuildNativeTypeToScriptingClass (15ms)
	initialDomainReloadingComplete (43ms)
	LoadAllAssembliesAndSetupDomain (618ms)
		LoadAssemblies (436ms)
		RebuildTransferFunctionScriptingTraits (0ms)
		AnalyzeDomain (299ms)
			TypeCache.Refresh (222ms)
				TypeCache.ScanAssembly (203ms)
			BuildScriptInfoCaches (60ms)
			ResolveRequiredComponents (11ms)
	FinalizeReload (1313ms)
		ReleaseScriptCaches (0ms)
		RebuildScriptCaches (0ms)
		SetupLoadedEditorAssemblies (823ms)
			LogAssemblyErrors (0ms)
			InitializePlatformSupportModulesInManaged (12ms)
			SetLoadedEditorAssemblies (7ms)
			BeforeProcessingInitializeOnLoad (238ms)
			ProcessInitializeOnLoadAttributes (455ms)
			ProcessInitializeOnLoadMethodAttributes (103ms)
			AfterProcessingInitializeOnLoad (7ms)
			EditorAssembliesLoaded (0ms)
		ExecutionOrderSort2 (0ms)
		AwakeInstancesAfterBackupRestoration (8ms)
2026-03-24T07:33:17.273Z|0x10254|Launched and connected shader compiler UnityShaderCompiler.exe after 0.04 seconds
2026-03-24T07:33:18.424Z|0x10254|Refreshing native plugins compatible for Editor in 0.70 ms, found 2 plugins.
2026-03-24T07:33:18.424Z|0x10254|Preloading 0 native plugins for Editor in 0.00 ms.
2026-03-24T07:33:18.426Z|0x162d8|Unloading 17 Unused Serialized files (Serialized files now loaded: 0)
2026-03-24T07:33:18.436Z|0x10254|Unloading 4704 unused Assets / (3.8 MB). Loaded Objects now: 5506.
Memory consumption went from 130.7 MB to 126.9 MB.
2026-03-24T07:33:18.436Z|0x10254|Total: 9.896500 ms (FindLiveObjects: 0.674500 ms CreateObjectMapping: 0.290600 ms MarkObjects: 6.324100 ms  DeleteObjects: 2.605500 ms)

2026-03-24T07:33:26.529Z|0x10254|========================================================================
Received Import Request.
  Time since last request: 2400009.524340 seconds.
  path: Assets/Prefabs/Bullets/Bullet_Assault.prefab
  artifactKey: Guid(97961d6b05c1b6c48b53dd6b1bf6ef30) Importer(815301076,1909f56bfc062723c751e8b465ee728b)
2026-03-24T07:33:26.539Z|0x10254|Start importing Assets/Prefabs/Bullets/Bullet_Assault.prefab using Guid(97961d6b05c1b6c48b53dd6b1bf6ef30) Importer(815301076,1909f56bfc062723c751e8b465ee728b) (PreviewImporter) -> (artifact id: '96cdb242905b956010e593039136e9e3') in 0.5385299 seconds
2026-03-24T07:33:27.103Z|0x10254|Number of updated asset objects reloaded before import = 0Number of asset objects unloaded after import = 12

2026-03-24T07:33:27.436Z|0x10254|========================================================================
Received Import Request.
  Time since last request: 0.331332 seconds.
  path: Assets/Prefabs/Bullets/Bullet_Assault.prefab
  artifactKey: Guid(97961d6b05c1b6c48b53dd6b1bf6ef30) Importer(2089858483,b0f066a214c2f5e87bad3c948f4d605d)
2026-03-24T07:33:27.445Z|0x10254|Start importing Assets/Prefabs/Bullets/Bullet_Assault.prefab using Guid(97961d6b05c1b6c48b53dd6b1bf6ef30) Importer(2089858483,b0f066a214c2f5e87bad3c948f4d605d) (ScriptedImporter) -> (artifact id: '84914f59fb527a2e44d4dfd052a3329b') in 0.0823454 seconds
2026-03-24T07:33:27.549Z|0x10254|Number of updated asset objects reloaded before import = 0Number of asset objects unloaded after import = 9

2026-03-24T07:33:27.664Z|0x10254|========================================================================
Received Import Request.
  Time since last request: 0.115774 seconds.
  path: Assets/Prefabs/Bullets/SM_Bullet_02.prefab
  artifactKey: Guid(3f0d5a01ac9024c409c895c090c87203) Importer(815301076,1909f56bfc062723c751e8b465ee728b)
2026-03-24T07:33:27.673Z|0x10254|Start importing Assets/Prefabs/Bullets/SM_Bullet_02.prefab using Guid(3f0d5a01ac9024c409c895c090c87203) Importer(815301076,1909f56bfc062723c751e8b465ee728b) (PreviewImporter) -> (artifact id: '05c3aac6caa82d993300a79ae23a4a1b') in 0.0127307 seconds
2026-03-24T07:33:27.708Z|0x10254|Number of updated asset objects reloaded before import = 0Number of asset objects unloaded after import = 11

2026-03-24T07:33:41.615Z|0x10254|========================================================================
Received Import Request.
  Time since last request: 13.907360 seconds.
  path: Assets/Prefabs/Bullets/Bullet_Assault_2.prefab
  artifactKey: Guid(3f0d5a01ac9024c409c895c090c87203) Importer(815301076,1909f56bfc062723c751e8b465ee728b)
2026-03-24T07:33:41.624Z|0x10254|Start importing Assets/Prefabs/Bullets/Bullet_Assault_2.prefab using Guid(3f0d5a01ac9024c409c895c090c87203) Importer(815301076,1909f56bfc062723c751e8b465ee728b) (PreviewImporter) -> (artifact id: '7cfde14186b874fc4a65d1a762af4189') in 0.0136489 seconds
2026-03-24T07:33:41.663Z|0x10254|Number of updated asset objects reloaded before import = 0Number of asset objects unloaded after import = 11

2026-03-24T07:33:42.512Z|0x10254|========================================================================
Received Import Request.
  Time since last request: 0.849123 seconds.
  path: Assets/Prefabs/Bullets/Bullet_Assault_2.prefab
  artifactKey: Guid(3f0d5a01ac9024c409c895c090c87203) Importer(2089858483,b0f066a214c2f5e87bad3c948f4d605d)
2026-03-24T07:33:42.521Z|0x10254|Start importing Assets/Prefabs/Bullets/Bullet_Assault_2.prefab using Guid(3f0d5a01ac9024c409c895c090c87203) Importer(2089858483,b0f066a214c2f5e87bad3c948f4d605d) (ScriptedImporter) -> (artifact id: '162d333d3b0bcf51750e993480b14547') in 0.0163066 seconds
2026-03-24T07:33:42.562Z|0x10254|Number of updated asset objects reloaded before import = 0Number of asset objects unloaded after import = 9

2026-03-24T07:33:42.669Z|0x10254|========================================================================
Received Import Request.
  Time since last request: 0.107047 seconds.
  path: Assets/Prefabs/Bullets/SM_Bullet_03.prefab
  artifactKey: Guid(1ec94633e9285b142841a733a59163a9) Importer(815301076,1909f56bfc062723c751e8b465ee728b)
2026-03-24T07:33:42.679Z|0x10254|Start importing Assets/Prefabs/Bullets/SM_Bullet_03.prefab using Guid(1ec94633e9285b142841a733a59163a9) Importer(815301076,1909f56bfc062723c751e8b465ee728b) (PreviewImporter) -> (artifact id: '4869fa11cd91089e1ea9dfc8289ccc87') in 0.0147257 seconds
2026-03-24T07:33:42.716Z|0x10254|Number of updated asset objects reloaded before import = 0Number of asset objects unloaded after import = 11

2026-03-24T07:33:46.968Z|0x10254|========================================================================
Received Import Request.
  Time since last request: 4.251660 seconds.
  path: Assets/Prefabs/Bullets/Bullet_Assault_3.prefab
  artifactKey: Guid(1ec94633e9285b142841a733a59163a9) Importer(815301076,1909f56bfc062723c751e8b465ee728b)
2026-03-24T07:33:46.977Z|0x10254|Start importing Assets/Prefabs/Bullets/Bullet_Assault_3.prefab using Guid(1ec94633e9285b142841a733a59163a9) Importer(815301076,1909f56bfc062723c751e8b465ee728b) (PreviewImporter) -> (artifact id: '5c4ad081155503672f74220d4a595104') in 0.012794 seconds
2026-03-24T07:33:47.013Z|0x10254|Number of updated asset objects reloaded before import = 0Number of asset objects unloaded after import = 11

2026-03-24T07:33:47.874Z|0x10254|========================================================================
Received Import Request.
  Time since last request: 0.859984 seconds.
  path: Assets/Prefabs/Bullets/Bullet_Assault_3.prefab
  artifactKey: Guid(1ec94633e9285b142841a733a59163a9) Importer(2089858483,b0f066a214c2f5e87bad3c948f4d605d)
2026-03-24T07:33:47.882Z|0x10254|Start importing Assets/Prefabs/Bullets/Bullet_Assault_3.prefab using Guid(1ec94633e9285b142841a733a59163a9) Importer(2089858483,b0f066a214c2f5e87bad3c948f4d605d) (ScriptedImporter) -> (artifact id: '92cde2fe54ab3457262e19b2cb736b55') in 0.0141245 seconds
2026-03-24T07:33:47.919Z|0x10254|Number of updated asset objects reloaded before import = 0Number of asset objects unloaded after import = 9

2026-03-24T07:33:47.965Z|0x10254|========================================================================
Received Import Request.
  Time since last request: 0.045938 seconds.
  path: Assets/Prefabs/Bullets/SM_Bullet_04.prefab
  artifactKey: Guid(65027d984d1dfc64b990d0424279c3e8) Importer(815301076,1909f56bfc062723c751e8b465ee728b)
2026-03-24T07:33:47.975Z|0x10254|Start importing Assets/Prefabs/Bullets/SM_Bullet_04.prefab using Guid(65027d984d1dfc64b990d0424279c3e8) Importer(815301076,1909f56bfc062723c751e8b465ee728b) (PreviewImporter) -> (artifact id: '3202c72db62c59a6941046231ea4a3c3') in 0.0209332 seconds
2026-03-24T07:33:48.017Z|0x10254|Number of updated asset objects reloaded before import = 0Number of asset objects unloaded after import = 11

2026-03-24T07:33:48.901Z|0x10254|========================================================================
Received Import Request.
  Time since last request: 0.884310 seconds.
  path: Assets/Prefabs/Bullets/SM_Bullet_05.prefab
  artifactKey: Guid(a067f25cbd1028148beb4f09ba880e8f) Importer(815301076,1909f56bfc062723c751e8b465ee728b)
2026-03-24T07:33:48.910Z|0x10254|Start importing Assets/Prefabs/Bullets/SM_Bullet_05.prefab using Guid(a067f25cbd1028148beb4f09ba880e8f) Importer(815301076,1909f56bfc062723c751e8b465ee728b) (PreviewImporter) -> (artifact id: 'f00720a7701c3d4eb1bb33b3d5da79c1') in 0.0143539 seconds
2026-03-24T07:33:48.948Z|0x10254|Number of updated asset objects reloaded before import = 0Number of asset objects unloaded after import = 11

2026-03-24T07:33:49.469Z|0x10254|========================================================================
Received Import Request.
  Time since last request: 0.520868 seconds.
  path: Assets/Prefabs/Bullets/SM_Bullet_07.prefab
  artifactKey: Guid(e05755fbc998c2d4aab57f1c6fbbffd4) Importer(815301076,1909f56bfc062723c751e8b465ee728b)
2026-03-24T07:33:49.478Z|0x10254|Start importing Assets/Prefabs/Bullets/SM_Bullet_07.prefab using Guid(e05755fbc998c2d4aab57f1c6fbbffd4) Importer(815301076,1909f56bfc062723c751e8b465ee728b) (PreviewImporter) -> (artifact id: '77d1ff02f7f09eff5c1ee1cd4e9c9e9b') in 0.0125876 seconds
2026-03-24T07:33:49.512Z|0x10254|Number of updated asset objects reloaded before import = 0Number of asset objects unloaded after import = 11

2026-03-24T07:33:50.421Z|0x10254|========================================================================
Received Import Request.
  Time since last request: 0.909400 seconds.
  path: Assets/Prefabs/Bullets/SM_Bullet_06.prefab
  artifactKey: Guid(6d712dbcb0527a74daa5dfbaeb492c31) Importer(815301076,1909f56bfc062723c751e8b465ee728b)
2026-03-24T07:33:50.430Z|0x10254|Start importing Assets/Prefabs/Bullets/SM_Bullet_06.prefab using Guid(6d712dbcb0527a74daa5dfbaeb492c31) Importer(815301076,1909f56bfc062723c751e8b465ee728b) (PreviewImporter) -> (artifact id: 'b585a765656f36c83e8a1c2af133645d') in 0.0132848 seconds
2026-03-24T07:33:50.467Z|0x10254|Number of updated asset objects reloaded before import = 0Number of asset objects unloaded after import = 11

2026-03-24T07:33:59.254Z|0x10254|========================================================================
Received Import Request.
  Time since last request: 8.787966 seconds.
  path: Assets/Prefabs/Bullets/Bullet_Pistol.prefab
  artifactKey: Guid(a067f25cbd1028148beb4f09ba880e8f) Importer(815301076,1909f56bfc062723c751e8b465ee728b)
2026-03-24T07:33:59.264Z|0x10254|Start importing Assets/Prefabs/Bullets/Bullet_Pistol.prefab using Guid(a067f25cbd1028148beb4f09ba880e8f) Importer(815301076,1909f56bfc062723c751e8b465ee728b) (PreviewImporter) -> (artifact id: 'f064c8c1afaab352cd27b12f8b6afcee') in 0.0160619 seconds
2026-03-24T07:33:59.306Z|0x10254|Number of updated asset objects reloaded before import = 0Number of asset objects unloaded after import = 11

2026-03-24T07:34:00.177Z|0x10254|========================================================================
Received Import Request.
  Time since last request: 0.871013 seconds.
  path: Assets/Prefabs/Bullets/Bullet_Pistol.prefab
  artifactKey: Guid(a067f25cbd1028148beb4f09ba880e8f) Importer(2089858483,b0f066a214c2f5e87bad3c948f4d605d)
2026-03-24T07:34:00.186Z|0x10254|Start importing Assets/Prefabs/Bullets/Bullet_Pistol.prefab using Guid(a067f25cbd1028148beb4f09ba880e8f) Importer(2089858483,b0f066a214c2f5e87bad3c948f4d605d) (ScriptedImporter) -> (artifact id: 'fdd5359f92a27af02e297069a91d8df2') in 0.013643 seconds
2026-03-24T07:34:00.223Z|0x10254|Number of updated asset objects reloaded before import = 0Number of asset objects unloaded after import = 9

2026-03-24T07:34:07.776Z|0x10254|========================================================================
Received Import Request.
  Time since last request: 7.552483 seconds.
  path: Assets/Prefabs/Bullets/Bullet_Pistol_2.prefab
  artifactKey: Guid(6d712dbcb0527a74daa5dfbaeb492c31) Importer(815301076,1909f56bfc062723c751e8b465ee728b)
2026-03-24T07:34:07.785Z|0x10254|Start importing Assets/Prefabs/Bullets/Bullet_Pistol_2.prefab using Guid(6d712dbcb0527a74daa5dfbaeb492c31) Importer(815301076,1909f56bfc062723c751e8b465ee728b) (PreviewImporter) -> (artifact id: '07935b862ed060fa4b0cfbf25831e837') in 0.0134126 seconds
2026-03-24T07:34:07.821Z|0x10254|Number of updated asset objects reloaded before import = 0Number of asset objects unloaded after import = 11

2026-03-24T07:34:08.682Z|0x10254|========================================================================
Received Import Request.
  Time since last request: 0.860866 seconds.
  path: Assets/Prefabs/Bullets/Bullet_Pistol_2.prefab
  artifactKey: Guid(6d712dbcb0527a74daa5dfbaeb492c31) Importer(2089858483,b0f066a214c2f5e87bad3c948f4d605d)
2026-03-24T07:34:08.691Z|0x10254|Start importing Assets/Prefabs/Bullets/Bullet_Pistol_2.prefab using Guid(6d712dbcb0527a74daa5dfbaeb492c31) Importer(2089858483,b0f066a214c2f5e87bad3c948f4d605d) (ScriptedImporter) -> (artifact id: 'a2ef8f32cad6e2c4e6dc7ad1c0853e73') in 0.013244 seconds
2026-03-24T07:34:08.725Z|0x10254|Number of updated asset objects reloaded before import = 0Number of asset objects unloaded after import = 9

2026-03-24T07:34:09.657Z|0x10254|========================================================================
Received Import Request.
  Time since last request: 0.932215 seconds.
  path: Assets/Prefabs/Bullets/SM_Bullet_08.prefab
  artifactKey: Guid(dce1dd506192bf7448eeb58f2796ade5) Importer(815301076,1909f56bfc062723c751e8b465ee728b)
2026-03-24T07:34:09.666Z|0x10254|Start importing Assets/Prefabs/Bullets/SM_Bullet_08.prefab using Guid(dce1dd506192bf7448eeb58f2796ade5) Importer(815301076,1909f56bfc062723c751e8b465ee728b) (PreviewImporter) -> (artifact id: '45faca43bb24a38ff619fb49d9261106') in 0.0133177 seconds
2026-03-24T07:34:09.703Z|0x10254|Number of updated asset objects reloaded before import = 0Number of asset objects unloaded after import = 11

2026-03-24T07:34:10.011Z|0x10254|========================================================================
Received Import Request.
  Time since last request: 0.308427 seconds.
  path: Assets/Prefabs/Bullets/SM_Bullet_09.prefab
  artifactKey: Guid(193ce499e005cb845bc57bc826163852) Importer(815301076,1909f56bfc062723c751e8b465ee728b)
2026-03-24T07:34:10.020Z|0x10254|Start importing Assets/Prefabs/Bullets/SM_Bullet_09.prefab using Guid(193ce499e005cb845bc57bc826163852) Importer(815301076,1909f56bfc062723c751e8b465ee728b) (PreviewImporter) -> (artifact id: 'd94bf0f1494344167390f179a5363e4d') in 0.0132397 seconds
2026-03-24T07:34:10.059Z|0x10254|Number of updated asset objects reloaded before import = 0Number of asset objects unloaded after import = 11

2026-03-24T07:34:19.780Z|0x10254|========================================================================
Received Import Request.
  Time since last request: 9.721739 seconds.
  path: Assets/Prefabs/Bullets/Bullet_Shotgun.prefab
  artifactKey: Guid(193ce499e005cb845bc57bc826163852) Importer(815301076,1909f56bfc062723c751e8b465ee728b)
2026-03-24T07:34:19.789Z|0x10254|Start importing Assets/Prefabs/Bullets/Bullet_Shotgun.prefab using Guid(193ce499e005cb845bc57bc826163852) Importer(815301076,1909f56bfc062723c751e8b465ee728b) (PreviewImporter) -> (artifact id: '65256643a777517127eb92e406e0527a') in 0.0141327 seconds
2026-03-24T07:34:19.828Z|0x10254|Number of updated asset objects reloaded before import = 0Number of asset objects unloaded after import = 11

2026-03-24T07:34:20.684Z|0x10254|========================================================================
Received Import Request.
  Time since last request: 0.856021 seconds.
  path: Assets/Prefabs/Bullets/Bullet_Shotgun.prefab
  artifactKey: Guid(193ce499e005cb845bc57bc826163852) Importer(2089858483,b0f066a214c2f5e87bad3c948f4d605d)
2026-03-24T07:34:20.693Z|0x10254|Start importing Assets/Prefabs/Bullets/Bullet_Shotgun.prefab using Guid(193ce499e005cb845bc57bc826163852) Importer(2089858483,b0f066a214c2f5e87bad3c948f4d605d) (ScriptedImporter) -> (artifact id: 'a1075dca0d6fb9c9f498a06e4cad0ddd') in 0.0129482 seconds
2026-03-24T07:34:20.728Z|0x10254|Number of updated asset objects reloaded before import = 0Number of asset objects unloaded after import = 9

2026-03-24T07:34:29.315Z|0x10254|========================================================================
Received Import Request.
  Time since last request: 8.587388 seconds.
  path: Assets/Prefabs/Bullets/SM_Bullet_010.prefab
  artifactKey: Guid(518d5eaa370c0cf4e93b4d03b6df306a) Importer(815301076,1909f56bfc062723c751e8b465ee728b)
2026-03-24T07:34:29.324Z|0x10254|Start importing Assets/Prefabs/Bullets/SM_Bullet_010.prefab using Guid(518d5eaa370c0cf4e93b4d03b6df306a) Importer(815301076,1909f56bfc062723c751e8b465ee728b) (PreviewImporter) -> (artifact id: 'fb941607e27024f3bec9ccc015096fd0') in 0.0135247 seconds
2026-03-24T07:34:29.361Z|0x10254|Number of updated asset objects reloaded before import = 0Number of asset objects unloaded after import = 11

2026-03-24T07:34:40.255Z|0x10254|========================================================================
Received Import Request.
  Time since last request: 10.894494 seconds.
  path: Assets/Prefabs/Bullets/HalfShotgun.prefab
  artifactKey: Guid(518d5eaa370c0cf4e93b4d03b6df306a) Importer(815301076,1909f56bfc062723c751e8b465ee728b)
2026-03-24T07:34:40.264Z|0x10254|Start importing Assets/Prefabs/Bullets/HalfShotgun.prefab using Guid(518d5eaa370c0cf4e93b4d03b6df306a) Importer(815301076,1909f56bfc062723c751e8b465ee728b) (PreviewImporter) -> (artifact id: '5b32066c6be308318df46cf36922b934') in 0.0138549 seconds
2026-03-24T07:34:40.303Z|0x10254|Number of updated asset objects reloaded before import = 0Number of asset objects unloaded after import = 11

2026-03-24T07:34:41.160Z|0x10254|========================================================================
Received Import Request.
  Time since last request: 0.857567 seconds.
  path: Assets/Prefabs/Bullets/HalfShotgun.prefab
  artifactKey: Guid(518d5eaa370c0cf4e93b4d03b6df306a) Importer(2089858483,b0f066a214c2f5e87bad3c948f4d605d)
2026-03-24T07:34:41.170Z|0x10254|Start importing Assets/Prefabs/Bullets/HalfShotgun.prefab using Guid(518d5eaa370c0cf4e93b4d03b6df306a) Importer(2089858483,b0f066a214c2f5e87bad3c948f4d605d) (ScriptedImporter) -> (artifact id: '291c1aa429a6ac92f8a941e020346eeb') in 0.0143568 seconds
2026-03-24T07:34:41.207Z|0x10254|Number of updated asset objects reloaded before import = 0Number of asset objects unloaded after import = 9

2026-03-24T07:34:47.234Z|0x10254|========================================================================
Received Import Request.
  Time since last request: 6.027216 seconds.
  path: Assets/Prefabs/Bullets/Bullet_HalfShotgun.prefab
  artifactKey: Guid(518d5eaa370c0cf4e93b4d03b6df306a) Importer(815301076,1909f56bfc062723c751e8b465ee728b)
2026-03-24T07:34:47.243Z|0x10254|Start importing Assets/Prefabs/Bullets/Bullet_HalfShotgun.prefab using Guid(518d5eaa370c0cf4e93b4d03b6df306a) Importer(815301076,1909f56bfc062723c751e8b465ee728b) (PreviewImporter) -> (artifact id: '13cd602580aac6297ac275b5ba72c5af') in 0.0121056 seconds
2026-03-24T07:34:47.279Z|0x10254|Number of updated asset objects reloaded before import = 0Number of asset objects unloaded after import = 11

2026-03-24T07:34:48.135Z|0x10254|========================================================================
Received Import Request.
  Time since last request: 0.855908 seconds.
  path: Assets/Prefabs/Bullets/Bullet_HalfShotgun.prefab
  artifactKey: Guid(518d5eaa370c0cf4e93b4d03b6df306a) Importer(2089858483,b0f066a214c2f5e87bad3c948f4d605d)
2026-03-24T07:34:48.144Z|0x10254|Start importing Assets/Prefabs/Bullets/Bullet_HalfShotgun.prefab using Guid(518d5eaa370c0cf4e93b4d03b6df306a) Importer(2089858483,b0f066a214c2f5e87bad3c948f4d605d) (ScriptedImporter) -> (artifact id: '4f93701059aefd30dae2bb98b877639a') in 0.014649 seconds
2026-03-24T07:34:48.179Z|0x10254|Number of updated asset objects reloaded before import = 0Number of asset objects unloaded after import = 9

2026-03-24T07:35:05.107Z|0x10254|========================================================================
Received Import Request.
  Time since last request: 16.927745 seconds.
  path: Assets/Prefabs/Bullets/Bullet_Assault.prefab
  artifactKey: Guid(97961d6b05c1b6c48b53dd6b1bf6ef30) Importer(815301076,1909f56bfc062723c751e8b465ee728b)
2026-03-24T07:35:05.116Z|0x10254|Start importing Assets/Prefabs/Bullets/Bullet_Assault.prefab using Guid(97961d6b05c1b6c48b53dd6b1bf6ef30) Importer(815301076,1909f56bfc062723c751e8b465ee728b) (PreviewImporter) -> (artifact id: '369111fece28650bbecd5dca24b132b9') in 0.0130902 seconds
2026-03-24T07:35:05.154Z|0x10254|Number of updated asset objects reloaded before import = 0Number of asset objects unloaded after import = 13

2026-03-24T07:35:06.024Z|0x10254|========================================================================
Received Import Request.
  Time since last request: 0.869230 seconds.
  path: Assets/Prefabs/Bullets/Bullet_Shotgun.prefab
  artifactKey: Guid(193ce499e005cb845bc57bc826163852) Importer(2089858483,b0f066a214c2f5e87bad3c948f4d605d)
2026-03-24T07:35:06.033Z|0x10254|Start importing Assets/Prefabs/Bullets/Bullet_Shotgun.prefab using Guid(193ce499e005cb845bc57bc826163852) Importer(2089858483,b0f066a214c2f5e87bad3c948f4d605d) (ScriptedImporter) -> (artifact id: 'bd10058da5af72101844328e46ef8b04') in 0.0742904 seconds
2026-03-24T07:35:06.137Z|0x10254|Number of updated asset objects reloaded before import = 0Number of asset objects unloaded after import = 11

2026-03-24T07:35:06.137Z|0x10254|========================================================================
Received Import Request.
  Time since last request: 0.000069 seconds.
  path: Assets/Prefabs/Bullets/Bullet_Assault_3.prefab
  artifactKey: Guid(1ec94633e9285b142841a733a59163a9) Importer(2089858483,b0f066a214c2f5e87bad3c948f4d605d)
2026-03-24T07:35:06.147Z|0x10254|Start importing Assets/Prefabs/Bullets/Bullet_Assault_3.prefab using Guid(1ec94633e9285b142841a733a59163a9) Importer(2089858483,b0f066a214c2f5e87bad3c948f4d605d) (ScriptedImporter) -> (artifact id: '09b208ed9f702ac84a3a59b6b8cfd530') in 0.0315778 seconds
2026-03-24T07:35:06.217Z|0x10254|Number of updated asset objects reloaded before import = 0Number of asset objects unloaded after import = 11

2026-03-24T07:35:06.217Z|0x10254|========================================================================
Received Import Request.
  Time since last request: 0.000069 seconds.
  path: Assets/Prefabs/Bullets/Bullet_Assault.prefab
  artifactKey: Guid(97961d6b05c1b6c48b53dd6b1bf6ef30) Importer(2089858483,b0f066a214c2f5e87bad3c948f4d605d)
2026-03-24T07:35:06.228Z|0x10254|Start importing Assets/Prefabs/Bullets/Bullet_Assault.prefab using Guid(97961d6b05c1b6c48b53dd6b1bf6ef30) Importer(2089858483,b0f066a214c2f5e87bad3c948f4d605d) (ScriptedImporter) -> (artifact id: '66e5ffc69c8959200c72c439993961ff') in 0.0233942 seconds
2026-03-24T07:35:06.284Z|0x10254|Number of updated asset objects reloaded before import = 0Number of asset objects unloaded after import = 11

2026-03-24T07:35:06.284Z|0x10254|========================================================================
Received Import Request.
  Time since last request: 0.000031 seconds.
  path: Assets/Prefabs/Bullets/Bullet_Assault_2.prefab
  artifactKey: Guid(3f0d5a01ac9024c409c895c090c87203) Importer(2089858483,b0f066a214c2f5e87bad3c948f4d605d)
2026-03-24T07:35:06.295Z|0x10254|Start importing Assets/Prefabs/Bullets/Bullet_Assault_2.prefab using Guid(3f0d5a01ac9024c409c895c090c87203) Importer(2089858483,b0f066a214c2f5e87bad3c948f4d605d) (ScriptedImporter) -> (artifact id: 'c4881979b340deb820029bb651089e26') in 0.0218241 seconds
2026-03-24T07:35:06.347Z|0x10254|Number of updated asset objects reloaded before import = 0Number of asset objects unloaded after import = 11

2026-03-24T07:35:06.347Z|0x10254|========================================================================
Received Import Request.
  Time since last request: 0.000051 seconds.
  path: Assets/Prefabs/Bullets/Bullet_Pistol.prefab
  artifactKey: Guid(a067f25cbd1028148beb4f09ba880e8f) Importer(2089858483,b0f066a214c2f5e87bad3c948f4d605d)
2026-03-24T07:35:06.361Z|0x10254|Start importing Assets/Prefabs/Bullets/Bullet_Pistol.prefab using Guid(a067f25cbd1028148beb4f09ba880e8f) Importer(2089858483,b0f066a214c2f5e87bad3c948f4d605d) (ScriptedImporter) -> (artifact id: '0d27d15a1b112c5a1a1ac9bf515214d7') in 0.0225193 seconds
2026-03-24T07:35:06.415Z|0x10254|Number of updated asset objects reloaded before import = 0Number of asset objects unloaded after import = 11

2026-03-24T07:36:11.346Z|0x18158|Editor requested this worker to shutdown with reason: Scaling down because of idle timeout
2026-03-24T07:36:11.509Z|0x10254|AssetImportWorker is now disconnected from the server
2026-03-24T07:36:11.509Z|0x10254|Process exiting
2026-03-24T07:36:11.509Z|0x10254|Exiting without the bug reporter. Application will terminate with return code 0