2026-03-24T10:31:29.203Z|0xb524|[Licensing::Module] Trying to connect to existing licensing client channel...
2026-03-24T10:31:29.203Z|0xf32c|Built from '6000.3/staging' branch; Version is '6000.3.8f1 (1c7db571dde0) revision 1867189'; Using compiler version '194234433'; Build Type 'Release'
2026-03-24T10:31:29.204Z|0xf32c|OS: 'Windows 11  (10.0.26100) CoreSingleLanguage' Language: 'en' Physical Memory: 23983 MB
2026-03-24T10:31:29.204Z|0xf32c|BatchMode: 1, IsHumanControllingUs: 0, StartBugReporterOnCrash: 0, Is64bit: 1
2026-03-24T10:31:29.204Z|0xb524|[Licensing::IpcConnector] Successfully connected to: "LicenseClient-Rajat" at "2026-03-24T10:31:29.2040805Z"
2026-03-24T10:31:29.204Z|0xf32c|System  architecture: x64
2026-03-24T10:31:29.204Z|0xf32c|Process architecture: x64
2026-03-24T10:31:29.204Z|0xf32c|Date: 2026-03-24T10:31:29Z
2026-03-24T10:31:29.455Z|0xf32c|
COMMAND LINE ARGUMENTS:
2026-03-24T10:31:29.455Z|0xf32c|C:\Program Files\Unity\Hub\Editor\6000.3.8f1\Editor\Unity.exe
2026-03-24T10:31:29.455Z|0xf32c|-adb2
2026-03-24T10:31:29.455Z|0xf32c|-batchMode
2026-03-24T10:31:29.455Z|0xf32c|-noUpm
2026-03-24T10:31:29.455Z|0xf32c|-name
2026-03-24T10:31:29.455Z|0xf32c|AssetImportWorker10
2026-03-24T10:31:29.455Z|0xf32c|-projectPath
2026-03-24T10:31:29.455Z|0xf32c|D:/Work/rigidbody-fps-controller-tutorial
2026-03-24T10:31:29.455Z|0xf32c|-logFile
2026-03-24T10:31:29.455Z|0xf32c|Logs/AssetImportWorker10.log
2026-03-24T10:31:29.455Z|0xf32c|-srvPort
2026-03-24T10:31:29.455Z|0xf32c|57329
2026-03-24T10:31:29.455Z|0xf32c|-licensingIpc
2026-03-24T10:31:29.455Z|0xf32c|LicenseClient-Rajat
2026-03-24T10:31:29.455Z|0xf32c|-job-worker-count
2026-03-24T10:31:29.455Z|0xf32c|7
2026-03-24T10:31:29.455Z|0xf32c|-background-job-worker-count
2026-03-24T10:31:29.455Z|0xf32c|8
2026-03-24T10:31:29.455Z|0xf32c|-gc-helper-count
2026-03-24T10:31:29.455Z|0xf32c|1
2026-03-24T10:31:29.455Z|0xf32c|-name
2026-03-24T10:31:29.455Z|0xf32c|AssetImport
2026-03-24T10:31:29.455Z|0xf32c|Successfully changed project path to: D:/Work/rigidbody-fps-controller-tutorial
2026-03-24T10:31:29.457Z|0xf32c|D:/Work/rigidbody-fps-controller-tutorial
2026-03-24T10:31:29.457Z|0xf32c|[UnityMemory] Configuration Parameters - Can be set up in boot.config
2026-03-24T10:31:29.457Z|0xf32c|    "memorysetup-temp-allocator-size-nav-mesh-worker=65536"
2026-03-24T10:31:29.457Z|0xf32c|    "memorysetup-temp-allocator-size-audio-worker=65536"
2026-03-24T10:31:29.457Z|0xf32c|    "memorysetup-temp-allocator-size-gfx=262144"
2026-03-24T10:31:29.457Z|0xf32c|    "memorysetup-allocator-temp-initial-block-size-main=262144"
2026-03-24T10:31:29.457Z|0xf32c|    "memorysetup-allocator-temp-initial-block-size-worker=262144"
2026-03-24T10:31:29.457Z|0xf32c|    "memorysetup-temp-allocator-size-background-worker=32768"
2026-03-24T10:31:29.457Z|0xf32c|    "memorysetup-temp-allocator-size-job-worker=262144"
2026-03-24T10:31:29.457Z|0xf32c|    "memorysetup-temp-allocator-size-preload-manager=33554432"
2026-03-24T10:31:29.457Z|0xf32c|    "memorysetup-temp-allocator-size-gi-baking-worker=262144"
2026-03-24T10:31:29.457Z|0xf32c|    "memorysetup-temp-allocator-size-gi-baking-worker=262144"
2026-03-24T10:31:29.457Z|0xf32c|    "memorysetup-temp-allocator-size-gi-baking-worker=262144"
2026-03-24T10:31:29.457Z|0xf32c|    "memorysetup-temp-allocator-size-gi-baking-worker=262144"
2026-03-24T10:31:29.457Z|0xf32c|    "memorysetup-temp-allocator-size-gi-baking-worker=262144"
2026-03-24T10:31:29.457Z|0xf32c|    "memorysetup-bucket-allocator-granularity=16"
2026-03-24T10:31:29.457Z|0xf32c|    "memorysetup-bucket-allocator-bucket-count=8"
2026-03-24T10:31:29.457Z|0xf32c|    "memorysetup-bucket-allocator-block-size=33554432"
2026-03-24T10:31:29.457Z|0xf32c|    "memorysetup-bucket-allocator-block-count=8"
2026-03-24T10:31:29.457Z|0xf32c|    "memorysetup-main-allocator-block-size=16777216"
2026-03-24T10:31:29.457Z|0xf32c|    "memorysetup-thread-allocator-block-size=16777216"
2026-03-24T10:31:29.457Z|0xf32c|    "memorysetup-gfx-main-allocator-block-size=16777216"
2026-03-24T10:31:29.457Z|0xf32c|    "memorysetup-gfx-thread-allocator-block-size=16777216"
2026-03-24T10:31:29.457Z|0xf32c|    "memorysetup-cache-allocator-block-size=4194304"
2026-03-24T10:31:29.457Z|0xf32c|    "memorysetup-typetree-allocator-block-size=2097152"
2026-03-24T10:31:29.457Z|0xf32c|    "memorysetup-profiler-bucket-allocator-granularity=16"
2026-03-24T10:31:29.457Z|0xf32c|    "memorysetup-profiler-bucket-allocator-bucket-count=8"
2026-03-24T10:31:29.458Z|0xf32c|    "memorysetup-profiler-bucket-allocator-block-size=33554432"
2026-03-24T10:31:29.458Z|0xf32c|    "memorysetup-profiler-bucket-allocator-block-count=8"
2026-03-24T10:31:29.458Z|0xf32c|    "memorysetup-profiler-allocator-block-size=16777216"
2026-03-24T10:31:29.458Z|0xf32c|    "memorysetup-profiler-editor-allocator-block-size=1048576"
2026-03-24T10:31:29.458Z|0xf32c|    "memorysetup-temp-allocator-size-main=16777216"
2026-03-24T10:31:29.458Z|0xf32c|    "memorysetup-job-temp-allocator-block-size=2097152"
2026-03-24T10:31:29.458Z|0xf32c|    "memorysetup-job-temp-allocator-block-size-background=1048576"
2026-03-24T10:31:29.458Z|0xf32c|    "memorysetup-job-temp-allocator-reduction-small-platforms=262144"
2026-03-24T10:31:29.458Z|0xf32c|    "memorysetup-temp-allocator-size-cloud-worker=32768"
2026-03-24T10:31:29.469Z|0xf32c|Player connection [62252]  Target information:

2026-03-24T10:31:29.469Z|0xf32c|Player connection [62252]  * "[IP] 192.168.3.130 [Port] 0 [Flags] 2 [Guid] 628756258 [EditorId] 628756258 [Version] 1048832 [Id] WindowsEditor(7,Rajat) [Debug] 1 [PackageName] WindowsEditor [ProjectName] Editor" 

2026-03-24T10:31:29.472Z|0xf32c|Player connection [62252] Host joined multi-casting on [225.0.0.222:54997]...
2026-03-24T10:31:29.473Z|0xf32c|Player connection [62252] Host joined alternative multi-casting on [225.0.0.222:34997]...
2026-03-24T10:31:29.473Z|0xf32c|JobSystem: Creating JobQueue using job-worker-count value 7
2026-03-24T10:31:29.481Z|0xf32c|Input System module state changed to: Initialized.
2026-03-24T10:31:29.483Z|0xf32c|[Physics::Module] Initialized fallback backend.
2026-03-24T10:31:29.483Z|0xf32c|[Physics::Module] Id: 0xdecafbad
2026-03-24T10:31:29.540Z|0xf32c|Library Redirect Path: Library/
2026-03-24T10:31:29.585Z|0xf32c|[Physics::Module] Selected backend.
2026-03-24T10:31:29.585Z|0xf32c|[Physics::Module] Name: PhysX
2026-03-24T10:31:29.585Z|0xf32c|[Physics::Module] Id: 0xf2b8ea05
2026-03-24T10:31:29.585Z|0xf32c|[Physics::Module] SDK Version: 4.1.2
2026-03-24T10:31:29.585Z|0xf32c|[Physics::Module] Integration Version: 1.0.0
2026-03-24T10:31:29.585Z|0xf32c|[Physics::Module] Threading Mode: Multi-Threaded
2026-03-24T10:31:29.606Z|0xf32c|Refreshing native plugins compatible for Editor in 12.39 ms, found 3 plugins.
2026-03-24T10:31:29.606Z|0xf32c|Preloading 0 native plugins for Editor in 0.00 ms.
2026-03-24T10:31:29.607Z|0xf32c|Initialize engine version: 6000.3.8f1 (1c7db571dde0)
2026-03-24T10:31:29.607Z|0xf32c|[Subsystems] Discovering subsystems at path C:/Program Files/Unity/Hub/Editor/6000.3.8f1/Editor/Data/Resources/UnitySubsystems
2026-03-24T10:31:29.607Z|0xf32c|[Subsystems] Discovering subsystems at path D:/Work/rigidbody-fps-controller-tutorial/Assets
2026-03-24T10:31:29.607Z|0xf32c|GfxDevice: creating device client; kGfxThreadingModeNonThreaded
2026-03-24T10:31:29.817Z|0xf32c|Direct3D:
2026-03-24T10:31:29.817Z|0xf32c|    Version:  Direct3D 11.0 [level 11.1]
2026-03-24T10:31:29.817Z|0xf32c|    Renderer: NVIDIA GeForce GTX 1650 (ID=0x1f9d)
2026-03-24T10:31:29.817Z|0xf32c|    Vendor:   NVIDIA
2026-03-24T10:31:29.817Z|0xf32c|    VRAM:     3937 MB
2026-03-24T10:31:29.817Z|0xf32c|    Driver:   32.0.15.7700
2026-03-24T10:31:29.983Z|0xf32c|Initialize mono
2026-03-24T10:31:29.983Z|0xf32c|Mono path[0] = 'C:/Program Files/Unity/Hub/Editor/6000.3.8f1/Editor/Data/Managed'
2026-03-24T10:31:29.983Z|0xf32c|Mono path[1] = 'C:/Program Files/Unity/Hub/Editor/6000.3.8f1/Editor/Data/MonoBleedingEdge/lib/mono/unityjit-win32'
2026-03-24T10:31:29.983Z|0xf32c|Mono config path = 'C:/Program Files/Unity/Hub/Editor/6000.3.8f1/Editor/Data/MonoBleedingEdge/etc'
2026-03-24T10:31:29.983Z|0xf32c|Using monoOptions --debugger-agent=transport=dt_socket,embedding=1,server=y,suspend=n,address=127.0.0.1:56616
2026-03-24T10:31:30.050Z|0xf32c|Begin MonoManager ReloadAssembly
2026-03-24T10:31:30.361Z|0xf32c|Registering precompiled unity dll's ...
2026-03-24T10:31:30.362Z|0xf32c|Register platform support module: C:/Program Files/Unity/Hub/Editor/6000.3.8f1/Editor/Data/PlaybackEngines/WebGLSupport/UnityEditor.WebGL.Extensions.dll
2026-03-24T10:31:30.363Z|0xf32c|Register platform support module: C:/Program Files/Unity/Hub/Editor/6000.3.8f1/Editor/Data/PlaybackEngines/WindowsStandaloneSupport/UnityEditor.WindowsStandalone.Extensions.dll
2026-03-24T10:31:30.363Z|0xf32c|[Licensing::Module] Licensing is not yet initialized.
2026-03-24T10:31:30.381Z|0xb524|[Licensing::Client] Handshaking with LicensingClient:
  Version:                 1.17.4+4293ba1
  Session Id:              9b6c06bfe89c4890af9fd644f88e94c9
  Correlation Id:          5b8ead10a56030e887729f7244401493
  External correlation Id: 6250788126696072741
  Machine Id:              bZLnVjDChyW3KAMtcXptXTvD4Rw=
2026-03-24T10:31:30.381Z|0xb524|[Licensing::Module] Successfully connected to LicensingClient on channel: "LicenseClient-Rajat" (connect: 0.00s, validation: 0.00s, handshake: 1.17s)
2026-03-24T10:31:30.381Z|0xb524|[Licensing::IpcConnector] Successfully connected to: "LicenseClient-Rajat-notifications" at "2026-03-24T10:31:30.3816988Z"
2026-03-24T10:31:30.381Z|0xb524|[Licensing::Module] Licensing Background thread has ended after 1.18s
2026-03-24T10:31:30.381Z|0xf32c|[Licensing::Module] Licensing is initialized (took 0.02s).
2026-03-24T10:31:30.384Z|0xf32c|[Licensing::Client] Successfully resolved entitlement details
2026-03-24T10:31:30.384Z|0xf32c|[Licensing::Module] License group:
  Id: 13469681201219-rendered-ideas-softgame-pvt-ltd-UnitXXXX
  Product: Unity Pro
  Type: Assigned
  Expiration: 2026-04-07T00:00:00Z
2026-03-24T10:31:30.384Z|0xf32c|Register platform support module: C:/Program Files/Unity/Hub/Editor/6000.3.8f1/Editor/Data/PlaybackEngines/AndroidPlayer/UnityEditor.Android.Extensions.dll
2026-03-24T10:31:30.386Z|0xf32c|Registered in 0.024450 seconds.
2026-03-24T10:31:30.679Z|0xf32c|- Loaded All Assemblies, in  0.629 seconds
2026-03-24T10:31:30.802Z|0xf32c|Native extension for Android target not found
2026-03-24T10:31:31.178Z|0xf32c|Android Extension - Scanning For ADB Devices 330 ms
Native extension for WindowsStandalone target not found
2026-03-24T10:31:31.180Z|0xf32c|Native extension for WebGL target not found
2026-03-24T10:31:31.631Z|0xf32c|ScheduleIndexationOnStartup MainProcess:False IndexOnStartup:True
Mono: successfully reloaded assembly
2026-03-24T10:31:31.683Z|0xf32c|- Finished resetting the current domain, in  1.004 seconds
2026-03-24T10:31:31.684Z|0xf32c|Domain Reload Profiling: 1630ms
	BeginReloadAssembly (207ms)
		ExecutionOrderSort (0ms)
		DisableScriptedObjects (0ms)
		BackupInstance (0ms)
		ReleaseScriptingObjects (0ms)
		CreateAndSetChildDomain (1ms)
	RebuildCommonClasses (55ms)
	RebuildNativeTypeToScriptingClass (22ms)
	initialDomainReloadingComplete (87ms)
	LoadAllAssembliesAndSetupDomain (256ms)
		LoadAssemblies (203ms)
		RebuildTransferFunctionScriptingTraits (0ms)
		AnalyzeDomain (251ms)
			TypeCache.Refresh (249ms)
				TypeCache.ScanAssembly (227ms)
			BuildScriptInfoCaches (0ms)
			ResolveRequiredComponents (1ms)
	FinalizeReload (1004ms)
		ReleaseScriptCaches (0ms)
		RebuildScriptCaches (0ms)
		SetupLoadedEditorAssemblies (942ms)
			LogAssemblyErrors (0ms)
			InitializePlatformSupportModulesInManaged (461ms)
			SetLoadedEditorAssemblies (5ms)
			BeforeProcessingInitializeOnLoad (134ms)
			ProcessInitializeOnLoadAttributes (231ms)
			ProcessInitializeOnLoadMethodAttributes (111ms)
			AfterProcessingInitializeOnLoad (0ms)
			EditorAssembliesLoaded (0ms)
		ExecutionOrderSort2 (0ms)
		AwakeInstancesAfterBackupRestoration (0ms)
2026-03-24T10:31:31.832Z|0xf32c|Assembly reference Packages/com.unity.cinemachine/Editor/Samples/ExposeHDRPInternals/HDRP-Editor-ref.asmref has no target assembly definition
========================================================================
2026-03-24T10:31:31.920Z|0xf32c|Worker process is ready to serve import requests
2026-03-24T10:31:31.923Z|0xf32c|Import Worker Mode flag is 0x00
2026-03-24T10:31:31.989Z|0xf32c|Assembly reference Packages/com.unity.cinemachine/Editor/Samples/ExposeHDRPInternals/HDRP-Editor-ref.asmref has no target assembly definition
Assembly reference Packages/com.unity.cinemachine/Editor/Samples/ExposeHDRPInternals/HDRP-Editor-ref.asmref has no target assembly definition
Begin MonoManager ReloadAssembly
2026-03-24T10:31:32.185Z|0xf32c|[Licensing::Client] Successfully resolved entitlement details
2026-03-24T10:31:33.301Z|0xf32c|- Loaded All Assemblies, in  1.118 seconds
2026-03-24T10:31:33.469Z|0xf32c|Assembly reference Packages/com.unity.cinemachine/Editor/Samples/ExposeHDRPInternals/HDRP-Editor-ref.asmref has no target assembly definition
'Packages/com.unity.cinemachine/Editor/Obsolete/CinemachineVirtualCameraBaseEditor.cs' contains partial class of Unity.Object, exactly 1 of the partial classes needs to be in a file with the same filename. This is to know the one that can be referenced from ie. GameObjects
2026-03-24T10:31:33.601Z|0xf32c|'Packages/com.unity.cinemachine/Editor/Editors/CinemachineVirtualCameraBaseEditor.cs' contains partial class of Unity.Object, exactly 1 of the partial classes needs to be in a file with the same filename. This is to know the one that can be referenced from ie. GameObjects
2026-03-24T10:31:33.636Z|0xf32c|Refreshing native plugins compatible for Editor in 1.32 ms, found 3 plugins.
2026-03-24T10:31:33.857Z|0xf32c|Native extension for Android target not found
2026-03-24T10:31:33.865Z|0xf32c|Native extension for WindowsStandalone target not found
2026-03-24T10:31:33.866Z|0xf32c|Native extension for WebGL target not found
2026-03-24T10:31:34.052Z|0xf32c|Assembly reference Packages/com.unity.cinemachine/Editor/Samples/ExposeHDRPInternals/HDRP-Editor-ref.asmref has no target assembly definition
[MODES] ModeService[none].Initialize
[MODES] ModeService[none].LoadModes
[MODES] Loading mode Default (0) for mode-current-id-tutorial
Package Manager log level set to [2]
2026-03-24T10:31:34.450Z|0xf32c|[Package Manager] Failed to launch server process. Reason: Unity was launched with the -noUpm command-line argument
2026-03-24T10:31:34.450Z|0xf32c|[Package Manager] Unable to send message (not connected to server process).
2026-03-24T10:31:34.450Z|0xf32c|[Package Manager] Cannot connect to Unity Package Manager local server
2026-03-24T10:31:34.466Z|0xf32c|[Package Manager] Failed to launch server process. Reason: Unity was launched with the -noUpm command-line argument
2026-03-24T10:31:34.466Z|0xf32c|[Package Manager] Unable to send message (not connected to server process).
2026-03-24T10:31:34.466Z|0xf32c|[Package Manager] Cannot connect to Unity Package Manager local server
2026-03-24T10:31:34.778Z|0xf32c|ScheduleIndexationOnStartup MainProcess:False IndexOnStartup:True
Mono: successfully reloaded assembly
2026-03-24T10:31:34.836Z|0xf32c|- Finished resetting the current domain, in  1.198 seconds
2026-03-24T10:31:34.837Z|0xf32c|Domain Reload Profiling: 2314ms
	BeginReloadAssembly (256ms)
		ExecutionOrderSort (0ms)
		DisableScriptedObjects (9ms)
		BackupInstance (0ms)
		ReleaseScriptingObjects (0ms)
		CreateAndSetChildDomain (47ms)
	RebuildCommonClasses (49ms)
	RebuildNativeTypeToScriptingClass (16ms)
	initialDomainReloadingComplete (51ms)
	LoadAllAssembliesAndSetupDomain (743ms)
		LoadAssemblies (542ms)
		RebuildTransferFunctionScriptingTraits (0ms)
		AnalyzeDomain (342ms)
			TypeCache.Refresh (259ms)
				TypeCache.ScanAssembly (238ms)
			BuildScriptInfoCaches (66ms)
			ResolveRequiredComponents (12ms)
	FinalizeReload (1200ms)
		ReleaseScriptCaches (0ms)
		RebuildScriptCaches (0ms)
		SetupLoadedEditorAssemblies (947ms)
			LogAssemblyErrors (0ms)
			InitializePlatformSupportModulesInManaged (13ms)
			SetLoadedEditorAssemblies (8ms)
			BeforeProcessingInitializeOnLoad (269ms)
			ProcessInitializeOnLoadAttributes (558ms)
			ProcessInitializeOnLoadMethodAttributes (94ms)
			AfterProcessingInitializeOnLoad (6ms)
			EditorAssembliesLoaded (0ms)
		ExecutionOrderSort2 (0ms)
		AwakeInstancesAfterBackupRestoration (6ms)
2026-03-24T10:31:35.016Z|0xf32c|Launched and connected shader compiler UnityShaderCompiler.exe after 0.02 seconds
2026-03-24T10:31:35.520Z|0xf32c|Refreshing native plugins compatible for Editor in 2.42 ms, found 3 plugins.
2026-03-24T10:31:35.520Z|0xf32c|Preloading 0 native plugins for Editor in 0.00 ms.
2026-03-24T10:31:35.523Z|0x101d8|Unloading 17 Unused Serialized files (Serialized files now loaded: 0)
2026-03-24T10:31:35.549Z|0xf32c|Unloading 5046 unused Assets / (3.9 MB). Loaded Objects now: 5853.
Memory consumption went from 130.9 MB to 126.9 MB.
2026-03-24T10:31:35.549Z|0xf32c|Total: 25.630700 ms (FindLiveObjects: 1.651600 ms CreateObjectMapping: 1.729400 ms MarkObjects: 16.151000 ms  DeleteObjects: 6.095000 ms)

2026-03-24T10:34:13.312Z|0xf32c|========================================================================
Received Import Request.
  Time since last request: 2410856.359078 seconds.
  path: Assets/Scenes/MainMovement.unity
  artifactKey: Guid(9fc0d4010bbf28b4594072e72b8655ab) Importer(2089858483,b0f066a214c2f5e87bad3c948f4d605d)
2026-03-24T10:34:13.324Z|0xf32c|Start importing Assets/Scenes/MainMovement.unity using Guid(9fc0d4010bbf28b4594072e72b8655ab) Importer(2089858483,b0f066a214c2f5e87bad3c948f4d605d) (ScriptedImporter) -> (artifact id: '0e43299c47933c6d7a7413f442d83a66') in 0.0925147 seconds
2026-03-24T10:34:13.439Z|0xf32c|Number of updated asset objects reloaded before import = 0Number of asset objects unloaded after import = 1

2026-03-24T10:34:32.362Z|0xf32c|========================================================================
Received Import Request.
  Time since last request: 18.922182 seconds.
  path: Assets/chars/WorldWar_zombie_material.mat
  artifactKey: Guid(8e3a8c7b289a34a4cb9aed041c2a6131) Importer(2089858483,b0f066a214c2f5e87bad3c948f4d605d)
2026-03-24T10:34:32.372Z|0xf32c|Start importing Assets/chars/WorldWar_zombie_material.mat using Guid(8e3a8c7b289a34a4cb9aed041c2a6131) Importer(2089858483,b0f066a214c2f5e87bad3c948f4d605d) (ScriptedImporter) -> (artifact id: '6da1828601649f4f8fd54efc4af7440b') in 0.0798074 seconds
2026-03-24T10:34:32.485Z|0xf32c|Number of updated asset objects reloaded before import = 0Number of asset objects unloaded after import = 1

2026-03-24T10:34:32.485Z|0xf32c|========================================================================
Received Import Request.
  Time since last request: 0.000047 seconds.
  path: Assets/chars/world_war_zombie_specular.png
  artifactKey: Guid(0a29ed4ae6f3fc44796519ebd7a032d5) Importer(2089858483,b0f066a214c2f5e87bad3c948f4d605d)
2026-03-24T10:34:32.501Z|0xf32c|Start importing Assets/chars/world_war_zombie_specular.png using Guid(0a29ed4ae6f3fc44796519ebd7a032d5) Importer(2089858483,b0f066a214c2f5e87bad3c948f4d605d) (ScriptedImporter)[Licensing::Client] Successfully resolved entitlement details
2026-03-24T10:34:32.621Z|0xf32c| -> (artifact id: 'd3b4fff27d41cfe2b9edb1f5b35cc691') in 0.120476 seconds
2026-03-24T10:34:32.650Z|0xf32c|Number of updated asset objects reloaded before import = 0Number of asset objects unloaded after import = 1

2026-03-24T10:35:32.637Z|0x17b40|Editor requested this worker to shutdown with reason: Scaling down because of idle timeout
2026-03-24T10:35:32.769Z|0xf32c|AssetImportWorker is now disconnected from the server
2026-03-24T10:35:32.769Z|0xf32c|Process exiting
2026-03-24T10:35:32.769Z|0xf32c|Exiting without the bug reporter. Application will terminate with return code 0