2026-03-25T05:40:53.543Z|0x16524|[Licensing::Module] Trying to connect to existing licensing client channel...
2026-03-25T05:40:53.543Z|0xe45c|Built from '6000.3/staging' branch; Version is '6000.3.8f1 (1c7db571dde0) revision 1867189'; Using compiler version '194234433'; Build Type 'Release'
2026-03-25T05:40:53.544Z|0xe45c|OS: 'Windows 11  (10.0.26100) CoreSingleLanguage' Language: 'en' Physical Memory: 23983 MB
2026-03-25T05:40:53.544Z|0x16524|[Licensing::IpcConnector] Successfully connected to: "LicenseClient-Rajat" at "2026-03-25T05:40:53.5441376Z"
2026-03-25T05:40:53.544Z|0xe45c|BatchMode: 1, IsHumanControllingUs: 0, StartBugReporterOnCrash: 0, Is64bit: 1
2026-03-25T05:40:53.544Z|0xe45c|System  architecture: x64
2026-03-25T05:40:53.544Z|0xe45c|Process architecture: x64
2026-03-25T05:40:53.545Z|0xe45c|Date: 2026-03-25T05:40:53Z
2026-03-25T05:40:53.665Z|0xe45c|
COMMAND LINE ARGUMENTS:
2026-03-25T05:40:53.665Z|0xe45c|C:\Program Files\Unity\Hub\Editor\6000.3.8f1\Editor\Unity.exe
2026-03-25T05:40:53.665Z|0xe45c|-adb2
2026-03-25T05:40:53.665Z|0xe45c|-batchMode
2026-03-25T05:40:53.665Z|0xe45c|-noUpm
2026-03-25T05:40:53.665Z|0xe45c|-name
2026-03-25T05:40:53.665Z|0xe45c|AssetImportWorker2
2026-03-25T05:40:53.665Z|0xe45c|-projectPath
2026-03-25T05:40:53.665Z|0xe45c|D:/Work/rigidbody-fps-controller-tutorial
2026-03-25T05:40:53.665Z|0xe45c|-logFile
2026-03-25T05:40:53.665Z|0xe45c|Logs/AssetImportWorker2.log
2026-03-25T05:40:53.665Z|0xe45c|-srvPort
2026-03-25T05:40:53.665Z|0xe45c|56574
2026-03-25T05:40:53.665Z|0xe45c|-licensingIpc
2026-03-25T05:40:53.665Z|0xe45c|LicenseClient-Rajat
2026-03-25T05:40:53.665Z|0xe45c|-job-worker-count
2026-03-25T05:40:53.665Z|0xe45c|7
2026-03-25T05:40:53.665Z|0xe45c|-background-job-worker-count
2026-03-25T05:40:53.665Z|0xe45c|8
2026-03-25T05:40:53.665Z|0xe45c|-gc-helper-count
2026-03-25T05:40:53.665Z|0xe45c|1
2026-03-25T05:40:53.665Z|0xe45c|-name
2026-03-25T05:40:53.665Z|0xe45c|AssetImport
2026-03-25T05:40:53.665Z|0xe45c|Successfully changed project path to: D:/Work/rigidbody-fps-controller-tutorial
2026-03-25T05:40:53.666Z|0xe45c|D:/Work/rigidbody-fps-controller-tutorial
2026-03-25T05:40:53.667Z|0xe45c|[UnityMemory] Configuration Parameters - Can be set up in boot.config
2026-03-25T05:40:53.667Z|0xe45c|    "memorysetup-temp-allocator-size-nav-mesh-worker=65536"
2026-03-25T05:40:53.667Z|0xe45c|    "memorysetup-temp-allocator-size-audio-worker=65536"
2026-03-25T05:40:53.667Z|0xe45c|    "memorysetup-temp-allocator-size-gfx=262144"
2026-03-25T05:40:53.667Z|0xe45c|    "memorysetup-allocator-temp-initial-block-size-main=262144"
2026-03-25T05:40:53.667Z|0xe45c|    "memorysetup-allocator-temp-initial-block-size-worker=262144"
2026-03-25T05:40:53.667Z|0xe45c|    "memorysetup-temp-allocator-size-background-worker=32768"
2026-03-25T05:40:53.667Z|0xe45c|    "memorysetup-temp-allocator-size-job-worker=262144"
2026-03-25T05:40:53.667Z|0xe45c|    "memorysetup-temp-allocator-size-preload-manager=33554432"
2026-03-25T05:40:53.667Z|0xe45c|    "memorysetup-temp-allocator-size-gi-baking-worker=262144"
2026-03-25T05:40:53.667Z|0xe45c|    "memorysetup-temp-allocator-size-gi-baking-worker=262144"
2026-03-25T05:40:53.667Z|0xe45c|    "memorysetup-temp-allocator-size-gi-baking-worker=262144"
2026-03-25T05:40:53.667Z|0xe45c|    "memorysetup-temp-allocator-size-gi-baking-worker=262144"
2026-03-25T05:40:53.667Z|0xe45c|    "memorysetup-temp-allocator-size-gi-baking-worker=262144"
2026-03-25T05:40:53.667Z|0xe45c|    "memorysetup-bucket-allocator-granularity=16"
2026-03-25T05:40:53.667Z|0xe45c|    "memorysetup-bucket-allocator-bucket-count=8"
2026-03-25T05:40:53.667Z|0xe45c|    "memorysetup-bucket-allocator-block-size=33554432"
2026-03-25T05:40:53.667Z|0xe45c|    "memorysetup-bucket-allocator-block-count=8"
2026-03-25T05:40:53.667Z|0xe45c|    "memorysetup-main-allocator-block-size=16777216"
2026-03-25T05:40:53.667Z|0xe45c|    "memorysetup-thread-allocator-block-size=16777216"
2026-03-25T05:40:53.667Z|0xe45c|    "memorysetup-gfx-main-allocator-block-size=16777216"
2026-03-25T05:40:53.667Z|0xe45c|    "memorysetup-gfx-thread-allocator-block-size=16777216"
2026-03-25T05:40:53.667Z|0xe45c|    "memorysetup-cache-allocator-block-size=4194304"
2026-03-25T05:40:53.667Z|0xe45c|    "memorysetup-typetree-allocator-block-size=2097152"
2026-03-25T05:40:53.667Z|0xe45c|    "memorysetup-profiler-bucket-allocator-granularity=16"
2026-03-25T05:40:53.667Z|0xe45c|    "memorysetup-profiler-bucket-allocator-bucket-count=8"
2026-03-25T05:40:53.667Z|0xe45c|    "memorysetup-profiler-bucket-allocator-block-size=33554432"
2026-03-25T05:40:53.667Z|0xe45c|    "memorysetup-profiler-bucket-allocator-block-count=8"
2026-03-25T05:40:53.667Z|0xe45c|    "memorysetup-profiler-allocator-block-size=16777216"
2026-03-25T05:40:53.667Z|0xe45c|    "memorysetup-profiler-editor-allocator-block-size=1048576"
2026-03-25T05:40:53.667Z|0xe45c|    "memorysetup-temp-allocator-size-main=16777216"
2026-03-25T05:40:53.667Z|0xe45c|    "memorysetup-job-temp-allocator-block-size=2097152"
2026-03-25T05:40:53.667Z|0xe45c|    "memorysetup-job-temp-allocator-block-size-background=1048576"
2026-03-25T05:40:53.667Z|0xe45c|    "memorysetup-job-temp-allocator-reduction-small-platforms=262144"
2026-03-25T05:40:53.667Z|0xe45c|    "memorysetup-temp-allocator-size-cloud-worker=32768"
2026-03-25T05:40:53.679Z|0xe45c|Player connection [58460]  Target information:

2026-03-25T05:40:53.679Z|0xe45c|Player connection [58460]  * "[IP] 192.168.3.130 [Port] 0 [Flags] 2 [Guid] 3376200701 [EditorId] 3376200701 [Version] 1048832 [Id] WindowsEditor(7,Rajat) [Debug] 1 [PackageName] WindowsEditor [ProjectName] Editor" 

2026-03-25T05:40:53.682Z|0xe45c|Player connection [58460] Host joined multi-casting on [225.0.0.222:54997]...
2026-03-25T05:40:53.682Z|0xe45c|Player connection [58460] Host joined alternative multi-casting on [225.0.0.222:34997]...
2026-03-25T05:40:53.683Z|0xe45c|JobSystem: Creating JobQueue using job-worker-count value 7
2026-03-25T05:40:53.689Z|0xe45c|Input System module state changed to: Initialized.
2026-03-25T05:40:53.690Z|0xe45c|[Physics::Module] Initialized fallback backend.
2026-03-25T05:40:53.690Z|0xe45c|[Physics::Module] Id: 0xdecafbad
2026-03-25T05:40:53.746Z|0xe45c|Library Redirect Path: Library/
2026-03-25T05:40:53.797Z|0xe45c|[Physics::Module] Selected backend.
2026-03-25T05:40:53.797Z|0xe45c|[Physics::Module] Name: PhysX
2026-03-25T05:40:53.797Z|0xe45c|[Physics::Module] Id: 0xf2b8ea05
2026-03-25T05:40:53.797Z|0xe45c|[Physics::Module] SDK Version: 4.1.2
2026-03-25T05:40:53.797Z|0xe45c|[Physics::Module] Integration Version: 1.0.0
2026-03-25T05:40:53.797Z|0xe45c|[Physics::Module] Threading Mode: Multi-Threaded
2026-03-25T05:40:53.814Z|0xe45c|Refreshing native plugins compatible for Editor in 7.62 ms, found 3 plugins.
2026-03-25T05:40:53.814Z|0xe45c|Preloading 0 native plugins for Editor in 0.00 ms.
2026-03-25T05:40:53.814Z|0xe45c|Initialize engine version: 6000.3.8f1 (1c7db571dde0)
2026-03-25T05:40:53.814Z|0xe45c|[Subsystems] Discovering subsystems at path C:/Program Files/Unity/Hub/Editor/6000.3.8f1/Editor/Data/Resources/UnitySubsystems
2026-03-25T05:40:53.814Z|0xe45c|[Subsystems] Discovering subsystems at path D:/Work/rigidbody-fps-controller-tutorial/Assets
2026-03-25T05:40:53.815Z|0xe45c|GfxDevice: creating device client; kGfxThreadingModeNonThreaded
2026-03-25T05:40:54.123Z|0xe45c|Direct3D:
2026-03-25T05:40:54.123Z|0xe45c|    Version:  Direct3D 11.0 [level 11.1]
2026-03-25T05:40:54.123Z|0xe45c|    Renderer: NVIDIA GeForce GTX 1650 (ID=0x1f9d)
2026-03-25T05:40:54.123Z|0xe45c|    Vendor:   NVIDIA
2026-03-25T05:40:54.123Z|0xe45c|    VRAM:     3937 MB
2026-03-25T05:40:54.123Z|0xe45c|    Driver:   32.0.15.7700
2026-03-25T05:40:54.331Z|0xe45c|Initialize mono
2026-03-25T05:40:54.331Z|0xe45c|Mono path[0] = 'C:/Program Files/Unity/Hub/Editor/6000.3.8f1/Editor/Data/Managed'
2026-03-25T05:40:54.331Z|0xe45c|Mono path[1] = 'C:/Program Files/Unity/Hub/Editor/6000.3.8f1/Editor/Data/MonoBleedingEdge/lib/mono/unityjit-win32'
2026-03-25T05:40:54.331Z|0xe45c|Mono config path = 'C:/Program Files/Unity/Hub/Editor/6000.3.8f1/Editor/Data/MonoBleedingEdge/etc'
2026-03-25T05:40:54.331Z|0xe45c|Using monoOptions --debugger-agent=transport=dt_socket,embedding=1,server=y,suspend=n,address=127.0.0.1:56264
2026-03-25T05:40:54.421Z|0xe45c|Begin MonoManager ReloadAssembly
2026-03-25T05:40:54.794Z|0xe45c|Registering precompiled unity dll's ...
2026-03-25T05:40:54.795Z|0xe45c|Register platform support module: C:/Program Files/Unity/Hub/Editor/6000.3.8f1/Editor/Data/PlaybackEngines/WebGLSupport/UnityEditor.WebGL.Extensions.dll
2026-03-25T05:40:54.798Z|0xe45c|Register platform support module: C:/Program Files/Unity/Hub/Editor/6000.3.8f1/Editor/Data/PlaybackEngines/WindowsStandaloneSupport/UnityEditor.WindowsStandalone.Extensions.dll
2026-03-25T05:40:54.799Z|0xe45c|[Licensing::Module] Licensing is not yet initialized.
2026-03-25T05:40:54.882Z|0x16524|[Licensing::Client] Handshaking with LicensingClient:
  Version:                 1.17.4+4293ba1
  Session Id:              65db10ccee154e49a0d6f1a2454aaeff
  Correlation Id:          908a789f1b7585b21ed49361f52e8b09
  External correlation Id: 8553530285310050481
  Machine Id:              bZLnVjDChyW3KAMtcXptXTvD4Rw=
2026-03-25T05:40:54.882Z|0x16524|[Licensing::Module] Successfully connected to LicensingClient on channel: "LicenseClient-Rajat" (connect: 0.00s, validation: 0.00s, handshake: 1.33s)
2026-03-25T05:40:54.882Z|0x16524|[Licensing::IpcConnector] Successfully connected to: "LicenseClient-Rajat-notifications" at "2026-03-25T05:40:54.8825413Z"
2026-03-25T05:40:54.882Z|0x16524|[Licensing::Module] Licensing Background thread has ended after 1.34s
2026-03-25T05:40:54.882Z|0xe45c|[Licensing::Module] Licensing is initialized (took 0.08s).
2026-03-25T05:40:54.885Z|0xe45c|[Licensing::Client] Successfully resolved entitlement details
2026-03-25T05:40:54.885Z|0xe45c|[Licensing::Module] License group:
  Id: 13469681201219-rendered-ideas-softgame-pvt-ltd-UnitXXXX
  Product: Unity Pro
  Type: Assigned
  Expiration: 2026-04-07T00:00:00Z
2026-03-25T05:40:54.886Z|0xe45c|Register platform support module: C:/Program Files/Unity/Hub/Editor/6000.3.8f1/Editor/Data/PlaybackEngines/AndroidPlayer/UnityEditor.Android.Extensions.dll
2026-03-25T05:40:54.887Z|0xe45c|Registered in 0.092214 seconds.
2026-03-25T05:40:55.170Z|0xe45c|- Loaded All Assemblies, in  0.748 seconds
2026-03-25T05:40:55.266Z|0xe45c|Native extension for Android target not found
2026-03-25T05:40:55.640Z|0xe45c|Android Extension - Scanning For ADB Devices 321 ms
Native extension for WindowsStandalone target not found
2026-03-25T05:40:55.641Z|0xe45c|Native extension for WebGL target not found
2026-03-25T05:40:56.104Z|0xe45c|ScheduleIndexationOnStartup MainProcess:False IndexOnStartup:True
Mono: successfully reloaded assembly
2026-03-25T05:40:56.150Z|0xe45c|- Finished resetting the current domain, in  0.981 seconds
2026-03-25T05:40:56.151Z|0xe45c|Domain Reload Profiling: 1727ms
	BeginReloadAssembly (255ms)
		ExecutionOrderSort (0ms)
		DisableScriptedObjects (0ms)
		BackupInstance (0ms)
		ReleaseScriptingObjects (0ms)
		CreateAndSetChildDomain (1ms)
	RebuildCommonClasses (67ms)
	RebuildNativeTypeToScriptingClass (18ms)
	initialDomainReloadingComplete (159ms)
	LoadAllAssembliesAndSetupDomain (247ms)
		LoadAssemblies (251ms)
		RebuildTransferFunctionScriptingTraits (0ms)
		AnalyzeDomain (240ms)
			TypeCache.Refresh (238ms)
				TypeCache.ScanAssembly (218ms)
			BuildScriptInfoCaches (0ms)
			ResolveRequiredComponents (1ms)
	FinalizeReload (981ms)
		ReleaseScriptCaches (0ms)
		RebuildScriptCaches (0ms)
		SetupLoadedEditorAssemblies (935ms)
			LogAssemblyErrors (0ms)
			InitializePlatformSupportModulesInManaged (447ms)
			SetLoadedEditorAssemblies (6ms)
			BeforeProcessingInitializeOnLoad (147ms)
			ProcessInitializeOnLoadAttributes (233ms)
			ProcessInitializeOnLoadMethodAttributes (101ms)
			AfterProcessingInitializeOnLoad (0ms)
			EditorAssembliesLoaded (0ms)
		ExecutionOrderSort2 (0ms)
		AwakeInstancesAfterBackupRestoration (0ms)
2026-03-25T05:40:56.283Z|0xe45c|Assembly reference Packages/com.unity.cinemachine/Editor/Samples/ExposeHDRPInternals/HDRP-Editor-ref.asmref has no target assembly definition
========================================================================
2026-03-25T05:40:56.373Z|0xe45c|Worker process is ready to serve import requests
2026-03-25T05:40:56.377Z|0xe45c|Import Worker Mode flag is 0x00
2026-03-25T05:40:56.438Z|0xe45c|Assembly reference Packages/com.unity.cinemachine/Editor/Samples/ExposeHDRPInternals/HDRP-Editor-ref.asmref has no target assembly definition
Assembly reference Packages/com.unity.cinemachine/Editor/Samples/ExposeHDRPInternals/HDRP-Editor-ref.asmref has no target assembly definition
Begin MonoManager ReloadAssembly
2026-03-25T05:40:56.633Z|0xe45c|[Licensing::Client] Successfully resolved entitlement details
2026-03-25T05:40:57.695Z|0xe45c|- Loaded All Assemblies, in  1.066 seconds
2026-03-25T05:40:57.860Z|0xe45c|Assembly reference Packages/com.unity.cinemachine/Editor/Samples/ExposeHDRPInternals/HDRP-Editor-ref.asmref has no target assembly definition
'Packages/com.unity.cinemachine/Editor/Obsolete/CinemachineVirtualCameraBaseEditor.cs' contains partial class of Unity.Object, exactly 1 of the partial classes needs to be in a file with the same filename. This is to know the one that can be referenced from ie. GameObjects
2026-03-25T05:40:58.002Z|0xe45c|'Packages/com.unity.cinemachine/Editor/Editors/CinemachineVirtualCameraBaseEditor.cs' contains partial class of Unity.Object, exactly 1 of the partial classes needs to be in a file with the same filename. This is to know the one that can be referenced from ie. GameObjects
2026-03-25T05:40:58.042Z|0xe45c|Refreshing native plugins compatible for Editor in 1.19 ms, found 3 plugins.
2026-03-25T05:40:58.291Z|0xe45c|Native extension for Android target not found
2026-03-25T05:40:58.303Z|0xe45c|Native extension for WindowsStandalone target not found
2026-03-25T05:40:58.303Z|0xe45c|Native extension for WebGL target not found
2026-03-25T05:40:58.557Z|0xe45c|Assembly reference Packages/com.unity.cinemachine/Editor/Samples/ExposeHDRPInternals/HDRP-Editor-ref.asmref has no target assembly definition
[MODES] ModeService[none].Initialize
[MODES] ModeService[none].LoadModes
[MODES] Loading mode Default (0) for mode-current-id-tutorial
Package Manager log level set to [2]
2026-03-25T05:40:58.947Z|0xe45c|[Package Manager] Failed to launch server process. Reason: Unity was launched with the -noUpm command-line argument
2026-03-25T05:40:58.947Z|0xe45c|[Package Manager] Unable to send message (not connected to server process).
2026-03-25T05:40:58.947Z|0xe45c|[Package Manager] Cannot connect to Unity Package Manager local server
2026-03-25T05:40:58.962Z|0xe45c|[Package Manager] Failed to launch server process. Reason: Unity was launched with the -noUpm command-line argument
2026-03-25T05:40:58.962Z|0xe45c|[Package Manager] Unable to send message (not connected to server process).
2026-03-25T05:40:58.962Z|0xe45c|[Package Manager] Cannot connect to Unity Package Manager local server
2026-03-25T05:40:59.279Z|0xe45c|ScheduleIndexationOnStartup MainProcess:False IndexOnStartup:True
Mono: successfully reloaded assembly
2026-03-25T05:40:59.339Z|0xe45c|- Finished resetting the current domain, in  1.296 seconds
2026-03-25T05:40:59.340Z|0xe45c|Domain Reload Profiling: 2359ms
	BeginReloadAssembly (251ms)
		ExecutionOrderSort (0ms)
		DisableScriptedObjects (8ms)
		BackupInstance (0ms)
		ReleaseScriptingObjects (0ms)
		CreateAndSetChildDomain (59ms)
	RebuildCommonClasses (45ms)
	RebuildNativeTypeToScriptingClass (16ms)
	initialDomainReloadingComplete (50ms)
	LoadAllAssembliesAndSetupDomain (700ms)
		LoadAssemblies (496ms)
		RebuildTransferFunctionScriptingTraits (0ms)
		AnalyzeDomain (331ms)
			TypeCache.Refresh (248ms)
				TypeCache.ScanAssembly (227ms)
			BuildScriptInfoCaches (63ms)
			ResolveRequiredComponents (13ms)
	FinalizeReload (1297ms)
		ReleaseScriptCaches (0ms)
		RebuildScriptCaches (0ms)
		SetupLoadedEditorAssemblies (1017ms)
			LogAssemblyErrors (0ms)
			InitializePlatformSupportModulesInManaged (17ms)
			SetLoadedEditorAssemblies (9ms)
			BeforeProcessingInitializeOnLoad (329ms)
			ProcessInitializeOnLoadAttributes (559ms)
			ProcessInitializeOnLoadMethodAttributes (95ms)
			AfterProcessingInitializeOnLoad (7ms)
			EditorAssembliesLoaded (0ms)
		ExecutionOrderSort2 (0ms)
		AwakeInstancesAfterBackupRestoration (6ms)
2026-03-25T05:40:59.538Z|0xe45c|Launched and connected shader compiler UnityShaderCompiler.exe after 0.03 seconds
2026-03-25T05:41:00.083Z|0xe45c|Refreshing native plugins compatible for Editor in 1.88 ms, found 3 plugins.
2026-03-25T05:41:00.083Z|0xe45c|Preloading 0 native plugins for Editor in 0.00 ms.
2026-03-25T05:41:00.110Z|0x11a6c|Unloading 17 Unused Serialized files (Serialized files now loaded: 0)
2026-03-25T05:41:00.135Z|0xe45c|Unloading 5047 unused Assets / (4.8 MB). Loaded Objects now: 5868.
Memory consumption went from 134.2 MB to 129.5 MB.
2026-03-25T05:41:00.135Z|0xe45c|Total: 24.108000 ms (FindLiveObjects: 1.380500 ms CreateObjectMapping: 1.631700 ms MarkObjects: 15.399600 ms  DeleteObjects: 5.693800 ms)

2026-03-25T05:41:00.136Z|0xe45c|========================================================================
Received Import Request.
  Time since last request: 2479664.479278 seconds.
  path: Assets/TextMesh Pro/Fonts/LiberationSans.ttf
  artifactKey: Guid(e3265ab4bf004d28a9537516768c1c75) Importer(2089858483,b0f066a214c2f5e87bad3c948f4d605d)
2026-03-25T05:41:00.159Z|0xe45c|Start importing Assets/TextMesh Pro/Fonts/LiberationSans.ttf using Guid(e3265ab4bf004d28a9537516768c1c75) Importer(2089858483,b0f066a214c2f5e87bad3c948f4d605d) (ScriptedImporter) -> (artifact id: '8c036feafa1d8abb814ef6cc44854ec8') in 0.3519198 seconds
2026-03-25T05:41:00.574Z|0xe45c|Number of updated asset objects reloaded before import = 0Number of asset objects unloaded after import = 3

2026-03-25T05:41:00.574Z|0xe45c|========================================================================
Received Import Request.
  Time since last request: 0.000052 seconds.
  path: Assets/TextMesh Pro
  artifactKey: Guid(f54d1bd14bd3ca042bd867b519fee8cc) Importer(2089858483,b0f066a214c2f5e87bad3c948f4d605d)
2026-03-25T05:41:00.599Z|0xe45c|Start importing Assets/TextMesh Pro using Guid(f54d1bd14bd3ca042bd867b519fee8cc) Importer(2089858483,b0f066a214c2f5e87bad3c948f4d605d) (ScriptedImporter) -> (artifact id: '3e199c3e0293d419a5055ffe9b1761e9') in 0.0286937 seconds
2026-03-25T05:41:00.763Z|0xe45c|Number of updated asset objects reloaded before import = 0Number of asset objects unloaded after import = 1

2026-03-25T05:41:00.763Z|0xe45c|========================================================================
Received Import Request.
  Time since last request: 0.000076 seconds.
  path: Assets/Scripts/Scriptable Objects/Gun Objects/HalfShotgun/HalfShotgun.prefab
  artifactKey: Guid(ca274363929135f409ccfe67f77c2e62) Importer(2089858483,b0f066a214c2f5e87bad3c948f4d605d)
2026-03-25T05:41:00.808Z|0xe45c|Start importing Assets/Scripts/Scriptable Objects/Gun Objects/HalfShotgun/HalfShotgun.prefab using Guid(ca274363929135f409ccfe67f77c2e62) Importer(2089858483,b0f066a214c2f5e87bad3c948f4d605d) (ScriptedImporter) -> (artifact id: '7b774b39e449bbe9b2b89a0a0f4abddd') in 0.3735552 seconds
2026-03-25T05:41:01.282Z|0xe45c|Number of updated asset objects reloaded before import = 0Number of asset objects unloaded after import = 40

2026-03-25T05:41:01.282Z|0xe45c|========================================================================
Received Import Request.
  Time since last request: 0.000052 seconds.
  path: Assets/Scripts/Gun.cs
  artifactKey: Guid(a3329c4b0d85c66468bc20470b14c10b) Importer(2089858483,b0f066a214c2f5e87bad3c948f4d605d)
2026-03-25T05:41:01.327Z|0xe45c|Start importing Assets/Scripts/Gun.cs using Guid(a3329c4b0d85c66468bc20470b14c10b) Importer(2089858483,b0f066a214c2f5e87bad3c948f4d605d) (ScriptedImporter) -> (artifact id: 'c7ac2cf7da3722e783576d20af3d56cc') in 0.0304943 seconds
2026-03-25T05:41:01.405Z|0xe45c|Number of updated asset objects reloaded before import = 0Number of asset objects unloaded after import = 0

2026-03-25T05:41:01.405Z|0xe45c|========================================================================
Received Import Request.
  Time since last request: 0.000058 seconds.
  path: Assets/TextMesh Pro/Shaders/TMP_SDF-HDRP LIT.shadergraph
  artifactKey: Guid(ca2ed216f98028c4dae6c5224a952b3c) Importer(2089858483,b0f066a214c2f5e87bad3c948f4d605d)
2026-03-25T05:41:01.425Z|0xe45c|Start importing Assets/TextMesh Pro/Shaders/TMP_SDF-HDRP LIT.shadergraph using Guid(ca2ed216f98028c4dae6c5224a952b3c) Importer(2089858483,b0f066a214c2f5e87bad3c948f4d605d) (ScriptedImporter) -> (artifact id: 'b2998d2b3ec6b25538e612c7d41ff48c') in 0.1326269 seconds
2026-03-25T05:41:01.602Z|0xe45c|Number of updated asset objects reloaded before import = 0Number of asset objects unloaded after import = 3

2026-03-25T05:41:01.602Z|0xe45c|========================================================================
Received Import Request.
  Time since last request: 0.000048 seconds.
  path: Assets/TextMesh Pro/Shaders/TMP_SDF-Mobile Overlay.shader
  artifactKey: Guid(a02a7d8c237544f1962732b55a9aebf1) Importer(2089858483,b0f066a214c2f5e87bad3c948f4d605d)
2026-03-25T05:41:01.624Z|0xe45c|Start importing Assets/TextMesh Pro/Shaders/TMP_SDF-Mobile Overlay.shader using Guid(a02a7d8c237544f1962732b55a9aebf1) Importer(2089858483,b0f066a214c2f5e87bad3c948f4d605d) (ScriptedImporter) -> (artifact id: 'b2c862fdb7675ddbab5d9f88971ef470') in 0.0351482 seconds
2026-03-25T05:41:01.711Z|0xe45c|Number of updated asset objects reloaded before import = 0Number of asset objects unloaded after import = 1

2026-03-25T05:41:01.711Z|0xe45c|========================================================================
Received Import Request.
  Time since last request: 0.000041 seconds.
  path: Assets/TextMesh Pro/Shaders/TMP_SDF-Surface-Mobile.shader
  artifactKey: Guid(85187c2149c549c5b33f0cdb02836b17) Importer(2089858483,b0f066a214c2f5e87bad3c948f4d605d)
2026-03-25T05:41:01.727Z|0xe45c|Start importing Assets/TextMesh Pro/Shaders/TMP_SDF-Surface-Mobile.shader using Guid(85187c2149c549c5b33f0cdb02836b17) Importer(2089858483,b0f066a214c2f5e87bad3c948f4d605d) (ScriptedImporter) -> (artifact id: '40c0afe1dee28c8b52fa71a31374ba8c') in 0.0293671 seconds
2026-03-25T05:41:01.816Z|0xe45c|Number of updated asset objects reloaded before import = 0Number of asset objects unloaded after import = 1

2026-03-25T05:41:01.817Z|0xe45c|========================================================================
Received Import Request.
  Time since last request: 0.000071 seconds.
  path: Assets/TextMesh Pro/Shaders/TMP_SDF SSD.shader
  artifactKey: Guid(14eb328de4b8eb245bb7cea29e4ac00b) Importer(2089858483,b0f066a214c2f5e87bad3c948f4d605d)
2026-03-25T05:41:01.832Z|0xe45c|Start importing Assets/TextMesh Pro/Shaders/TMP_SDF SSD.shader using Guid(14eb328de4b8eb245bb7cea29e4ac00b) Importer(2089858483,b0f066a214c2f5e87bad3c948f4d605d) (ScriptedImporter) -> (artifact id: 'f0db0937adb458ec2d898a5d3c527195') in 0.0229864 seconds
2026-03-25T05:41:01.883Z|0xe45c|Number of updated asset objects reloaded before import = 0Number of asset objects unloaded after import = 1

2026-03-25T05:41:01.883Z|0xe45c|========================================================================
Received Import Request.
  Time since last request: 0.000036 seconds.
  path: Assets/TextMesh Pro/Shaders/TMPro_Mobile.cginc
  artifactKey: Guid(c334973cef89a9840b0b0c507e0377ab) Importer(2089858483,b0f066a214c2f5e87bad3c948f4d605d)
2026-03-25T05:41:01.897Z|0xe45c|Start importing Assets/TextMesh Pro/Shaders/TMPro_Mobile.cginc using Guid(c334973cef89a9840b0b0c507e0377ab) Importer(2089858483,b0f066a214c2f5e87bad3c948f4d605d) (ScriptedImporter) -> (artifact id: 'b9a8edbe0b375c64a18621fdf2e582be') in 0.0319653 seconds
2026-03-25T05:41:01.965Z|0xe45c|Number of updated asset objects reloaded before import = 0Number of asset objects unloaded after import = 1

2026-03-25T05:41:01.965Z|0xe45c|========================================================================
Received Import Request.
  Time since last request: 0.000027 seconds.
  path: Assets/TextMesh Pro/Shaders/TMP_SDF Overlay.shader
  artifactKey: Guid(dd89cf5b9246416f84610a006f916af7) Importer(2089858483,b0f066a214c2f5e87bad3c948f4d605d)
2026-03-25T05:41:01.977Z|0xe45c|Start importing Assets/TextMesh Pro/Shaders/TMP_SDF Overlay.shader using Guid(dd89cf5b9246416f84610a006f916af7) Importer(2089858483,b0f066a214c2f5e87bad3c948f4d605d) (ScriptedImporter) -> (artifact id: '60a5fd2fa05d1540522b2553361629ef') in 0.0255866 seconds
2026-03-25T05:41:02.035Z|0xe45c|Number of updated asset objects reloaded before import = 0Number of asset objects unloaded after import = 1

2026-03-25T05:41:02.035Z|0xe45c|========================================================================
Received Import Request.
  Time since last request: 0.000044 seconds.
  path: Assets/Scripts/Scriptable Objects/Gun Objects/AR/AssaultRifle.overrideController
  artifactKey: Guid(dfa1c234660133d4f83621c09f7edfe3) Importer(2089858483,b0f066a214c2f5e87bad3c948f4d605d)
2026-03-25T05:41:02.049Z|0xe45c|Start importing Assets/Scripts/Scriptable Objects/Gun Objects/AR/AssaultRifle.overrideController using Guid(dfa1c234660133d4f83621c09f7edfe3) Importer(2089858483,b0f066a214c2f5e87bad3c948f4d605d) (ScriptedImporter) -> (artifact id: '37d00686440679dcb37c91759575235a') in 0.0353314 seconds
2026-03-25T05:41:02.112Z|0xe45c|Number of updated asset objects reloaded before import = 0Number of asset objects unloaded after import = 16

2026-03-25T05:41:02.113Z|0xe45c|========================================================================
Received Import Request.
  Time since last request: 0.000054 seconds.
  path: Assets/TextMesh Pro/Resources/Sprite Assets/EmojiOne.asset
  artifactKey: Guid(c41005c129ba4d66911b75229fd70b45) Importer(2089858483,b0f066a214c2f5e87bad3c948f4d605d)
2026-03-25T05:41:02.125Z|0xe45c|Start importing Assets/TextMesh Pro/Resources/Sprite Assets/EmojiOne.asset using Guid(c41005c129ba4d66911b75229fd70b45) Importer(2089858483,b0f066a214c2f5e87bad3c948f4d605d) (ScriptedImporter) -> (artifact id: '8d1fb26c0da8070e9154650d05c6ec63') in 0.0317464 seconds
2026-03-25T05:41:02.185Z|0xe45c|Number of updated asset objects reloaded before import = 0Number of asset objects unloaded after import = 3

2026-03-25T05:41:02.185Z|0xe45c|========================================================================
Received Import Request.
  Time since last request: 0.000030 seconds.
  path: Assets/TextMesh Pro/Resources/LineBreaking Following Characters.txt
  artifactKey: Guid(fade42e8bc714b018fac513c043d323b) Importer(2089858483,b0f066a214c2f5e87bad3c948f4d605d)
2026-03-25T05:41:02.196Z|0xe45c|Start importing Assets/TextMesh Pro/Resources/LineBreaking Following Characters.txt using Guid(fade42e8bc714b018fac513c043d323b) Importer(2089858483,b0f066a214c2f5e87bad3c948f4d605d) (ScriptedImporter) -> (artifact id: '4d759b08a24208f1fb6cfbfa222b64a6') in 0.0156832 seconds
2026-03-25T05:41:02.238Z|0xe45c|Number of updated asset objects reloaded before import = 0Number of asset objects unloaded after import = 1

2026-03-25T05:41:02.239Z|0xe45c|========================================================================
Received Import Request.
  Time since last request: 0.000022 seconds.
  path: Assets/TextMesh Pro/Shaders/SDFFunctions.hlsl
  artifactKey: Guid(96de908384869cd409c75efa351d5edf) Importer(2089858483,b0f066a214c2f5e87bad3c948f4d605d)
2026-03-25T05:41:02.249Z|0xe45c|Start importing Assets/TextMesh Pro/Shaders/SDFFunctions.hlsl using Guid(96de908384869cd409c75efa351d5edf) Importer(2089858483,b0f066a214c2f5e87bad3c948f4d605d) (ScriptedImporter) -> (artifact id: '2a92fe3bfcb4c0d39be17e0e00e563b9') in 0.0260302 seconds
2026-03-25T05:41:02.302Z|0xe45c|Number of updated asset objects reloaded before import = 0Number of asset objects unloaded after import = 1

2026-03-25T05:41:02.302Z|0xe45c|========================================================================
Received Import Request.
  Time since last request: 0.000044 seconds.
  path: Assets/Scripts/WeaponUI.cs
  artifactKey: Guid(320bf53e08e8aee49958f3ebb3fe7748) Importer(2089858483,b0f066a214c2f5e87bad3c948f4d605d)
2026-03-25T05:41:02.313Z|0xe45c|Start importing Assets/Scripts/WeaponUI.cs using Guid(320bf53e08e8aee49958f3ebb3fe7748) Importer(2089858483,b0f066a214c2f5e87bad3c948f4d605d) (ScriptedImporter) -> (artifact id: 'c8ce4aecf873a063fcea6f676071f575') in 0.0157488 seconds
2026-03-25T05:41:02.362Z|0xe45c|Number of updated asset objects reloaded before import = 0Number of asset objects unloaded after import = 0

2026-03-25T05:42:07.320Z|0x15f9c|Editor requested this worker to shutdown with reason: Scaling down because of idle timeout
2026-03-25T05:42:07.352Z|0xe45c|AssetImportWorker is now disconnected from the server
2026-03-25T05:42:07.352Z|0xe45c|Process exiting
2026-03-25T05:42:07.352Z|0xe45c|Exiting without the bug reporter. Application will terminate with return code 0