2026-03-24T05:26:20.478Z|0x115cc|[Licensing::Module] Trying to connect to existing licensing client channel...
2026-03-24T05:26:20.478Z|0x1374c|Built from '6000.3/staging' branch; Version is '6000.3.8f1 (1c7db571dde0) revision 1867189'; Using compiler version '194234433'; Build Type 'Release'
2026-03-24T05:26:20.479Z|0x1374c|OS: 'Windows 11  (10.0.26100) CoreSingleLanguage' Language: 'en' Physical Memory: 23983 MB
2026-03-24T05:26:20.479Z|0x1374c|BatchMode: 1, IsHumanControllingUs: 0, StartBugReporterOnCrash: 0, Is64bit: 1
2026-03-24T05:26:20.479Z|0x115cc|[Licensing::IpcConnector] Successfully connected to: "LicenseClient-Rajat" at "2026-03-24T05:26:20.479197Z"
2026-03-24T05:26:20.479Z|0x1374c|System  architecture: x64
2026-03-24T05:26:20.479Z|0x1374c|Process architecture: x64
2026-03-24T05:26:20.479Z|0x1374c|Date: 2026-03-24T05:26:20Z
2026-03-24T05:26:20.607Z|0x1374c|
COMMAND LINE ARGUMENTS:
2026-03-24T05:26:20.607Z|0x1374c|C:\Program Files\Unity\Hub\Editor\6000.3.8f1\Editor\Unity.exe
2026-03-24T05:26:20.607Z|0x1374c|-adb2
2026-03-24T05:26:20.607Z|0x1374c|-batchMode
2026-03-24T05:26:20.607Z|0x1374c|-noUpm
2026-03-24T05:26:20.607Z|0x1374c|-name
2026-03-24T05:26:20.607Z|0x1374c|AssetImportWorker3
2026-03-24T05:26:20.607Z|0x1374c|-projectPath
2026-03-24T05:26:20.607Z|0x1374c|D:/Work/rigidbody-fps-controller-tutorial
2026-03-24T05:26:20.607Z|0x1374c|-logFile
2026-03-24T05:26:20.607Z|0x1374c|Logs/AssetImportWorker3.log
2026-03-24T05:26:20.607Z|0x1374c|-srvPort
2026-03-24T05:26:20.607Z|0x1374c|57329
2026-03-24T05:26:20.607Z|0x1374c|-licensingIpc
2026-03-24T05:26:20.607Z|0x1374c|LicenseClient-Rajat
2026-03-24T05:26:20.607Z|0x1374c|-job-worker-count
2026-03-24T05:26:20.607Z|0x1374c|7
2026-03-24T05:26:20.607Z|0x1374c|-background-job-worker-count
2026-03-24T05:26:20.607Z|0x1374c|8
2026-03-24T05:26:20.607Z|0x1374c|-gc-helper-count
2026-03-24T05:26:20.607Z|0x1374c|1
2026-03-24T05:26:20.607Z|0x1374c|-name
2026-03-24T05:26:20.607Z|0x1374c|AssetImport
2026-03-24T05:26:20.607Z|0x1374c|Successfully changed project path to: D:/Work/rigidbody-fps-controller-tutorial
2026-03-24T05:26:20.608Z|0x1374c|D:/Work/rigidbody-fps-controller-tutorial
2026-03-24T05:26:20.609Z|0x1374c|[UnityMemory] Configuration Parameters - Can be set up in boot.config
2026-03-24T05:26:20.609Z|0x1374c|    "memorysetup-temp-allocator-size-nav-mesh-worker=65536"
2026-03-24T05:26:20.609Z|0x1374c|    "memorysetup-temp-allocator-size-audio-worker=65536"
2026-03-24T05:26:20.609Z|0x1374c|    "memorysetup-temp-allocator-size-gfx=262144"
2026-03-24T05:26:20.609Z|0x1374c|    "memorysetup-allocator-temp-initial-block-size-main=262144"
2026-03-24T05:26:20.609Z|0x1374c|    "memorysetup-allocator-temp-initial-block-size-worker=262144"
2026-03-24T05:26:20.609Z|0x1374c|    "memorysetup-temp-allocator-size-background-worker=32768"
2026-03-24T05:26:20.609Z|0x1374c|    "memorysetup-temp-allocator-size-job-worker=262144"
2026-03-24T05:26:20.609Z|0x1374c|    "memorysetup-temp-allocator-size-preload-manager=33554432"
2026-03-24T05:26:20.609Z|0x1374c|    "memorysetup-temp-allocator-size-gi-baking-worker=262144"
2026-03-24T05:26:20.609Z|0x1374c|    "memorysetup-temp-allocator-size-gi-baking-worker=262144"
2026-03-24T05:26:20.609Z|0x1374c|    "memorysetup-temp-allocator-size-gi-baking-worker=262144"
2026-03-24T05:26:20.609Z|0x1374c|    "memorysetup-temp-allocator-size-gi-baking-worker=262144"
2026-03-24T05:26:20.609Z|0x1374c|    "memorysetup-temp-allocator-size-gi-baking-worker=262144"
2026-03-24T05:26:20.609Z|0x1374c|    "memorysetup-bucket-allocator-granularity=16"
2026-03-24T05:26:20.609Z|0x1374c|    "memorysetup-bucket-allocator-bucket-count=8"
2026-03-24T05:26:20.609Z|0x1374c|    "memorysetup-bucket-allocator-block-size=33554432"
2026-03-24T05:26:20.609Z|0x1374c|    "memorysetup-bucket-allocator-block-count=8"
2026-03-24T05:26:20.609Z|0x1374c|    "memorysetup-main-allocator-block-size=16777216"
2026-03-24T05:26:20.609Z|0x1374c|    "memorysetup-thread-allocator-block-size=16777216"
2026-03-24T05:26:20.609Z|0x1374c|    "memorysetup-gfx-main-allocator-block-size=16777216"
2026-03-24T05:26:20.609Z|0x1374c|    "memorysetup-gfx-thread-allocator-block-size=16777216"
2026-03-24T05:26:20.609Z|0x1374c|    "memorysetup-cache-allocator-block-size=4194304"
2026-03-24T05:26:20.609Z|0x1374c|    "memorysetup-typetree-allocator-block-size=2097152"
2026-03-24T05:26:20.609Z|0x1374c|    "memorysetup-profiler-bucket-allocator-granularity=16"
2026-03-24T05:26:20.609Z|0x1374c|    "memorysetup-profiler-bucket-allocator-bucket-count=8"
2026-03-24T05:26:20.609Z|0x1374c|    "memorysetup-profiler-bucket-allocator-block-size=33554432"
2026-03-24T05:26:20.609Z|0x1374c|    "memorysetup-profiler-bucket-allocator-block-count=8"
2026-03-24T05:26:20.609Z|0x1374c|    "memorysetup-profiler-allocator-block-size=16777216"
2026-03-24T05:26:20.609Z|0x1374c|    "memorysetup-profiler-editor-allocator-block-size=1048576"
2026-03-24T05:26:20.609Z|0x1374c|    "memorysetup-temp-allocator-size-main=16777216"
2026-03-24T05:26:20.609Z|0x1374c|    "memorysetup-job-temp-allocator-block-size=2097152"
2026-03-24T05:26:20.609Z|0x1374c|    "memorysetup-job-temp-allocator-block-size-background=1048576"
2026-03-24T05:26:20.609Z|0x1374c|    "memorysetup-job-temp-allocator-reduction-small-platforms=262144"
2026-03-24T05:26:20.609Z|0x1374c|    "memorysetup-temp-allocator-size-cloud-worker=32768"
2026-03-24T05:26:20.619Z|0x1374c|Player connection [79692]  Target information:

2026-03-24T05:26:20.619Z|0x1374c|Player connection [79692]  * "[IP] 192.168.0.124 [Port] 0 [Flags] 2 [Guid] 1518899886 [EditorId] 1518899886 [Version] 1048832 [Id] WindowsEditor(7,Rajat) [Debug] 1 [PackageName] WindowsEditor [ProjectName] Editor" 

2026-03-24T05:26:20.619Z|0x1374c|Player connection [79692]  * "[IP] 192.168.3.121 [Port] 0 [Flags] 2 [Guid] 1518899886 [EditorId] 1518899886 [Version] 1048832 [Id] WindowsEditor(7,Rajat) [Debug] 1 [PackageName] WindowsEditor [ProjectName] Editor" 

2026-03-24T05:26:20.623Z|0x1374c|Player connection [79692] Host joined multi-casting on [225.0.0.222:54997]...
2026-03-24T05:26:20.624Z|0x1374c|Player connection [79692] Host joined alternative multi-casting on [225.0.0.222:34997]...
2026-03-24T05:26:20.624Z|0x1374c|JobSystem: Creating JobQueue using job-worker-count value 7
2026-03-24T05:26:20.631Z|0x1374c|Input System module state changed to: Initialized.
2026-03-24T05:26:20.633Z|0x1374c|[Physics::Module] Initialized fallback backend.
2026-03-24T05:26:20.633Z|0x1374c|[Physics::Module] Id: 0xdecafbad
2026-03-24T05:26:20.685Z|0x1374c|Library Redirect Path: Library/
2026-03-24T05:26:20.725Z|0x1374c|[Physics::Module] Selected backend.
2026-03-24T05:26:20.725Z|0x1374c|[Physics::Module] Name: PhysX
2026-03-24T05:26:20.725Z|0x1374c|[Physics::Module] Id: 0xf2b8ea05
2026-03-24T05:26:20.725Z|0x1374c|[Physics::Module] SDK Version: 4.1.2
2026-03-24T05:26:20.725Z|0x1374c|[Physics::Module] Integration Version: 1.0.0
2026-03-24T05:26:20.725Z|0x1374c|[Physics::Module] Threading Mode: Multi-Threaded
2026-03-24T05:26:20.736Z|0x1374c|Refreshing native plugins compatible for Editor in 1.18 ms, found 2 plugins.
2026-03-24T05:26:20.736Z|0x1374c|Preloading 0 native plugins for Editor in 0.00 ms.
2026-03-24T05:26:20.736Z|0x1374c|Initialize engine version: 6000.3.8f1 (1c7db571dde0)
2026-03-24T05:26:20.737Z|0x1374c|[Subsystems] Discovering subsystems at path C:/Program Files/Unity/Hub/Editor/6000.3.8f1/Editor/Data/Resources/UnitySubsystems
2026-03-24T05:26:20.737Z|0x1374c|[Subsystems] Discovering subsystems at path D:/Work/rigidbody-fps-controller-tutorial/Assets
2026-03-24T05:26:20.737Z|0x1374c|GfxDevice: creating device client; kGfxThreadingModeNonThreaded
2026-03-24T05:26:20.984Z|0x1374c|Direct3D:
2026-03-24T05:26:20.984Z|0x1374c|    Version:  Direct3D 11.0 [level 11.1]
2026-03-24T05:26:20.985Z|0x1374c|    Renderer: NVIDIA GeForce GTX 1650 (ID=0x1f9d)
2026-03-24T05:26:20.985Z|0x1374c|    Vendor:   NVIDIA
2026-03-24T05:26:20.985Z|0x1374c|    VRAM:     3937 MB
2026-03-24T05:26:20.985Z|0x1374c|    Driver:   32.0.15.7700
2026-03-24T05:26:21.162Z|0x1374c|Initialize mono
2026-03-24T05:26:21.162Z|0x1374c|Mono path[0] = 'C:/Program Files/Unity/Hub/Editor/6000.3.8f1/Editor/Data/Managed'
2026-03-24T05:26:21.162Z|0x1374c|Mono path[1] = 'C:/Program Files/Unity/Hub/Editor/6000.3.8f1/Editor/Data/MonoBleedingEdge/lib/mono/unityjit-win32'
2026-03-24T05:26:21.162Z|0x1374c|Mono config path = 'C:/Program Files/Unity/Hub/Editor/6000.3.8f1/Editor/Data/MonoBleedingEdge/etc'
2026-03-24T05:26:21.162Z|0x1374c|Using monoOptions --debugger-agent=transport=dt_socket,embedding=1,server=y,suspend=n,address=127.0.0.1:56540
2026-03-24T05:26:21.242Z|0x1374c|Begin MonoManager ReloadAssembly
2026-03-24T05:26:21.679Z|0x1374c|Registering precompiled unity dll's ...
2026-03-24T05:26:21.680Z|0x1374c|Register platform support module: C:/Program Files/Unity/Hub/Editor/6000.3.8f1/Editor/Data/PlaybackEngines/WebGLSupport/UnityEditor.WebGL.Extensions.dll
2026-03-24T05:26:21.681Z|0x1374c|Register platform support module: C:/Program Files/Unity/Hub/Editor/6000.3.8f1/Editor/Data/PlaybackEngines/WindowsStandaloneSupport/UnityEditor.WindowsStandalone.Extensions.dll
2026-03-24T05:26:21.682Z|0x1374c|[Licensing::Module] Licensing is not yet initialized.
2026-03-24T05:26:21.885Z|0x115cc|[Licensing::Client] Handshaking with LicensingClient:
  Version:                 1.17.4+4293ba1
  Session Id:              ecb7161f092143df97c677d13faf5fad
  Correlation Id:          5b8ead10a56030e887729f7244401493
  External correlation Id: 1777051835042320068
  Machine Id:              bZLnVjDChyW3KAMtcXptXTvD4Rw=
2026-03-24T05:26:21.885Z|0x115cc|[Licensing::Module] Successfully connected to LicensingClient on channel: "LicenseClient-Rajat" (connect: 0.00s, validation: 0.00s, handshake: 1.40s)
2026-03-24T05:26:21.885Z|0x115cc|[Licensing::IpcConnector] Successfully connected to: "LicenseClient-Rajat-notifications" at "2026-03-24T05:26:21.8859897Z"
2026-03-24T05:26:21.886Z|0x115cc|[Licensing::Module] Licensing Background thread has ended after 1.41s
2026-03-24T05:26:21.886Z|0x1374c|[Licensing::Module] Licensing is initialized (took 0.20s).
2026-03-24T05:26:21.893Z|0x1374c|[Licensing::Client] Successfully resolved entitlement details
2026-03-24T05:26:21.894Z|0x1374c|[Licensing::Module] License group:
  Id: 13469681201219-rendered-ideas-softgame-pvt-ltd-UnitXXXX
  Product: Unity Pro
  Type: Assigned
  Expiration: 2026-04-07T00:00:00Z
2026-03-24T05:26:21.894Z|0x1374c|Register platform support module: C:/Program Files/Unity/Hub/Editor/6000.3.8f1/Editor/Data/PlaybackEngines/AndroidPlayer/UnityEditor.Android.Extensions.dll
2026-03-24T05:26:21.895Z|0x1374c|Registered in 0.216473 seconds.
2026-03-24T05:26:22.244Z|0x1374c|- Loaded All Assemblies, in  1.002 seconds
2026-03-24T05:26:22.370Z|0x1374c|Native extension for Android target not found
2026-03-24T05:26:22.759Z|0x1374c|Android Extension - Scanning For ADB Devices 333 ms
Native extension for WindowsStandalone target not found
2026-03-24T05:26:22.761Z|0x1374c|Native extension for WebGL target not found
2026-03-24T05:26:23.344Z|0x1374c|ScheduleIndexationOnStartup MainProcess:False IndexOnStartup:True
Mono: successfully reloaded assembly
2026-03-24T05:26:23.418Z|0x1374c|- Finished resetting the current domain, in  1.174 seconds
2026-03-24T05:26:23.419Z|0x1374c|Domain Reload Profiling: 2173ms
	BeginReloadAssembly (253ms)
		ExecutionOrderSort (0ms)
		DisableScriptedObjects (0ms)
		BackupInstance (0ms)
		ReleaseScriptingObjects (0ms)
		CreateAndSetChildDomain (1ms)
	RebuildCommonClasses (101ms)
	RebuildNativeTypeToScriptingClass (41ms)
	initialDomainReloadingComplete (297ms)
	LoadAllAssembliesAndSetupDomain (306ms)
		LoadAssemblies (251ms)
		RebuildTransferFunctionScriptingTraits (0ms)
		AnalyzeDomain (299ms)
			TypeCache.Refresh (295ms)
				TypeCache.ScanAssembly (275ms)
			BuildScriptInfoCaches (0ms)
			ResolveRequiredComponents (1ms)
	FinalizeReload (1175ms)
		ReleaseScriptCaches (0ms)
		RebuildScriptCaches (0ms)
		SetupLoadedEditorAssemblies (1096ms)
			LogAssemblyErrors (0ms)
			InitializePlatformSupportModulesInManaged (476ms)
			SetLoadedEditorAssemblies (8ms)
			BeforeProcessingInitializeOnLoad (181ms)
			ProcessInitializeOnLoadAttributes (294ms)
			ProcessInitializeOnLoadMethodAttributes (137ms)
			AfterProcessingInitializeOnLoad (0ms)
			EditorAssembliesLoaded (0ms)
		ExecutionOrderSort2 (0ms)
		AwakeInstancesAfterBackupRestoration (0ms)
2026-03-24T05:26:23.705Z|0x1374c|========================================================================
2026-03-24T05:26:23.705Z|0x1374c|Worker process is ready to serve import requests
2026-03-24T05:26:23.709Z|0x1374c|Import Worker Mode flag is 0x00
2026-03-24T05:26:23.932Z|0x1374c|Begin MonoManager ReloadAssembly
2026-03-24T05:26:23.935Z|0x1374c|[Licensing::Client] Successfully resolved entitlement details
2026-03-24T05:26:24.965Z|0x1374c|- Loaded All Assemblies, in  1.034 seconds
2026-03-24T05:26:25.285Z|0x1374c|Refreshing native plugins compatible for Editor in 0.32 ms, found 2 plugins.
2026-03-24T05:26:25.525Z|0x1374c|Native extension for Android target not found
2026-03-24T05:26:25.534Z|0x1374c|Native extension for WindowsStandalone target not found
2026-03-24T05:26:25.535Z|0x1374c|Native extension for WebGL target not found
2026-03-24T05:26:26.290Z|0x1374c|Package Manager log level set to [2]
2026-03-24T05:26:26.291Z|0x1374c|[Package Manager] Failed to launch server process. Reason: Unity was launched with the -noUpm command-line argument
2026-03-24T05:26:26.291Z|0x1374c|[Package Manager] Unable to send message (not connected to server process).
2026-03-24T05:26:26.291Z|0x1374c|[Package Manager] Cannot connect to Unity Package Manager local server
2026-03-24T05:26:26.381Z|0x1374c|ScheduleIndexationOnStartup MainProcess:False IndexOnStartup:True
Mono: successfully reloaded assembly
2026-03-24T05:26:26.454Z|0x1374c|- Finished resetting the current domain, in  1.168 seconds
2026-03-24T05:26:26.454Z|0x1374c|Domain Reload Profiling: 2198ms
	BeginReloadAssembly (284ms)
		ExecutionOrderSort (0ms)
		DisableScriptedObjects (10ms)
		BackupInstance (0ms)
		ReleaseScriptingObjects (0ms)
		CreateAndSetChildDomain (59ms)
	RebuildCommonClasses (56ms)
	RebuildNativeTypeToScriptingClass (22ms)
	initialDomainReloadingComplete (55ms)
	LoadAllAssembliesAndSetupDomain (612ms)
		LoadAssemblies (488ms)
		RebuildTransferFunctionScriptingTraits (0ms)
		AnalyzeDomain (274ms)
			TypeCache.Refresh (204ms)
				TypeCache.ScanAssembly (183ms)
			BuildScriptInfoCaches (55ms)
			ResolveRequiredComponents (10ms)
	FinalizeReload (1169ms)
		ReleaseScriptCaches (0ms)
		RebuildScriptCaches (0ms)
		SetupLoadedEditorAssemblies (885ms)
			LogAssemblyErrors (0ms)
			InitializePlatformSupportModulesInManaged (14ms)
			SetLoadedEditorAssemblies (6ms)
			BeforeProcessingInitializeOnLoad (269ms)
			ProcessInitializeOnLoadAttributes (491ms)
			ProcessInitializeOnLoadMethodAttributes (97ms)
			AfterProcessingInitializeOnLoad (6ms)
			EditorAssembliesLoaded (0ms)
		ExecutionOrderSort2 (0ms)
		AwakeInstancesAfterBackupRestoration (9ms)
2026-03-24T05:26:26.625Z|0x1374c|Launched and connected shader compiler UnityShaderCompiler.exe after 0.01 seconds
2026-03-24T05:26:27.211Z|0x1374c|Refreshing native plugins compatible for Editor in 0.84 ms, found 2 plugins.
2026-03-24T05:26:27.212Z|0x1374c|Preloading 0 native plugins for Editor in 0.00 ms.
2026-03-24T05:26:27.217Z|0x13ec8|Unloading 16 Unused Serialized files (Serialized files now loaded: 0)
2026-03-24T05:26:27.260Z|0x1374c|Unloading 4193 unused Assets / (6.0 MB). Loaded Objects now: 4995.
Memory consumption went from 126.2 MB to 120.2 MB.
2026-03-24T05:26:27.260Z|0x1374c|Total: 42.749100 ms (FindLiveObjects: 1.233000 ms CreateObjectMapping: 1.711500 ms MarkObjects: 13.859800 ms  DeleteObjects: 25.941400 ms)

2026-03-24T05:26:27.261Z|0x1374c|========================================================================
Received Import Request.
  Time since last request: 2392389.391579 seconds.
  path: Assets/Scripts/Scriptable Objects/Gun Objects/AR/Idle.anim
  artifactKey: Guid(92059dcd174e47243a4f7b672feca151) Importer(2089858483,b0f066a214c2f5e87bad3c948f4d605d)
2026-03-24T05:26:27.307Z|0x1374c|Start importing Assets/Scripts/Scriptable Objects/Gun Objects/AR/Idle.anim using Guid(92059dcd174e47243a4f7b672feca151) Importer(2089858483,b0f066a214c2f5e87bad3c948f4d605d) (ScriptedImporter) -> (artifact id: 'f8d9c0d16375cdb86e8171a39c2d2dd2') in 0.4592341 seconds
2026-03-24T05:26:27.860Z|0x1374c|Number of updated asset objects reloaded before import = 0Number of asset objects unloaded after import = 1

2026-03-24T05:26:27.860Z|0x1374c|========================================================================
Received Import Request.
  Time since last request: 0.000057 seconds.
  path: Assets/Scripts/Scriptable Objects/Gun Objects/Pistol/Shoot.anim
  artifactKey: Guid(de10d59bcad598a4889e7bce0263cb33) Importer(2089858483,b0f066a214c2f5e87bad3c948f4d605d)
2026-03-24T05:26:27.889Z|0x1374c|Start importing Assets/Scripts/Scriptable Objects/Gun Objects/Pistol/Shoot.anim using Guid(de10d59bcad598a4889e7bce0263cb33) Importer(2089858483,b0f066a214c2f5e87bad3c948f4d605d) (ScriptedImporter) -> (artifact id: '7c4ce06c6ec2adb931a272c7e3e881c5') in 0.0337278 seconds
2026-03-24T05:26:28.002Z|0x1374c|Number of updated asset objects reloaded before import = 0Number of asset objects unloaded after import = 1

2026-03-24T05:26:28.002Z|0x1374c|========================================================================
Received Import Request.
  Time since last request: 0.000056 seconds.
  path: Assets/Scripts/Scriptable Objects/Gun Objects/HalfShotgun
  artifactKey: Guid(e261f20cbbcb4ac4e926fb6ad654dd81) Importer(2089858483,b0f066a214c2f5e87bad3c948f4d605d)
2026-03-24T05:26:28.021Z|0x1374c|Start importing Assets/Scripts/Scriptable Objects/Gun Objects/HalfShotgun using Guid(e261f20cbbcb4ac4e926fb6ad654dd81) Importer(2089858483,b0f066a214c2f5e87bad3c948f4d605d) (ScriptedImporter) -> (artifact id: '26518dc903a2a8f8b18cc3677e7cf14d') in 0.0306573 seconds
2026-03-24T05:26:28.096Z|0x1374c|Number of updated asset objects reloaded before import = 0Number of asset objects unloaded after import = 1

2026-03-24T05:26:28.096Z|0x1374c|========================================================================
Received Import Request.
  Time since last request: 0.000060 seconds.
  path: Assets/Scripts/Scriptable Objects/Gun Objects/AR/Shoot.anim
  artifactKey: Guid(bd6ae0e83ab3e0b4fa5a2eb677b1f76b) Importer(2089858483,b0f066a214c2f5e87bad3c948f4d605d)
2026-03-24T05:26:28.111Z|0x1374c|Start importing Assets/Scripts/Scriptable Objects/Gun Objects/AR/Shoot.anim using Guid(bd6ae0e83ab3e0b4fa5a2eb677b1f76b) Importer(2089858483,b0f066a214c2f5e87bad3c948f4d605d) (ScriptedImporter) -> (artifact id: 'b94bee55d2e1b61498354c0a35a8e431') in 0.0259889 seconds
2026-03-24T05:26:28.173Z|0x1374c|Number of updated asset objects reloaded before import = 0Number of asset objects unloaded after import = 1

2026-03-24T05:26:28.173Z|0x1374c|========================================================================
Received Import Request.
  Time since last request: 0.000035 seconds.
  path: Assets/Scripts/Scriptable Objects/Gun Objects/Pistol/Idle.anim
  artifactKey: Guid(cc07fbf6bda27e642878d137e7099a37) Importer(2089858483,b0f066a214c2f5e87bad3c948f4d605d)
2026-03-24T05:26:28.184Z|0x1374c|Start importing Assets/Scripts/Scriptable Objects/Gun Objects/Pistol/Idle.anim using Guid(cc07fbf6bda27e642878d137e7099a37) Importer(2089858483,b0f066a214c2f5e87bad3c948f4d605d) (ScriptedImporter) -> (artifact id: 'e8e1958ba50849b82f7fb8f4c53b75e3') in 0.0205424 seconds
2026-03-24T05:26:28.238Z|0x1374c|Number of updated asset objects reloaded before import = 0Number of asset objects unloaded after import = 1

2026-03-24T05:27:33.211Z|0xc31c|Editor requested this worker to shutdown with reason: Scaling down because of idle timeout
2026-03-24T05:27:33.281Z|0x1374c|AssetImportWorker is now disconnected from the server
2026-03-24T05:27:33.281Z|0x1374c|Process exiting
2026-03-24T05:27:33.281Z|0x1374c|Exiting without the bug reporter. Application will terminate with return code 0