2026-03-23T13:43:09.592Z|0x10110|[Licensing::Module] Trying to connect to existing licensing client channel...
2026-03-23T13:43:09.593Z|0xb590|Built from '6000.3/staging' branch; Version is '6000.3.8f1 (1c7db571dde0) revision 1867189'; Using compiler version '194234433'; Build Type 'Release'
2026-03-23T13:43:09.593Z|0x10110|[Licensing::IpcConnector] Successfully connected to: "LicenseClient-Rajat" at "2026-03-23T13:43:09.5932042Z"
2026-03-23T13:43:09.593Z|0xb590|OS: 'Windows 11  (10.0.26100) CoreSingleLanguage' Language: 'en' Physical Memory: 23983 MB
2026-03-23T13:43:09.593Z|0xb590|BatchMode: 1, IsHumanControllingUs: 0, StartBugReporterOnCrash: 0, Is64bit: 1
2026-03-23T13:43:09.593Z|0xb590|System  architecture: x64
2026-03-23T13:43:09.593Z|0xb590|Process architecture: x64
2026-03-23T13:43:09.593Z|0xb590|Date: 2026-03-23T13:43:09Z
2026-03-23T13:43:09.825Z|0xb590|
COMMAND LINE ARGUMENTS:
2026-03-23T13:43:09.825Z|0xb590|C:\Program Files\Unity\Hub\Editor\6000.3.8f1\Editor\Unity.exe
2026-03-23T13:43:09.825Z|0xb590|-adb2
2026-03-23T13:43:09.825Z|0xb590|-batchMode
2026-03-23T13:43:09.825Z|0xb590|-noUpm
2026-03-23T13:43:09.825Z|0xb590|-name
2026-03-23T13:43:09.825Z|0xb590|AssetImportWorker3
2026-03-23T13:43:09.825Z|0xb590|-projectPath
2026-03-23T13:43:09.825Z|0xb590|D:/Work/rigidbody-fps-controller-tutorial
2026-03-23T13:43:09.825Z|0xb590|-logFile
2026-03-23T13:43:09.825Z|0xb590|Logs/AssetImportWorker3.log
2026-03-23T13:43:09.825Z|0xb590|-srvPort
2026-03-23T13:43:09.825Z|0xb590|59681
2026-03-23T13:43:09.825Z|0xb590|-licensingIpc
2026-03-23T13:43:09.825Z|0xb590|LicenseClient-Rajat
2026-03-23T13:43:09.825Z|0xb590|-job-worker-count
2026-03-23T13:43:09.825Z|0xb590|7
2026-03-23T13:43:09.825Z|0xb590|-background-job-worker-count
2026-03-23T13:43:09.825Z|0xb590|8
2026-03-23T13:43:09.825Z|0xb590|-gc-helper-count
2026-03-23T13:43:09.825Z|0xb590|1
2026-03-23T13:43:09.825Z|0xb590|-name
2026-03-23T13:43:09.825Z|0xb590|AssetImport
2026-03-23T13:43:09.825Z|0xb590|Successfully changed project path to: D:/Work/rigidbody-fps-controller-tutorial
2026-03-23T13:43:09.826Z|0xb590|D:/Work/rigidbody-fps-controller-tutorial
2026-03-23T13:43:09.826Z|0xb590|[UnityMemory] Configuration Parameters - Can be set up in boot.config
2026-03-23T13:43:09.826Z|0xb590|    "memorysetup-temp-allocator-size-nav-mesh-worker=65536"
2026-03-23T13:43:09.826Z|0xb590|    "memorysetup-temp-allocator-size-audio-worker=65536"
2026-03-23T13:43:09.826Z|0xb590|    "memorysetup-temp-allocator-size-gfx=262144"
2026-03-23T13:43:09.826Z|0xb590|    "memorysetup-allocator-temp-initial-block-size-main=262144"
2026-03-23T13:43:09.826Z|0xb590|    "memorysetup-allocator-temp-initial-block-size-worker=262144"
2026-03-23T13:43:09.826Z|0xb590|    "memorysetup-temp-allocator-size-background-worker=32768"
2026-03-23T13:43:09.826Z|0xb590|    "memorysetup-temp-allocator-size-job-worker=262144"
2026-03-23T13:43:09.826Z|0xb590|    "memorysetup-temp-allocator-size-preload-manager=33554432"
2026-03-23T13:43:09.826Z|0xb590|    "memorysetup-temp-allocator-size-gi-baking-worker=262144"
2026-03-23T13:43:09.826Z|0xb590|    "memorysetup-temp-allocator-size-gi-baking-worker=262144"
2026-03-23T13:43:09.826Z|0xb590|    "memorysetup-temp-allocator-size-gi-baking-worker=262144"
2026-03-23T13:43:09.826Z|0xb590|    "memorysetup-temp-allocator-size-gi-baking-worker=262144"
2026-03-23T13:43:09.826Z|0xb590|    "memorysetup-temp-allocator-size-gi-baking-worker=262144"
2026-03-23T13:43:09.826Z|0xb590|    "memorysetup-bucket-allocator-granularity=16"
2026-03-23T13:43:09.826Z|0xb590|    "memorysetup-bucket-allocator-bucket-count=8"
2026-03-23T13:43:09.826Z|0xb590|    "memorysetup-bucket-allocator-block-size=33554432"
2026-03-23T13:43:09.826Z|0xb590|    "memorysetup-bucket-allocator-block-count=8"
2026-03-23T13:43:09.826Z|0xb590|    "memorysetup-main-allocator-block-size=16777216"
2026-03-23T13:43:09.826Z|0xb590|    "memorysetup-thread-allocator-block-size=16777216"
2026-03-23T13:43:09.826Z|0xb590|    "memorysetup-gfx-main-allocator-block-size=16777216"
2026-03-23T13:43:09.826Z|0xb590|    "memorysetup-gfx-thread-allocator-block-size=16777216"
2026-03-23T13:43:09.826Z|0xb590|    "memorysetup-cache-allocator-block-size=4194304"
2026-03-23T13:43:09.826Z|0xb590|    "memorysetup-typetree-allocator-block-size=2097152"
2026-03-23T13:43:09.826Z|0xb590|    "memorysetup-profiler-bucket-allocator-granularity=16"
2026-03-23T13:43:09.826Z|0xb590|    "memorysetup-profiler-bucket-allocator-bucket-count=8"
2026-03-23T13:43:09.826Z|0xb590|    "memorysetup-profiler-bucket-allocator-block-size=33554432"
2026-03-23T13:43:09.827Z|0xb590|    "memorysetup-profiler-bucket-allocator-block-count=8"
2026-03-23T13:43:09.827Z|0xb590|    "memorysetup-profiler-allocator-block-size=16777216"
2026-03-23T13:43:09.827Z|0xb590|    "memorysetup-profiler-editor-allocator-block-size=1048576"
2026-03-23T13:43:09.827Z|0xb590|    "memorysetup-temp-allocator-size-main=16777216"
2026-03-23T13:43:09.827Z|0xb590|    "memorysetup-job-temp-allocator-block-size=2097152"
2026-03-23T13:43:09.827Z|0xb590|    "memorysetup-job-temp-allocator-block-size-background=1048576"
2026-03-23T13:43:09.827Z|0xb590|    "memorysetup-job-temp-allocator-reduction-small-platforms=262144"
2026-03-23T13:43:09.827Z|0xb590|    "memorysetup-temp-allocator-size-cloud-worker=32768"
2026-03-23T13:43:09.837Z|0xb590|Player connection [46480]  Target information:

2026-03-23T13:43:09.837Z|0xb590|Player connection [46480]  * "[IP] 192.168.0.124 [Port] 0 [Flags] 2 [Guid] 3030510438 [EditorId] 3030510438 [Version] 1048832 [Id] WindowsEditor(7,Rajat) [Debug] 1 [PackageName] WindowsEditor [ProjectName] Editor" 

2026-03-23T13:43:09.837Z|0xb590|Player connection [46480]  * "[IP] 192.168.3.121 [Port] 0 [Flags] 2 [Guid] 3030510438 [EditorId] 3030510438 [Version] 1048832 [Id] WindowsEditor(7,Rajat) [Debug] 1 [PackageName] WindowsEditor [ProjectName] Editor" 

2026-03-23T13:43:09.840Z|0xb590|Player connection [46480] Host joined multi-casting on [225.0.0.222:54997]...
2026-03-23T13:43:09.840Z|0xb590|Player connection [46480] Host joined alternative multi-casting on [225.0.0.222:34997]...
2026-03-23T13:43:09.840Z|0xb590|JobSystem: Creating JobQueue using job-worker-count value 7
2026-03-23T13:43:09.846Z|0xb590|Input System module state changed to: Initialized.
2026-03-23T13:43:09.848Z|0xb590|[Physics::Module] Initialized fallback backend.
2026-03-23T13:43:09.848Z|0xb590|[Physics::Module] Id: 0xdecafbad
2026-03-23T13:43:09.908Z|0xb590|Library Redirect Path: Library/
2026-03-23T13:43:09.952Z|0xb590|[Physics::Module] Selected backend.
2026-03-23T13:43:09.952Z|0xb590|[Physics::Module] Name: PhysX
2026-03-23T13:43:09.952Z|0xb590|[Physics::Module] Id: 0xf2b8ea05
2026-03-23T13:43:09.952Z|0xb590|[Physics::Module] SDK Version: 4.1.2
2026-03-23T13:43:09.952Z|0xb590|[Physics::Module] Integration Version: 1.0.0
2026-03-23T13:43:09.952Z|0xb590|[Physics::Module] Threading Mode: Multi-Threaded
2026-03-23T13:43:09.960Z|0xb590|Refreshing native plugins compatible for Editor in 0.76 ms, found 2 plugins.
2026-03-23T13:43:09.961Z|0xb590|Preloading 0 native plugins for Editor in 0.00 ms.
2026-03-23T13:43:09.961Z|0xb590|Initialize engine version: 6000.3.8f1 (1c7db571dde0)
2026-03-23T13:43:09.961Z|0xb590|[Subsystems] Discovering subsystems at path C:/Program Files/Unity/Hub/Editor/6000.3.8f1/Editor/Data/Resources/UnitySubsystems
2026-03-23T13:43:09.961Z|0xb590|[Subsystems] Discovering subsystems at path D:/Work/rigidbody-fps-controller-tutorial/Assets
2026-03-23T13:43:09.961Z|0xb590|GfxDevice: creating device client; kGfxThreadingModeNonThreaded
2026-03-23T13:43:10.206Z|0xb590|Direct3D:
2026-03-23T13:43:10.206Z|0xb590|    Version:  Direct3D 11.0 [level 11.1]
2026-03-23T13:43:10.206Z|0xb590|    Renderer: NVIDIA GeForce GTX 1650 (ID=0x1f9d)
2026-03-23T13:43:10.206Z|0xb590|    Vendor:   NVIDIA
2026-03-23T13:43:10.206Z|0xb590|    VRAM:     3937 MB
2026-03-23T13:43:10.206Z|0xb590|    Driver:   32.0.15.7700
2026-03-23T13:43:10.357Z|0xb590|Initialize mono
2026-03-23T13:43:10.357Z|0xb590|Mono path[0] = 'C:/Program Files/Unity/Hub/Editor/6000.3.8f1/Editor/Data/Managed'
2026-03-23T13:43:10.357Z|0xb590|Mono path[1] = 'C:/Program Files/Unity/Hub/Editor/6000.3.8f1/Editor/Data/MonoBleedingEdge/lib/mono/unityjit-win32'
2026-03-23T13:43:10.357Z|0xb590|Mono config path = 'C:/Program Files/Unity/Hub/Editor/6000.3.8f1/Editor/Data/MonoBleedingEdge/etc'
2026-03-23T13:43:10.357Z|0xb590|Using monoOptions --debugger-agent=transport=dt_socket,embedding=1,server=y,suspend=n,address=127.0.0.1:56024
2026-03-23T13:43:10.422Z|0xb590|Begin MonoManager ReloadAssembly
2026-03-23T13:43:10.709Z|0xb590|Registering precompiled unity dll's ...
2026-03-23T13:43:10.709Z|0xb590|Register platform support module: C:/Program Files/Unity/Hub/Editor/6000.3.8f1/Editor/Data/PlaybackEngines/WebGLSupport/UnityEditor.WebGL.Extensions.dll
2026-03-23T13:43:10.710Z|0xb590|Register platform support module: C:/Program Files/Unity/Hub/Editor/6000.3.8f1/Editor/Data/PlaybackEngines/WindowsStandaloneSupport/UnityEditor.WindowsStandalone.Extensions.dll
2026-03-23T13:43:10.711Z|0xb590|[Licensing::Module] Licensing is not yet initialized.
2026-03-23T13:43:10.763Z|0x10110|[Licensing::Client] Handshaking with LicensingClient:
  Version:                 1.17.4+4293ba1
  Session Id:              eb0c0b6e1e8440e08b0da83fd6e6aab5
  Correlation Id:          b8f35902a78f3c863c901c9b91716de9
  External correlation Id: 2556819122467979747
  Machine Id:              bZLnVjDChyW3KAMtcXptXTvD4Rw=
2026-03-23T13:43:10.763Z|0x10110|[Licensing::Module] Successfully connected to LicensingClient on channel: "LicenseClient-Rajat" (connect: 0.00s, validation: 0.00s, handshake: 1.17s)
2026-03-23T13:43:10.763Z|0x10110|[Licensing::IpcConnector] Successfully connected to: "LicenseClient-Rajat-notifications" at "2026-03-23T13:43:10.7633301Z"
2026-03-23T13:43:10.763Z|0x10110|[Licensing::Module] Licensing Background thread has ended after 1.17s
2026-03-23T13:43:10.763Z|0xb590|[Licensing::Module] Licensing is initialized (took 0.05s).
2026-03-23T13:43:10.766Z|0xb590|[Licensing::Client] Successfully resolved entitlement details
2026-03-23T13:43:10.766Z|0xb590|[Licensing::Module] License group:
  Id: 13469681201219-rendered-ideas-softgame-pvt-ltd-UnitXXXX
  Product: Unity Pro
  Type: Assigned
  Expiration: 2026-04-07T00:00:00Z
2026-03-23T13:43:10.766Z|0xb590|Register platform support module: C:/Program Files/Unity/Hub/Editor/6000.3.8f1/Editor/Data/PlaybackEngines/AndroidPlayer/UnityEditor.Android.Extensions.dll
2026-03-23T13:43:10.767Z|0xb590|Registered in 0.058319 seconds.
2026-03-23T13:43:11.043Z|0xb590|- Loaded All Assemblies, in  0.621 seconds
2026-03-23T13:43:11.150Z|0xb590|Native extension for Android target not found
2026-03-23T13:43:11.470Z|0xb590|Android Extension - Scanning For ADB Devices 273 ms
Native extension for WindowsStandalone target not found
2026-03-23T13:43:11.472Z|0xb590|Native extension for WebGL target not found
2026-03-23T13:43:11.895Z|0xb590|ScheduleIndexationOnStartup MainProcess:False IndexOnStartup:True
Mono: successfully reloaded assembly
2026-03-23T13:43:11.947Z|0xb590|- Finished resetting the current domain, in  0.904 seconds
2026-03-23T13:43:11.948Z|0xb590|Domain Reload Profiling: 1523ms
	BeginReloadAssembly (189ms)
		ExecutionOrderSort (0ms)
		DisableScriptedObjects (0ms)
		BackupInstance (0ms)
		ReleaseScriptingObjects (0ms)
		CreateAndSetChildDomain (1ms)
	RebuildCommonClasses (55ms)
	RebuildNativeTypeToScriptingClass (19ms)
	initialDomainReloadingComplete (116ms)
	LoadAllAssembliesAndSetupDomain (239ms)
		LoadAssemblies (185ms)
		RebuildTransferFunctionScriptingTraits (0ms)
		AnalyzeDomain (235ms)
			TypeCache.Refresh (232ms)
				TypeCache.ScanAssembly (214ms)
			BuildScriptInfoCaches (0ms)
			ResolveRequiredComponents (1ms)
	FinalizeReload (905ms)
		ReleaseScriptCaches (0ms)
		RebuildScriptCaches (0ms)
		SetupLoadedEditorAssemblies (847ms)
			LogAssemblyErrors (0ms)
			InitializePlatformSupportModulesInManaged (395ms)
			SetLoadedEditorAssemblies (5ms)
			BeforeProcessingInitializeOnLoad (123ms)
			ProcessInitializeOnLoadAttributes (218ms)
			ProcessInitializeOnLoadMethodAttributes (106ms)
			AfterProcessingInitializeOnLoad (0ms)
			EditorAssembliesLoaded (0ms)
		ExecutionOrderSort2 (0ms)
		AwakeInstancesAfterBackupRestoration (0ms)
2026-03-23T13:43:12.144Z|0xb590|========================================================================
2026-03-23T13:43:12.144Z|0xb590|Worker process is ready to serve import requests
2026-03-23T13:43:12.148Z|0xb590|Import Worker Mode flag is 0x00
2026-03-23T13:43:12.349Z|0xb590|Begin MonoManager ReloadAssembly
2026-03-23T13:43:12.351Z|0xb590|[Licensing::Client] Successfully resolved entitlement details
2026-03-23T13:43:13.227Z|0xb590|- Loaded All Assemblies, in  0.879 seconds
2026-03-23T13:43:13.494Z|0xb590|Refreshing native plugins compatible for Editor in 0.31 ms, found 2 plugins.
2026-03-23T13:43:13.717Z|0xb590|Native extension for Android target not found
2026-03-23T13:43:13.726Z|0xb590|Native extension for WindowsStandalone target not found
2026-03-23T13:43:13.726Z|0xb590|Native extension for WebGL target not found
2026-03-23T13:43:14.378Z|0xb590|Package Manager log level set to [2]
2026-03-23T13:43:14.378Z|0xb590|[Package Manager] Failed to launch server process. Reason: Unity was launched with the -noUpm command-line argument
2026-03-23T13:43:14.378Z|0xb590|[Package Manager] Unable to send message (not connected to server process).
2026-03-23T13:43:14.378Z|0xb590|[Package Manager] Cannot connect to Unity Package Manager local server
2026-03-23T13:43:14.453Z|0xb590|ScheduleIndexationOnStartup MainProcess:False IndexOnStartup:True
Mono: successfully reloaded assembly
2026-03-23T13:43:14.512Z|0xb590|- Finished resetting the current domain, in  1.018 seconds
2026-03-23T13:43:14.513Z|0xb590|Domain Reload Profiling: 1895ms
	BeginReloadAssembly (238ms)
		ExecutionOrderSort (0ms)
		DisableScriptedObjects (7ms)
		BackupInstance (0ms)
		ReleaseScriptingObjects (0ms)
		CreateAndSetChildDomain (49ms)
	RebuildCommonClasses (47ms)
	RebuildNativeTypeToScriptingClass (17ms)
	initialDomainReloadingComplete (44ms)
	LoadAllAssembliesAndSetupDomain (530ms)
		LoadAssemblies (424ms)
		RebuildTransferFunctionScriptingTraits (0ms)
		AnalyzeDomain (233ms)
			TypeCache.Refresh (167ms)
				TypeCache.ScanAssembly (150ms)
			BuildScriptInfoCaches (52ms)
			ResolveRequiredComponents (9ms)
	FinalizeReload (1019ms)
		ReleaseScriptCaches (0ms)
		RebuildScriptCaches (0ms)
		SetupLoadedEditorAssemblies (762ms)
			LogAssemblyErrors (0ms)
			InitializePlatformSupportModulesInManaged (12ms)
			SetLoadedEditorAssemblies (6ms)
			BeforeProcessingInitializeOnLoad (217ms)
			ProcessInitializeOnLoadAttributes (436ms)
			ProcessInitializeOnLoadMethodAttributes (83ms)
			AfterProcessingInitializeOnLoad (7ms)
			EditorAssembliesLoaded (0ms)
		ExecutionOrderSort2 (0ms)
		AwakeInstancesAfterBackupRestoration (6ms)
2026-03-23T13:43:14.664Z|0xb590|Launched and connected shader compiler UnityShaderCompiler.exe after 0.01 seconds
2026-03-23T13:43:15.103Z|0xb590|Refreshing native plugins compatible for Editor in 0.80 ms, found 2 plugins.
2026-03-23T13:43:15.103Z|0xb590|Preloading 0 native plugins for Editor in 0.00 ms.
2026-03-23T13:43:15.106Z|0xc29c|Unloading 16 Unused Serialized files (Serialized files now loaded: 0)
2026-03-23T13:43:15.129Z|0xb590|Unloading 4193 unused Assets / (4.0 MB). Loaded Objects now: 4976.
Memory consumption went from 126.2 MB to 122.2 MB.
2026-03-23T13:43:15.129Z|0xb590|Total: 22.441100 ms (FindLiveObjects: 1.287900 ms CreateObjectMapping: 1.725400 ms MarkObjects: 13.925100 ms  DeleteObjects: 5.500000 ms)

2026-03-23T13:43:19.791Z|0xb590|========================================================================
2026-03-23T13:43:19.791Z|0xb590|Received Prepare
2026-03-23T13:43:20.220Z|0xb590|Refreshing native plugins compatible for Editor in 0.76 ms, found 2 plugins.
2026-03-23T13:43:20.220Z|0xb590|Preloading 0 native plugins for Editor in 0.00 ms.
2026-03-23T13:43:20.221Z|0xc29c|Unloading 18 Unused Serialized files (Serialized files now loaded: 0)
2026-03-23T13:43:20.236Z|0xb590|Unloading 16 unused Assets / (1.7 MB). Loaded Objects now: 4978.
Memory consumption went from 121.8 MB to 120.1 MB.
2026-03-23T13:43:20.237Z|0xb590|Total: 15.114800 ms (FindLiveObjects: 0.755500 ms CreateObjectMapping: 0.561300 ms MarkObjects: 12.423100 ms  DeleteObjects: 1.370900 ms)

2026-03-23T13:43:20.237Z|0xb590|Prepare: number of updated asset objects reloaded= 0
2026-03-23T13:43:21.020Z|0xb590|========================================================================
Received Import Request.
  Time since last request: 2335801.778468 seconds.
  path: Assets/URPDefaultResources/Low.asset
  artifactKey: Guid(6317a24d3cecb204098a25797c302114) Importer(2089858483,b0f066a214c2f5e87bad3c948f4d605d)
2026-03-23T13:43:21.036Z|0xb590|Start importing Assets/URPDefaultResources/Low.asset using Guid(6317a24d3cecb204098a25797c302114) Importer(2089858483,b0f066a214c2f5e87bad3c948f4d605d) (ScriptedImporter) -> (artifact id: 'e5c97cd3dcb5cf86a55cc7fc1e26f28f') in 0.390292 seconds
2026-03-23T13:43:21.454Z|0xb590|Number of updated asset objects reloaded before import = 0Number of asset objects unloaded after import = 1

2026-03-23T13:43:38.733Z|0xb590|========================================================================
2026-03-23T13:43:38.734Z|0xb590|Received Prepare
2026-03-23T13:43:38.947Z|0xb590|Begin MonoManager ReloadAssembly
2026-03-23T13:43:39.773Z|0xb590|- Loaded All Assemblies, in  0.826 seconds
2026-03-23T13:43:40.056Z|0xb590|Refreshing native plugins compatible for Editor in 0.39 ms, found 2 plugins.
2026-03-23T13:43:40.208Z|0xb590|Native extension for Android target not found
2026-03-23T13:43:40.217Z|0xb590|Native extension for WindowsStandalone target not found
2026-03-23T13:43:40.218Z|0xb590|Native extension for WebGL target not found
2026-03-23T13:43:40.870Z|0xb590|[Package Manager] Failed to launch server process. Reason: Unity was launched with the -noUpm command-line argument
2026-03-23T13:43:40.871Z|0xb590|[Package Manager] Unable to send message (not connected to server process).
2026-03-23T13:43:40.871Z|0xb590|[Package Manager] Cannot connect to Unity Package Manager local server
2026-03-23T13:43:40.960Z|0xb590|ScheduleIndexationOnStartup MainProcess:False IndexOnStartup:True
Mono: successfully reloaded assembly
2026-03-23T13:43:41.041Z|0xb590|- Finished resetting the current domain, in  0.984 seconds
2026-03-23T13:43:41.041Z|0xb590|Domain Reload Profiling: 1810ms
	BeginReloadAssembly (252ms)
		ExecutionOrderSort (0ms)
		DisableScriptedObjects (7ms)
		BackupInstance (0ms)
		ReleaseScriptingObjects (0ms)
		CreateAndSetChildDomain (71ms)
	RebuildCommonClasses (53ms)
	RebuildNativeTypeToScriptingClass (15ms)
	initialDomainReloadingComplete (44ms)
	LoadAllAssembliesAndSetupDomain (460ms)
		LoadAssemblies (413ms)
		RebuildTransferFunctionScriptingTraits (0ms)
		AnalyzeDomain (166ms)
			TypeCache.Refresh (7ms)
				TypeCache.ScanAssembly (0ms)
			BuildScriptInfoCaches (144ms)
			ResolveRequiredComponents (10ms)
	FinalizeReload (985ms)
		ReleaseScriptCaches (0ms)
		RebuildScriptCaches (0ms)
		SetupLoadedEditorAssemblies (783ms)
			LogAssemblyErrors (0ms)
			InitializePlatformSupportModulesInManaged (14ms)
			SetLoadedEditorAssemblies (6ms)
			BeforeProcessingInitializeOnLoad (237ms)
			ProcessInitializeOnLoadAttributes (419ms)
			ProcessInitializeOnLoadMethodAttributes (101ms)
			AfterProcessingInitializeOnLoad (6ms)
			EditorAssembliesLoaded (0ms)
		ExecutionOrderSort2 (0ms)
		AwakeInstancesAfterBackupRestoration (20ms)
2026-03-23T13:43:41.478Z|0xb590|Refreshing native plugins compatible for Editor in 0.55 ms, found 2 plugins.
2026-03-23T13:43:41.478Z|0xb590|Preloading 0 native plugins for Editor in 0.00 ms.
2026-03-23T13:43:41.479Z|0x13ee8|Unloading 16 Unused Serialized files (Serialized files now loaded: 0)
2026-03-23T13:43:41.499Z|0xb590|Unloading 4191 unused Assets / (3.7 MB). Loaded Objects now: 4995.
Memory consumption went from 131.0 MB to 127.3 MB.
2026-03-23T13:43:41.500Z|0xb590|Total: 20.085400 ms (FindLiveObjects: 1.177900 ms CreateObjectMapping: 1.671900 ms MarkObjects: 11.804700 ms  DeleteObjects: 5.428000 ms)

2026-03-23T13:43:41.500Z|0xb590|Prepare: number of updated asset objects reloaded= 0
2026-03-23T13:44:26.421Z|0x1a03c|Editor requested this worker to shutdown with reason: Scaling down because of idle timeout
2026-03-23T13:44:26.579Z|0xb590|AssetImportWorker is now disconnected from the server
2026-03-23T13:44:26.579Z|0xb590|Process exiting
2026-03-23T13:44:26.579Z|0xb590|Exiting without the bug reporter. Application will terminate with return code 0