
=== Sun Nov 29 21:43:22 2020

Packages were changed.
Update Mode: mergeDefaultDependencies

The following packages were added:
  com.unity.collab-proxy@1.2.16
  com.unity.ide.rider@1.1.4
  com.unity.ide.vscode@1.2.1
  com.unity.modules.ai@1.0.0
  com.unity.modules.androidjni@1.0.0
  com.unity.modules.animation@1.0.0
  com.unity.modules.assetbundle@1.0.0
  com.unity.modules.audio@1.0.0
  com.unity.modules.cloth@1.0.0
  com.unity.modules.director@1.0.0
  com.unity.modules.imageconversion@1.0.0
  com.unity.modules.imgui@1.0.0
  com.unity.modules.jsonserialize@1.0.0
  com.unity.modules.particlesystem@1.0.0
  com.unity.modules.physics@1.0.0
  com.unity.modules.physics2d@1.0.0
  com.unity.modules.screencapture@1.0.0
  com.unity.modules.terrain@1.0.0
  com.unity.modules.terrainphysics@1.0.0
  com.unity.modules.tilemap@1.0.0
  com.unity.modules.ui@1.0.0
  com.unity.modules.uielements@1.0.0
  com.unity.modules.umbra@1.0.0
  com.unity.modules.unityanalytics@1.0.0
  com.unity.modules.unitywebrequest@1.0.0
  com.unity.modules.unitywebrequestassetbundle@1.0.0
  com.unity.modules.unitywebrequestaudio@1.0.0
  com.unity.modules.unitywebrequesttexture@1.0.0
  com.unity.modules.unitywebrequestwww@1.0.0
  com.unity.modules.vehicles@1.0.0
  com.unity.modules.video@1.0.0
  com.unity.modules.vr@1.0.0
  com.unity.modules.wind@1.0.0
  com.unity.modules.xr@1.0.0
  com.unity.test-framework@1.1.16
  com.unity.textmeshpro@2.1.1
  com.unity.timeline@1.2.17
  com.unity.ugui@1.0.0

=== Mon Mar  8 17:08:03 2021

Packages were changed.
Update Mode: updateDependencies

The following packages were updated:
  com.unity.ide.vscode from version 1.2.1 to 1.2.3
  com.unity.test-framework from version 1.1.16 to 1.1.22
  com.unity.timeline from version 1.2.17 to 1.2.18

=== Mon Mar 23 19:08:23 2026

Packages were changed.
Update Mode: updateDependencies

The following packages were added:
  com.unity.ide.visualstudio@2.0.26
  com.unity.modules.adaptiveperformance@1.0.0
  com.unity.modules.vectorgraphics@1.0.0
  com.unity.ai.navigation@2.0.10
  com.unity.modules.accessibility@1.0.0
  com.unity.multiplayer.center@1.0.1
The following packages were updated:
  com.unity.collab-proxy from version 1.2.16 to 2.11.3
  com.unity.ide.rider from version 1.1.4 to 3.0.39
  com.unity.render-pipelines.universal from version 7.3.1 to 17.3.0
  com.unity.test-framework from version 1.1.22 to 1.6.0
  com.unity.timeline from version 1.2.18 to 1.8.10
  com.unity.ugui from version 1.0.0 to 2.0.0
The following packages were removed:
  com.unity.textmeshpro@2.1.1

=== Wed Mar 25 12:47:40 2026

Packages were changed.
Update Mode: updateDependencies

The following packages were updated:
  com.unity.burst from version 1.2.3 to 1.8.27
  com.unity.cinemachine from version 2.4.0 to 2.10.5
  com.unity.collab-proxy from version 1.2.16 to 2.11.3
  com.unity.collections from version 0.1.1-preview to 2.6.2
  com.unity.mathematics from version 1.1.0 to 1.3.3
The following packages were removed:
  com.unity.package-manager-ui@2.1.2

=== Wed Mar 25 12:47:40 2026

Packages were changed.
Update Mode: mergeDefaultDependencies

The following packages were added:
  com.unity.burst@1.8.27
  com.unity.collections@2.6.2
  com.unity.jobs@0.1.1-preview
  com.unity.mathematics@1.3.3
  com.unity.playablegraph-visualizer@0.2.1-preview.3

=== Thu Mar 26 12:22:29 2026

Packages were changed.
Update Mode: updateDependencies

The following packages were updated:
  com.unity.cinemachine from version 2.9.7 to 2.10.5
